Archive member included to satisfy reference by file (symbol)

C:/ST/STM32CubeIDE_2.1.1/STM32CubeIDE/plugins/com.st.stm32cube.ide.mcu.externaltools.gnu-tools-for-stm32.14.3.rel1.win32_1.0.100.202602081740/tools/bin/../lib/gcc/arm-none-eabi/14.3.1/../../../../arm-none-eabi/lib/thumb/v8-m.main+fp/hard\libc_nano.a(libc_a-exit.o)
                              C:/ST/STM32CubeIDE_2.1.1/STM32CubeIDE/plugins/com.st.stm32cube.ide.mcu.externaltools.gnu-tools-for-stm32.14.3.rel1.win32_1.0.100.202602081740/tools/bin/../lib/gcc/arm-none-eabi/14.3.1/../../../../arm-none-eabi/lib/thumb/v8-m.main+fp/hard/crt0.o (exit)
C:/ST/STM32CubeIDE_2.1.1/STM32CubeIDE/plugins/com.st.stm32cube.ide.mcu.externaltools.gnu-tools-for-stm32.14.3.rel1.win32_1.0.100.202602081740/tools/bin/../lib/gcc/arm-none-eabi/14.3.1/../../../../arm-none-eabi/lib/thumb/v8-m.main+fp/hard\libc_nano.a(libc_a-findfp.o)
                              C:/ST/STM32CubeIDE_2.1.1/STM32CubeIDE/plugins/com.st.stm32cube.ide.mcu.externaltools.gnu-tools-for-stm32.14.3.rel1.win32_1.0.100.202602081740/tools/bin/../lib/gcc/arm-none-eabi/14.3.1/../../../../arm-none-eabi/lib/thumb/v8-m.main+fp/hard\libc_nano.a(libc_a-exit.o) (__stdio_exit_handler)
C:/ST/STM32CubeIDE_2.1.1/STM32CubeIDE/plugins/com.st.stm32cube.ide.mcu.externaltools.gnu-tools-for-stm32.14.3.rel1.win32_1.0.100.202602081740/tools/bin/../lib/gcc/arm-none-eabi/14.3.1/../../../../arm-none-eabi/lib/thumb/v8-m.main+fp/hard\libc_nano.a(libc_a-fwalk.o)
                              C:/ST/STM32CubeIDE_2.1.1/STM32CubeIDE/plugins/com.st.stm32cube.ide.mcu.externaltools.gnu-tools-for-stm32.14.3.rel1.win32_1.0.100.202602081740/tools/bin/../lib/gcc/arm-none-eabi/14.3.1/../../../../arm-none-eabi/lib/thumb/v8-m.main+fp/hard\libc_nano.a(libc_a-findfp.o) (_fwalk_sglue)
C:/ST/STM32CubeIDE_2.1.1/STM32CubeIDE/plugins/com.st.stm32cube.ide.mcu.externaltools.gnu-tools-for-stm32.14.3.rel1.win32_1.0.100.202602081740/tools/bin/../lib/gcc/arm-none-eabi/14.3.1/../../../../arm-none-eabi/lib/thumb/v8-m.main+fp/hard\libc_nano.a(libc_a-stdio.o)
                              C:/ST/STM32CubeIDE_2.1.1/STM32CubeIDE/plugins/com.st.stm32cube.ide.mcu.externaltools.gnu-tools-for-stm32.14.3.rel1.win32_1.0.100.202602081740/tools/bin/../lib/gcc/arm-none-eabi/14.3.1/../../../../arm-none-eabi/lib/thumb/v8-m.main+fp/hard\libc_nano.a(libc_a-findfp.o) (__sread)
C:/ST/STM32CubeIDE_2.1.1/STM32CubeIDE/plugins/com.st.stm32cube.ide.mcu.externaltools.gnu-tools-for-stm32.14.3.rel1.win32_1.0.100.202602081740/tools/bin/../lib/gcc/arm-none-eabi/14.3.1/../../../../arm-none-eabi/lib/thumb/v8-m.main+fp/hard\libc_nano.a(libc_a-memset.o)
                              C:/ST/STM32CubeIDE_2.1.1/STM32CubeIDE/plugins/com.st.stm32cube.ide.mcu.externaltools.gnu-tools-for-stm32.14.3.rel1.win32_1.0.100.202602081740/tools/bin/../lib/gcc/arm-none-eabi/14.3.1/../../../../arm-none-eabi/lib/thumb/v8-m.main+fp/hard/crt0.o (memset)
C:/ST/STM32CubeIDE_2.1.1/STM32CubeIDE/plugins/com.st.stm32cube.ide.mcu.externaltools.gnu-tools-for-stm32.14.3.rel1.win32_1.0.100.202602081740/tools/bin/../lib/gcc/arm-none-eabi/14.3.1/../../../../arm-none-eabi/lib/thumb/v8-m.main+fp/hard\libc_nano.a(libc_a-closer.o)
                              C:/ST/STM32CubeIDE_2.1.1/STM32CubeIDE/plugins/com.st.stm32cube.ide.mcu.externaltools.gnu-tools-for-stm32.14.3.rel1.win32_1.0.100.202602081740/tools/bin/../lib/gcc/arm-none-eabi/14.3.1/../../../../arm-none-eabi/lib/thumb/v8-m.main+fp/hard\libc_nano.a(libc_a-stdio.o) (_close_r)
C:/ST/STM32CubeIDE_2.1.1/STM32CubeIDE/plugins/com.st.stm32cube.ide.mcu.externaltools.gnu-tools-for-stm32.14.3.rel1.win32_1.0.100.202602081740/tools/bin/../lib/gcc/arm-none-eabi/14.3.1/../../../../arm-none-eabi/lib/thumb/v8-m.main+fp/hard\libc_nano.a(libc_a-reent.o)
                              C:/ST/STM32CubeIDE_2.1.1/STM32CubeIDE/plugins/com.st.stm32cube.ide.mcu.externaltools.gnu-tools-for-stm32.14.3.rel1.win32_1.0.100.202602081740/tools/bin/../lib/gcc/arm-none-eabi/14.3.1/../../../../arm-none-eabi/lib/thumb/v8-m.main+fp/hard\libc_nano.a(libc_a-closer.o) (errno)
C:/ST/STM32CubeIDE_2.1.1/STM32CubeIDE/plugins/com.st.stm32cube.ide.mcu.externaltools.gnu-tools-for-stm32.14.3.rel1.win32_1.0.100.202602081740/tools/bin/../lib/gcc/arm-none-eabi/14.3.1/../../../../arm-none-eabi/lib/thumb/v8-m.main+fp/hard\libc_nano.a(libc_a-impure.o)
                              C:/ST/STM32CubeIDE_2.1.1/STM32CubeIDE/plugins/com.st.stm32cube.ide.mcu.externaltools.gnu-tools-for-stm32.14.3.rel1.win32_1.0.100.202602081740/tools/bin/../lib/gcc/arm-none-eabi/14.3.1/../../../../arm-none-eabi/lib/thumb/v8-m.main+fp/hard\libc_nano.a(libc_a-reent.o) (_impure_ptr)
C:/ST/STM32CubeIDE_2.1.1/STM32CubeIDE/plugins/com.st.stm32cube.ide.mcu.externaltools.gnu-tools-for-stm32.14.3.rel1.win32_1.0.100.202602081740/tools/bin/../lib/gcc/arm-none-eabi/14.3.1/../../../../arm-none-eabi/lib/thumb/v8-m.main+fp/hard\libc_nano.a(libc_a-lseekr.o)
[...]
Memory Configuration

Name             Origin             Length             Attributes
ROM              0x08000000         0x00080000         xr
RAM              0x20000000         0x00020000         xrw
*default*        0x00000000         0xffffffff

Linker script and memory map

LOAD C:/ST/STM32CubeIDE_2.1.1/STM32CubeIDE/plugins/com.st.stm32cube.ide.mcu.externaltools.gnu-tools-for-stm32.14.3.rel1.win32_1.0.100.202602081740/tools/bin/../lib/gcc/arm-none-eabi/14.3.1/thumb/v8-m.main+fp/hard/crti.o
LOAD C:/ST/STM32CubeIDE_2.1.1/STM32CubeIDE/plugins/com.st.stm32cube.ide.mcu.externaltools.gnu-tools-for-stm32.14.3.rel1.win32_1.0.100.202602081740/tools/bin/../lib/gcc/arm-none-eabi/14.3.1/thumb/v8-m.main+fp/hard/crtbegin.o
LOAD C:/ST/STM32CubeIDE_2.1.1/STM32CubeIDE/plugins/com.st.stm32cube.ide.mcu.externaltools.gnu-tools-for-stm32.14.3.rel1.win32_1.0.100.202602081740/tools/bin/../lib/gcc/arm-none-eabi/14.3.1/../../../../arm-none-eabi/lib/thumb/v8-m.main+fp/hard/crt0.o
START GROUP
LOAD C:/ST/STM32CubeIDE_2.1.1/STM32CubeIDE/plugins/com.st.stm32cube.ide.mcu.externaltools.gnu-tools-for-stm32.14.3.rel1.win32_1.0.100.202602081740/tools/bin/../lib/gcc/arm-none-eabi/14.3.1/../../../../arm-none-eabi/lib/thumb/v8-m.main+fp/hard\libc_nano.a
LOAD C:/ST/STM32CubeIDE_2.1.1/STM32CubeIDE/plugins/com.st.stm32cube.ide.mcu.externaltools.gnu-tools-for-stm32.14.3.rel1.win32_1.0.100.202602081740/tools/bin/../lib/gcc/arm-none-eabi/14.3.1/../../../../arm-none-eabi/lib/thumb/v8-m.main+fp/hard\libm.a
END GROUP
LOAD CMakeFiles/STM32C552_Project3.dir/main.c.obj
LOAD CMakeFiles/STM32C552_Project3.dir/generated/hal/mx_cortex_debug.c.obj
LOAD CMakeFiles/STM32C552_Project3.dir/generated/hal/mx_cortex_mpu.c.obj
LOAD CMakeFiles/STM32C552_Project3.dir/generated/hal/mx_cortex_nvic.c.obj
LOAD CMakeFiles/STM32C552_Project3.dir/generated/hal/mx_icache.c.obj
LOAD CMakeFiles/STM32C552_Project3.dir/generated/hal/mx_rcc.c.obj
LOAD CMakeFiles/STM32C552_Project3.dir/generated/hal/mx_system.c.obj
LOAD CMakeFiles/STM32C552_Project3.dir/generated/hal/mx_usart1.c.obj
LOAD CMakeFiles/STM32C552_Project3.dir/user_modifiable/Device/STM32C552CET6/system_stm32c5xx.c.obj
LOAD CMakeFiles/STM32C552_Project3.dir/user_modifiable/Device/STM32C552CET6/startup_stm32c552xx.c.obj
LOAD CMakeFiles/STM32C552_Project3.dir/stm32c5xx_drivers/hal/stm32c5xx_hal.c.obj
LOAD CMakeFiles/STM32C552_Project3.dir/stm32c5xx_drivers/hal/stm32c5xx_hal_cortex.c.obj
LOAD CMakeFiles/STM32C552_Project3.dir/stm32c5xx_drivers/hal/stm32c5xx_hal_dma.c.obj
LOAD CMakeFiles/STM32C552_Project3.dir/stm32c5xx_drivers/hal/stm32c5xx_hal_flash.c.obj
LOAD CMakeFiles/STM32C552_Project3.dir/stm32c5xx_drivers/hal/stm32c5xx_hal_flash_itf.c.obj
LOAD CMakeFiles/STM32C552_Project3.dir/stm32c5xx_drivers/hal/stm32c5xx_hal_gpio.c.obj
LOAD CMakeFiles/STM32C552_Project3.dir/stm32c5xx_drivers/hal/stm32c5xx_hal_icache.c.obj
LOAD CMakeFiles/STM32C552_Project3.dir/stm32c5xx_drivers/hal/stm32c5xx_hal_pwr.c.obj
LOAD CMakeFiles/STM32C552_Project3.dir/stm32c5xx_drivers/hal/stm32c5xx_hal_q.c.obj
LOAD CMakeFiles/STM32C552_Project3.dir/stm32c5xx_drivers/hal/stm32c5xx_hal_rcc.c.obj
LOAD CMakeFiles/STM32C552_Project3.dir/stm32c5xx_drivers/hal/stm32c5xx_hal_uart.c.obj
LOAD CMakeFiles/STM32C552_Project3.dir/utilities/syscalls/syscalls.c.obj
LOAD CMakeFiles/STM32C552_Project3.dir/utilities/syscalls/sysmem.c.obj
START GROUP
LOAD C:/ST/STM32CubeIDE_2.1.1/STM32CubeIDE/plugins/com.st.stm32cube.ide.mcu.externaltools.gnu-tools-for-stm32.14.3.rel1.win32_1.0.100.202602081740/tools/bin/../lib/gcc/arm-none-eabi/14.3.1/thumb/v8-m.main+fp/hard\libgcc.a
LOAD C:/ST/STM32CubeIDE_2.1.1/STM32CubeIDE/plugins/com.st.stm32cube.ide.mcu.externaltools.gnu-tools-for-stm32.14.3.rel1.win32_1.0.100.202602081740/tools/bin/../lib/gcc/arm-none-eabi/14.3.1/../../../../arm-none-eabi/lib/thumb/v8-m.main+fp/hard\libc_nano.a
END GROUP
START GROUP
LOAD C:/ST/STM32CubeIDE_2.1.1/STM32CubeIDE/plugins/com.st.stm32cube.ide.mcu.externaltools.gnu-tools-for-stm32.14.3.rel1.win32_1.0.100.202602081740/tools/bin/../lib/gcc/arm-none-eabi/14.3.1/thumb/v8-m.main+fp/hard\libgcc.a
LOAD C:/ST/STM32CubeIDE_2.1.1/STM32CubeIDE/plugins/com.st.stm32cube.ide.mcu.externaltools.gnu-tools-for-stm32.14.3.rel1.win32_1.0.100.202602081740/tools/bin/../lib/gcc/arm-none-eabi/14.3.1/../../../../arm-none-eabi/lib/thumb/v8-m.main+fp/hard\libc_nano.a
LOAD C:/ST/STM32CubeIDE_2.1.1/STM32CubeIDE/plugins/com.st.stm32cube.ide.mcu.externaltools.gnu-tools-for-stm32.14.3.rel1.win32_1.0.100.202602081740/tools/bin/../lib/gcc/arm-none-eabi/14.3.1/../../../../arm-none-eabi/lib/thumb/v8-m.main+fp/hard\libnosys.a
END GROUP
START GROUP
LOAD C:/ST/STM32CubeIDE_2.1.1/STM32CubeIDE/plugins/com.st.stm32cube.ide.mcu.externaltools.gnu-tools-for-stm32.14.3.rel1.win32_1.0.100.202602081740/tools/bin/../lib/gcc/arm-none-eabi/14.3.1/thumb/v8-m.main+fp/hard\libgcc.a
LOAD C:/ST/STM32CubeIDE_2.1.1/STM32CubeIDE/plugins/com.st.stm32cube.ide.mcu.externaltools.gnu-tools-for-stm32.14.3.rel1.win32_1.0.100.202602081740/tools/bin/../lib/gcc/arm-none-eabi/14.3.1/../../../../arm-none-eabi/lib/thumb/v8-m.main+fp/hard\libc_nano.a
LOAD C:/ST/STM32CubeIDE_2.1.1/STM32CubeIDE/plugins/com.st.stm32cube.ide.mcu.externaltools.gnu-tools-for-stm32.14.3.rel1.win32_1.0.100.202602081740/tools/bin/../lib/gcc/arm-none-eabi/14.3.1/../../../../arm-none-eabi/lib/thumb/v8-m.main+fp/hard\libnosys.a
END GROUP
LOAD C:/ST/STM32CubeIDE_2.1.1/STM32CubeIDE/plugins/com.st.stm32cube.ide.mcu.externaltools.gnu-tools-for-stm32.14.3.rel1.win32_1.0.100.202602081740/tools/bin/../lib/gcc/arm-none-eabi/14.3.1/thumb/v8-m.main+fp/hard/crtend.o
LOAD C:/ST/STM32CubeIDE_2.1.1/STM32CubeIDE/plugins/com.st.stm32cube.ide.mcu.externaltools.gnu-tools-for-stm32.14.3.rel1.win32_1.0.100.202602081740/tools/bin/../lib/gcc/arm-none-eabi/14.3.1/thumb/v8-m.main+fp/hard/crtn.o
                0x00000200                        HEAP_SIZE = 0x200
                0x00000400                        STACK_SIZE = 0x400

.vectors        0x08000000      0x188
                0x08000000                        . = ALIGN (0x8)
 *(.vectors)
 .vectors       0x08000000      0x188 CMakeFiles/STM32C552_Project3.dir/user_modifiable/Device/STM32C552CET6/startup_stm32c552xx.c.obj
                0x08000000                __Vectors
                0x08000188                        . = ALIGN (0x8)

.text           0x08000188     0x3a68
                0x08000188                        . = ALIGN (0x8)
 *(.text)
 .text          0x08000188       0x40 C:/ST/STM32CubeIDE_2.1.1/STM32CubeIDE/plugins/com.st.stm32cube.ide.mcu.externaltools.gnu-tools-for-stm32.14.3.rel1.win32_1.0.100.202602081740/tools/bin/../lib/gcc/arm-none-eabi/14.3.1/thumb/v8-m.main+fp/hard/crtbegin.o
 .text          0x080001c8       0x7c C:/ST/STM32CubeIDE_2.1.1/STM32CubeIDE/plugins/com.st.stm32cube.ide.mcu.externaltools.gnu-tools-for-stm32.14.3.rel1.win32_1.0.100.202602081740/tools/bin/../lib/gcc/arm-none-eabi/14.3.1/../../../../arm-none-eabi/lib/thumb/v8-m.main+fp/hard/crt0.o
                0x080001c8                _stack_init
                0x080001d0                _start
                0x080001d0                _mainCRTStartup
 .text          0x08000244       0x30 C:/ST/STM32CubeIDE_2.1.1/STM32CubeIDE/plugins/com.st.stm32cube.ide.mcu.externaltools.gnu-tools-for-stm32.14.3.rel1.win32_1.0.100.202602081740/tools/bin/../lib/gcc/arm-none-eabi/14.3.1/thumb/v8-m.main+fp/hard\libgcc.a(_aeabi_uldivmod.o)
                0x08000244                __aeabi_uldivmod
 .text          0x08000274      0x34c C:/ST/STM32CubeIDE_2.1.1/STM32CubeIDE/plugins/com.st.stm32cube.ide.mcu.externaltools.gnu-tools-for-stm32.14.3.rel1.win32_1.0.100.202602081740/tools/bin/../lib/gcc/arm-none-eabi/14.3.1/thumb/v8-m.main+fp/hard\libgcc.a(_udivmoddi4.o)
                0x08000274                __udivmoddi4
 .text          0x080005c0        0x4 C:/ST/STM32CubeIDE_2.1.1/STM32CubeIDE/plugins/com.st.stm32cube.ide.mcu.externaltools.gnu-tools-for-stm32.14.3.rel1.win32_1.0.100.202602081740/tools/bin/../lib/gcc/arm-none-eabi/14.3.1/thumb/v8-m.main+fp/hard\libgcc.a(_dvmd_tls.o)
                0x080005c0                __aeabi_idiv0
                0x080005c0                __aeabi_ldiv0
 .text          0x080005c4       0x10 C:/ST/STM32CubeIDE_2.1.1/STM32CubeIDE/plugins/com.st.stm32cube.ide.mcu.externaltools.gnu-tools-for-stm32.14.3.rel1.win32_1.0.100.202602081740/tools/bin/../lib/gcc/arm-none-eabi/14.3.1/../../../../arm-none-eabi/lib/thumb/v8-m.main+fp/hard\libc_nano.a(libc_a-strlen.o)
                0x080005c4                strlen
 *(.text*)
 .text.exit     0x080005d4       0x24 C:/ST/STM32CubeIDE_2.1.1/STM32CubeIDE/plugins/com.st.stm32cube.ide.mcu.externaltools.gnu-tools-for-stm32.14.3.rel1.win32_1.0.100.202602081740/tools/bin/../lib/gcc/arm-none-eabi/14.3.1/../../../../arm-none-eabi/lib/thumb/v8-m.main+fp/hard\libc_nano.a(libc_a-exit.o)
                0x080005d4                exit
 .text.std      0x080005f8       0x6c C:/ST/STM32CubeIDE_2.1.1/STM32CubeIDE/plugins/com.st.stm32cube.ide.mcu.externaltools.gnu-tools-for-stm32.14.3.rel1.win32_1.0.100.202602081740/tools/bin/../lib/gcc/arm-none-eabi/14.3.1/../../../../arm-none-eabi/lib/thumb/v8-m.main+fp/hard\libc_nano.a(libc_a-findfp.o)
 .text.stdio_exit_handler
                0x08000664       0x18 C:/ST/STM32CubeIDE_2.1.1/STM32CubeIDE/plugins/com.st.stm32cube.ide.mcu.externaltools.gnu-tools-for-stm32.14.3.rel1.win32_1.0.100.202602081740/tools/bin/../lib/gcc/arm-none-eabi/14.3.1/../../../../arm-none-eabi/lib/thumb/v8-m.main+fp/hard\libc_nano.a(libc_a-findfp.o)
 .text.cleanup_stdio
                0x0800067c       0x40 C:/ST/STM32CubeIDE_2.1.1/STM32CubeIDE/plugins/com.st.stm32cube.ide.mcu.externaltools.gnu-tools-for-stm32.14.3.rel1.win32_1.0.100.202602081740/tools/bin/../lib/gcc/arm-none-eabi/14.3.1/../../../../arm-none-eabi/lib/thumb/v8-m.main+fp/hard\libc_nano.a(libc_a-findfp.o)
 .text.global_stdio_init.part.0
                0x080006bc       0x40 C:/ST/STM32CubeIDE_2.1.1/STM32CubeIDE/plugins/com.st.stm32cube.ide.mcu.externaltools.gnu-tools-for-stm32.14.3.rel1.win32_1.0.100.202602081740/tools/bin/../lib/gcc/arm-none-eabi/14.3.1/../../../../arm-none-eabi/lib/thumb/v8-m.main+fp/hard\libc_nano.a(libc_a-findfp.o)
 .text.__sfp_lock_acquire
                0x080006fc        0xc C:/ST/STM32CubeIDE_2.1.1/STM32CubeIDE/plugins/com.st.stm32cube.ide.mcu.externaltools.gnu-tools-for-stm32.14.3.rel1.win32_1.0.100.202602081740/tools/bin/../lib/gcc/arm-none-eabi/14.3.1/../../../../arm-none-eabi/lib/thumb/v8-m.main+fp/hard\libc_nano.a(libc_a-findfp.o)
                0x080006fc                __sfp_lock_acquire
 .text.__sfp_lock_release
                0x08000708        0xc C:/ST/STM32CubeIDE_2.1.1/STM32CubeIDE/plugins/com.st.stm32cube.ide.mcu.externaltools.gnu-tools-for-stm32.14.3.rel1.win32_1.0.100.202602081740/tools/bin/../lib/gcc/arm-none-eabi/14.3.1/../../../../arm-none-eabi/lib/thumb/v8-m.main+fp/hard\libc_nano.a(libc_a-findfp.o)
                0x08000708                __sfp_lock_release
 .text.__sinit  0x08000714       0x30 C:/ST/STM32CubeIDE_2.1.1/STM32CubeIDE/plugins/com.st.stm32cube.ide.mcu.externaltools.gnu-tools-for-stm32.14.3.rel1.win32_1.0.100.202602081740/tools/bin/../lib/gcc/arm-none-eabi/14.3.1/../../../../arm-none-eabi/lib/thumb/v8-m.main+fp/hard\libc_nano.a(libc_a-findfp.o)
                0x08000714                __sinit
 .text._fwalk_sglue
                0x08000744       0x3c C:/ST/STM32CubeIDE_2.1.1/STM32CubeIDE/plugins/com.st.stm32cube.ide.mcu.externaltools.gnu-tools-for-stm32.14.3.rel1.win32_1.0.100.202602081740/tools/bin/../lib/gcc/arm-none-eabi/14.3.1/../../../../arm-none-eabi/lib/thumb/v8-m.main+fp/hard\libc_nano.a(libc_a-fwalk.o)
                0x08000744                _fwalk_sglue
 .text.__sread  0x08000780       0x22 C:/ST/STM32CubeIDE_2.1.1/STM32CubeIDE/plugins/com.st.stm32cube.ide.mcu.externaltools.gnu-tools-for-stm32.14.3.rel1.win32_1.0.100.202602081740/tools/bin/../lib/gcc/arm-none-eabi/14.3.1/../../../../arm-none-eabi/lib/thumb/v8-m.main+fp/hard\libc_nano.a(libc_a-stdio.o)
                0x08000780                __sread
 .text.__swrite
                0x080007a2       0x38 C:/ST/STM32CubeIDE_2.1.1/STM32CubeIDE/plugins/com.st.stm32cube.ide.mcu.externaltools.gnu-tools-for-stm32.14.3.rel1.win32_1.0.100.202602081740/tools/bin/../lib/gcc/arm-none-eabi/14.3.1/../../../../arm-none-eabi/lib/thumb/v8-m.main+fp/hard\libc_nano.a(libc_a-stdio.o)
                0x080007a2                __swrite
 .text.__sseek  0x080007da       0x26 C:/ST/STM32CubeIDE_2.1.1/STM32CubeIDE/plugins/com.st.stm32cube.ide.mcu.externaltools.gnu-tools-for-stm32.14.3.rel1.win32_1.0.100.202602081740/tools/bin/../lib/gcc/arm-none-eabi/14.3.1/../../../../arm-none-eabi/lib/thumb/v8-m.main+fp/hard\libc_nano.a(libc_a-stdio.o)
                0x080007da                __sseek
 .text.__sclose
                0x08000800        0x8 C:/ST/STM32CubeIDE_2.1.1/STM32CubeIDE/plugins/com.st.stm32cube.ide.mcu.externaltools.gnu-tools-for-stm32.14.3.rel1.win32_1.0.100.202602081740/tools/bin/../lib/gcc/arm-none-eabi/14.3.1/../../../../arm-none-eabi/lib/thumb/v8-m.main+fp/hard\libc_nano.a(libc_a-stdio.o)
                0x08000800                __sclose
 .text.memset   0x08000808       0x10 C:/ST/STM32CubeIDE_2.1.1/STM32CubeIDE/plugins/com.st.stm32cube.ide.mcu.externaltools.gnu-tools-for-stm32.14.3.rel1.win32_1.0.100.202602081740/tools/bin/../lib/gcc/arm-none-eabi/14.3.1/../../../../arm-none-eabi/lib/thumb/v8-m.main+fp/hard\libc_nano.a(libc_a-memset.o)
                0x08000808                memset
 .text._close_r
                0x08000818       0x20 C:/ST/STM32CubeIDE_2.1.1/STM32CubeIDE/plugins/com.st.stm32cube.ide.mcu.externaltools.gnu-tools-for-stm32.14.3.rel1.win32_1.0.100.202602081740/tools/bin/../lib/gcc/arm-none-eabi/14.3.1/../../../../arm-none-eabi/lib/thumb/v8-m.main+fp/hard\libc_nano.a(libc_a-closer.o)
                0x08000818                _close_r
 .text._lseek_r
                0x08000838       0x24 C:/ST/STM32CubeIDE_2.1.1/STM32CubeIDE/plugins/com.st.stm32cube.ide.mcu.externaltools.gnu-tools-for-stm32.14.3.rel1.win32_1.0.100.202602081740/tools/bin/../lib/gcc/arm-none-eabi/14.3.1/../../../../arm-none-eabi/lib/thumb/v8-m.main+fp/hard\libc_nano.a(libc_a-lseekr.o)
                0x08000838                _lseek_r
 .text._read_r  0x0800085c       0x24 C:/ST/STM32CubeIDE_2.1.1/STM32CubeIDE/plugins/com.st.stm32cube.ide.mcu.externaltools.gnu-tools-for-stm32.14.3.rel1.win32_1.0.100.202602081740/tools/bin/../lib/gcc/arm-none-eabi/14.3.1/../../../../arm-none-eabi/lib/thumb/v8-m.main+fp/hard\libc_nano.a(libc_a-readr.o)
                0x0800085c                _read_r
 .text._write_r
                0x08000880       0x24 C:/ST/STM32CubeIDE_2.1.1/STM32CubeIDE/plugins/com.st.stm32cube.ide.mcu.externaltools.gnu-tools-for-stm32.14.3.rel1.win32_1.0.100.202602081740/tools/bin/../lib/gcc/arm-none-eabi/14.3.1/../../../../arm-none-eabi/lib/thumb/v8-m.main+fp/hard\libc_nano.a(libc_a-writer.o)
                0x08000880                _write_r
 .text.__libc_init_array
                0x080008a4       0x48 C:/ST/STM32CubeIDE_2.1.1/STM32CubeIDE/plugins/com.st.stm32cube.ide.mcu.externaltools.gnu-tools-for-stm32.14.3.rel1.win32_1.0.100.202602081740/tools/bin/../lib/gcc/arm-none-eabi/14.3.1/../../../../arm-none-eabi/lib/thumb/v8-m.main+fp/hard\libc_nano.a(libc_a-init.o)
                0x080008a4                __libc_init_array
 .text.__retarget_lock_init_recursive
                0x080008ec        0x2 C:/ST/STM32CubeIDE_2.1.1/STM32CubeIDE/plugins/com.st.stm32cube.ide.mcu.externaltools.gnu-tools-for-stm32.14.3.rel1.win32_1.0.100.202602081740/tools/bin/../lib/gcc/arm-none-eabi/14.3.1/../../../../arm-none-eabi/lib/thumb/v8-m.main+fp/hard\libc_nano.a(libc_a-lock.o)
                0x080008ec                __retarget_lock_init_recursive
 .text.__retarget_lock_acquire_recursive
                0x080008ee        0x2 C:/ST/STM32CubeIDE_2.1.1/STM32CubeIDE/plugins/com.st.stm32cube.ide.mcu.externaltools.gnu-tools-for-stm32.14.3.rel1.win32_1.0.100.202602081740/tools/bin/../lib/gcc/arm-none-eabi/14.3.1/../../../../arm-none-eabi/lib/thumb/v8-m.main+fp/hard\libc_nano.a(libc_a-lock.o)
                0x080008ee                __retarget_lock_acquire_recursive
 .text.__retarget_lock_release_recursive
                0x080008f0        0x2 C:/ST/STM32CubeIDE_2.1.1/STM32CubeIDE/plugins/com.st.stm32cube.ide.mcu.externaltools.gnu-tools-for-stm32.14.3.rel1.win32_1.0.100.202602081740/tools/bin/../lib/gcc/arm-none-eabi/14.3.1/../../../../arm-none-eabi/lib/thumb/v8-m.main+fp/hard\libc_nano.a(libc_a-lock.o)
                0x080008f0                __retarget_lock_release_recursive
 *fill*         0x080008f2        0x2 
 .text._free_r  0x080008f4       0x94 C:/ST/STM32CubeIDE_2.1.1/STM32CubeIDE/plugins/com.st.stm32cube.ide.mcu.externaltools.gnu-tools-for-stm32.14.3.rel1.win32_1.0.100.202602081740/tools/bin/../lib/gcc/arm-none-eabi/14.3.1/../../../../arm-none-eabi/lib/thumb/v8-m.main+fp/hard\libc_nano.a(libc_a-freer.o)
                0x080008f4                _free_r
 .text.sbrk_aligned
                0x08000988       0x44 C:/ST/STM32CubeIDE_2.1.1/STM32CubeIDE/plugins/com.st.stm32cube.ide.mcu.externaltools.gnu-tools-for-stm32.14.3.rel1.win32_1.0.100.202602081740/tools/bin/../lib/gcc/arm-none-eabi/14.3.1/../../../../arm-none-eabi/lib/thumb/v8-m.main+fp/hard\libc_nano.a(libc_a-mallocr.o)
 .text._malloc_r
                0x080009cc      0x100 C:/ST/STM32CubeIDE_2.1.1/STM32CubeIDE/plugins/com.st.stm32cube.ide.mcu.externaltools.gnu-tools-for-stm32.14.3.rel1.win32_1.0.100.202602081740/tools/bin/../lib/gcc/arm-none-eabi/14.3.1/../../../../arm-none-eabi/lib/thumb/v8-m.main+fp/hard\libc_nano.a(libc_a-mallocr.o)
                0x080009cc                _malloc_r
 .text.__malloc_lock
                0x08000acc        0xc C:/ST/STM32CubeIDE_2.1.1/STM32CubeIDE/plugins/com.st.stm32cube.ide.mcu.externaltools.gnu-tools-for-stm32.14.3.rel1.win32_1.0.100.202602081740/tools/bin/../lib/gcc/arm-none-eabi/14.3.1/../../../../arm-none-eabi/lib/thumb/v8-m.main+fp/hard\libc_nano.a(libc_a-mlock.o)
                0x08000acc                __malloc_lock
 .text.__malloc_unlock
                0x08000ad8        0xc C:/ST/STM32CubeIDE_2.1.1/STM32CubeIDE/plugins/com.st.stm32cube.ide.mcu.externaltools.gnu-tools-for-stm32.14.3.rel1.win32_1.0.100.202602081740/tools/bin/../lib/gcc/arm-none-eabi/14.3.1/../../../../arm-none-eabi/lib/thumb/v8-m.main+fp/hard\libc_nano.a(libc_a-mlock.o)
                0x08000ad8                __malloc_unlock
 .text.__sflush_r
                0x08000ae4      0x100 C:/ST/STM32CubeIDE_2.1.1/STM32CubeIDE/plugins/com.st.stm32cube.ide.mcu.externaltools.gnu-tools-for-stm32.14.3.rel1.win32_1.0.100.202602081740/tools/bin/../lib/gcc/arm-none-eabi/14.3.1/../../../../arm-none-eabi/lib/thumb/v8-m.main+fp/hard\libc_nano.a(libc_a-fflush.o)
                0x08000ae4                __sflush_r
 .text._fflush_r
                0x08000be4       0x50 C:/ST/STM32CubeIDE_2.1.1/STM32CubeIDE/plugins/com.st.stm32cube.ide.mcu.externaltools.gnu-tools-for-stm32.14.3.rel1.win32_1.0.100.202602081740/tools/bin/../lib/gcc/arm-none-eabi/14.3.1/../../../../arm-none-eabi/lib/thumb/v8-m.main+fp/hard\libc_nano.a(libc_a-fflush.o)
                0x08000be4                _fflush_r
 .text._sbrk_r  0x08000c34       0x20 C:/ST/STM32CubeIDE_2.1.1/STM32CubeIDE/plugins/com.st.stm32cube.ide.mcu.externaltools.gnu-tools-for-stm32.14.3.rel1.win32_1.0.100.202602081740/tools/bin/../lib/gcc/arm-none-eabi/14.3.1/../../../../arm-none-eabi/lib/thumb/v8-m.main+fp/hard\libc_nano.a(libc_a-sbrkr.o)
                0x08000c34                _sbrk_r
 .text._write   0x08000c54       0x30 CMakeFiles/STM32C552_Project3.dir/main.c.obj
                0x08000c54                _write
 .text.main     0x08000c84       0x6c CMakeFiles/STM32C552_Project3.dir/main.c.obj
                0x08000c84                main
 .text.LL_AHB2_GRP1_EnableClock
                0x08000cf0       0x60 CMakeFiles/STM32C552_Project3.dir/generated/hal/mx_cortex_debug.c.obj
 .text.HAL_RCC_GPIOA_EnableClock
                0x08000d50        0xe CMakeFiles/STM32C552_Project3.dir/generated/hal/mx_cortex_debug.c.obj
 .text.HAL_RCC_GPIOB_EnableClock
                0x08000d5e        0xe CMakeFiles/STM32C552_Project3.dir/generated/hal/mx_cortex_debug.c.obj
 .text.mx_cortex_debug_init
                0x08000d6c       0x88 CMakeFiles/STM32C552_Project3.dir/generated/hal/mx_cortex_debug.c.obj
                0x08000d6c                mx_cortex_debug_init
 .text.mx_cortex_mpu_init
                0x08000df4       0x5c CMakeFiles/STM32C552_Project3.dir/generated/hal/mx_cortex_mpu.c.obj
                0x08000df4                mx_cortex_mpu_init
 .text.mx_cortex_nvic_init
                0x08000e50       0x3c CMakeFiles/STM32C552_Project3.dir/generated/hal/mx_cortex_nvic.c.obj
                0x08000e50                mx_cortex_nvic_init
 .text.mx_icache_init
                0x08000e8c       0x28 CMakeFiles/STM32C552_Project3.dir/generated/hal/mx_icache.c.obj
                0x08000e8c                mx_icache_init
 .text.mx_icache_gethandle
                0x08000eb4       0x14 CMakeFiles/STM32C552_Project3.dir/generated/hal/mx_icache.c.obj
                0x08000eb4                mx_icache_gethandle
 .text.mx_rcc_init
                0x08000ec8       0xc0 CMakeFiles/STM32C552_Project3.dir/generated/hal/mx_rcc.c.obj
                0x08000ec8                mx_rcc_init
 .text.mx_rcc_peripherals_clock_config
                0x08000f88       0x12 CMakeFiles/STM32C552_Project3.dir/generated/hal/mx_rcc.c.obj
                0x08000f88                mx_rcc_peripherals_clock_config
 .text.mx_system_init
                0x08000f9a       0xd8 CMakeFiles/STM32C552_Project3.dir/generated/hal/mx_system.c.obj
                0x08000f9a                mx_system_init
 .text.SysTick_Handler
                0x08001072       0x10 CMakeFiles/STM32C552_Project3.dir/generated/hal/mx_system.c.obj
                0x08001072                SysTick_Handler
 .text.pre_system_init_hook
                0x08001082       0x12 CMakeFiles/STM32C552_Project3.dir/generated/hal/mx_system.c.obj
                0x08001082                pre_system_init_hook
 .text.post_system_init_hook
                0x08001094       0x12 CMakeFiles/STM32C552_Project3.dir/generated/hal/mx_system.c.obj
                0x08001094                post_system_init_hook
 *fill*         0x080010a6        0x2 
 .text.LL_AHB2_GRP1_EnableClock
                0x080010a8       0x60 CMakeFiles/STM32C552_Project3.dir/generated/hal/mx_usart1.c.obj
 .text.LL_APB2_GRP1_EnableClock
                0x08001108       0x60 CMakeFiles/STM32C552_Project3.dir/generated/hal/mx_usart1.c.obj
 .text.HAL_RCC_GPIOA_EnableClock
                0x08001168        0xe CMakeFiles/STM32C552_Project3.dir/generated/hal/mx_usart1.c.obj
 .text.HAL_RCC_USART1_EnableClock
                0x08001176       0x10 CMakeFiles/STM32C552_Project3.dir/generated/hal/mx_usart1.c.obj
 *fill*         0x08001186        0x2 
 .text.mx_usart1_uart_init
                0x08001188       0xac CMakeFiles/STM32C552_Project3.dir/generated/hal/mx_usart1.c.obj
                0x08001188                mx_usart1_uart_init
 .text.mx_usart1_uart_gethandle
                0x08001234       0x14 CMakeFiles/STM32C552_Project3.dir/generated/hal/mx_usart1.c.obj
                0x08001234                mx_usart1_uart_gethandle
 .text.SCB_SetVTOR
                0x08001248       0x20 CMakeFiles/STM32C552_Project3.dir/user_modifiable/Device/STM32C552CET6/system_stm32c5xx.c.obj
 .text.SCB_EnableFPU
                0x08001268       0x24 CMakeFiles/STM32C552_Project3.dir/user_modifiable/Device/STM32C552CET6/system_stm32c5xx.c.obj
 .text.SystemInit
                0x0800128c       0x18 CMakeFiles/STM32C552_Project3.dir/user_modifiable/Device/STM32C552CET6/system_stm32c5xx.c.obj
                0x0800128c                SystemInit
 .text.Reset_Handler
                0x080012a4       0xc4 CMakeFiles/STM32C552_Project3.dir/user_modifiable/Device/STM32C552CET6/startup_stm32c552xx.c.obj
                0x080012a4                Reset_Handler
 .text.HardFault_Handler
                0x08001368        0x8 CMakeFiles/STM32C552_Project3.dir/user_modifiable/Device/STM32C552CET6/startup_stm32c552xx.c.obj
                0x08001368                HardFault_Handler
 .text.Default_IRQHandler
                0x08001370        0x8 CMakeFiles/STM32C552_Project3.dir/user_modifiable/Device/STM32C552CET6/startup_stm32c552xx.c.obj
                0x08001370                EXTI2_IRQHandler
                0x08001370                TIM8_CC_IRQHandler
                0x08001370                EXTI5_IRQHandler
                0x08001370                DebugMon_Handler
                0x08001370                TIM8_TRGI_COM_DIR_IDX_IRQHandler
                0x08001370                EXTI13_IRQHandler
                0x08001370                LPDMA2_CH1_IRQHandler
                0x08001370                I2C1_ERR_IRQHandler
                0x08001370                TIM1_CC_IRQHandler
                0x08001370                LPDMA1_CH6_IRQHandler
                0x08001370                TAMP_IRQHandler
                0x08001370                TIM6_IRQHandler
                0x08001370                EXTI12_IRQHandler
                0x08001370                CORDIC_IRQHandler
                0x08001370                PendSV_Handler
                0x08001370                USB_DRD_FS_IRQHandler
                0x08001370                NMI_Handler
                0x08001370                EXTI3_IRQHandler
                0x08001370                EXTI8_IRQHandler
                0x08001370                PWR_PVD_IRQHandler
                0x08001370                EXTI0_IRQHandler
                0x08001370                I2C2_EV_IRQHandler
                0x08001370                FPU_IRQHandler
                0x08001370                FDCAN1_IT1_IRQHandler
                0x08001370                RAMCFG_IRQHandler
                0x08001370                UsageFault_Handler
                0x08001370                TIM1_UPD_IRQHandler
                0x08001370                SPI1_IRQHandler
                0x08001370                ADC1_IRQHandler
                0x08001370                EXTI15_IRQHandler
                0x08001370                TIM17_IRQHandler
                0x08001370                USART3_IRQHandler
                0x08001370                RTC_IRQHandler
                0x08001370                EXTI9_IRQHandler
                0x08001370                UART5_IRQHandler
                0x08001370                LPDMA2_CH3_IRQHandler
                0x08001370                LPDMA1_CH1_IRQHandler
                0x08001370                I2C1_EV_IRQHandler
                0x08001370                TIM16_IRQHandler
                0x08001370                UART4_IRQHandler
                0x08001370                RCC_IRQHandler
                0x08001370                LPDMA1_CH5_IRQHandler
                0x08001370                LPDMA2_CH2_IRQHandler
                0x08001370                TIM12_IRQHandler
                0x08001370                TIM7_IRQHandler
                0x08001370                TIM5_IRQHandler
                0x08001370                I3C1_EV_IRQHandler
                0x08001370                TIM15_IRQHandler
                0x08001370                TIM8_BRK_TERR_IERR_IRQHandler
                0x08001370                TIM8_UPD_IRQHandler
                0x08001370                ADC2_IRQHandler
                0x08001370                SPI2_IRQHandler
                0x08001370                MemManage_Handler
                0x08001370                LPDMA1_CH3_IRQHandler
                0x08001370                EXTI14_IRQHandler
                0x08001370                EXTI11_IRQHandler
                0x08001370                SVC_Handler
                0x08001370                CRS_IRQHandler
                0x08001370                EXTI4_IRQHandler
                0x08001370                TIM1_BRK_TERR_IERR_IRQHandler
                0x08001370                RNG_IRQHandler
                0x08001370                TIM1_TRGI_COM_DIR_IDX_IRQHandler
                0x08001370                LPDMA2_CH0_IRQHandler
                0x08001370                I3C1_ERR_IRQHandler
                0x08001370                WWDG_IRQHandler
                0x08001370                Default_IRQHandler
                0x08001370                IWDG_IRQHandler
                0x08001370                LPUART1_IRQHandler
                0x08001370                FDCAN1_IT0_IRQHandler
                0x08001370                TIM2_IRQHandler
                0x08001370                LPDMA1_CH2_IRQHandler
                0x08001370                EXTI7_IRQHandler
                0x08001370                EXTI1_IRQHandler
                0x08001370                DAC1_IRQHandler
                0x08001370                USART2_IRQHandler
                0x08001370                LPDMA1_CH4_IRQHandler
                0x08001370                FLASH_IRQHandler
                0x08001370                I2C2_ERR_IRQHandler
                0x08001370                BusFault_Handler
                0x08001370                USART1_IRQHandler
                0x08001370                EXTI10_IRQHandler
                0x08001370                SPI3_IRQHandler
                0x08001370                LPDMA1_CH0_IRQHandler
                0x08001370                EXTI6_IRQHandler
                0x08001370                COMP1_IRQHandler
                0x08001370                LPTIM1_IRQHandler
                0x08001370                ICACHE_IRQHandler
                0x08001370                LPDMA1_CH7_IRQHandler
                0x08001370                HASH_IRQHandler
 .text.Default_IRQHandler_Hook
                0x08001378        0x8 CMakeFiles/STM32C552_Project3.dir/user_modifiable/Device/STM32C552CET6/startup_stm32c552xx.c.obj
                0x08001378                Default_IRQHandler_Hook
 .text.LL_RCC_GetAHBPrescaler
                0x08001380       0x1c CMakeFiles/STM32C552_Project3.dir/stm32c5xx_drivers/hal/stm32c5xx_hal.c.obj
 .text.LL_FLASH_EnablePrefetch
                0x0800139c       0x20 CMakeFiles/STM32C552_Project3.dir/stm32c5xx_drivers/hal/stm32c5xx_hal.c.obj
 .text.HAL_Init
                0x080013bc       0x44 CMakeFiles/STM32C552_Project3.dir/stm32c5xx_drivers/hal/stm32c5xx_hal.c.obj
                0x080013bc                HAL_Init
 .text.HAL_InitTick
                0x08001400       0x68 CMakeFiles/STM32C552_Project3.dir/stm32c5xx_drivers/hal/stm32c5xx_hal.c.obj
                0x08001400                HAL_InitTick
 .text.HAL_UpdateCoreClock
                0x08001468       0x30 CMakeFiles/STM32C552_Project3.dir/stm32c5xx_drivers/hal/stm32c5xx_hal.c.obj
                0x08001468                HAL_UpdateCoreClock
 .text.HAL_IncTick
                0x08001498       0x28 CMakeFiles/STM32C552_Project3.dir/stm32c5xx_drivers/hal/stm32c5xx_hal.c.obj
                0x08001498                HAL_IncTick
 .text.HAL_GetTick
                0x080014c0       0x18 CMakeFiles/STM32C552_Project3.dir/stm32c5xx_drivers/hal/stm32c5xx_hal.c.obj
                0x080014c0                HAL_GetTick
 .text.__NVIC_SetPriorityGrouping
                0x080014d8       0x48 CMakeFiles/STM32C552_Project3.dir/stm32c5xx_drivers/hal/stm32c5xx_hal_cortex.c.obj
 .text.__NVIC_GetPriorityGrouping
                0x08001520       0x1c CMakeFiles/STM32C552_Project3.dir/stm32c5xx_drivers/hal/stm32c5xx_hal_cortex.c.obj
 .text.__NVIC_SetPriority
                0x0800153c       0x54 CMakeFiles/STM32C552_Project3.dir/stm32c5xx_drivers/hal/stm32c5xx_hal_cortex.c.obj
 .text.NVIC_EncodePriority
                0x08001590       0x66 CMakeFiles/STM32C552_Project3.dir/stm32c5xx_drivers/hal/stm32c5xx_hal_cortex.c.obj
 *fill*         0x080015f6        0x2 
 .text.ARM_MPU_Enable
                0x080015f8       0x44 CMakeFiles/STM32C552_Project3.dir/stm32c5xx_drivers/hal/stm32c5xx_hal_cortex.c.obj
 .text.ARM_MPU_Disable
                0x0800163c       0x40 CMakeFiles/STM32C552_Project3.dir/stm32c5xx_drivers/hal/stm32c5xx_hal_cortex.c.obj
 .text.ARM_MPU_SetMemAttrEx
                0x0800167c       0x6a CMakeFiles/STM32C552_Project3.dir/stm32c5xx_drivers/hal/stm32c5xx_hal_cortex.c.obj
 *fill*         0x080016e6        0x2 
 .text.ARM_MPU_SetMemAttr
                0x080016e8       0x28 CMakeFiles/STM32C552_Project3.dir/stm32c5xx_drivers/hal/stm32c5xx_hal_cortex.c.obj
 .text.ARM_MPU_SetRegionEx
                0x08001710       0x2c CMakeFiles/STM32C552_Project3.dir/stm32c5xx_drivers/hal/stm32c5xx_hal_cortex.c.obj
 .text.ARM_MPU_SetRegion
                0x0800173c       0x24 CMakeFiles/STM32C552_Project3.dir/stm32c5xx_drivers/hal/stm32c5xx_hal_cortex.c.obj
 .text.SysTick_SetClkSource
                0x08001760       0x38 CMakeFiles/STM32C552_Project3.dir/stm32c5xx_drivers/hal/stm32c5xx_hal_cortex.c.obj
 .text.SysTick_GetClkSource
                0x08001798       0x1c CMakeFiles/STM32C552_Project3.dir/stm32c5xx_drivers/hal/stm32c5xx_hal_cortex.c.obj
 .text.SysTick_EnableIT
                0x080017b4       0x20 CMakeFiles/STM32C552_Project3.dir/stm32c5xx_drivers/hal/stm32c5xx_hal_cortex.c.obj
 .text.SysTick_Enable
                0x080017d4       0x20 CMakeFiles/STM32C552_Project3.dir/stm32c5xx_drivers/hal/stm32c5xx_hal_cortex.c.obj
 .text.SysTick_SetReload
                0x080017f4       0x30 CMakeFiles/STM32C552_Project3.dir/stm32c5xx_drivers/hal/stm32c5xx_hal_cortex.c.obj
 .text.SysTick_SetCounter
                0x08001824       0x20 CMakeFiles/STM32C552_Project3.dir/stm32c5xx_drivers/hal/stm32c5xx_hal_cortex.c.obj
 .text.HAL_CORTEX_NVIC_SetPriorityGrouping
                0x08001844       0x1a CMakeFiles/STM32C552_Project3.dir/stm32c5xx_drivers/hal/stm32c5xx_hal_cortex.c.obj
                0x08001844                HAL_CORTEX_NVIC_SetPriorityGrouping
 .text.HAL_CORTEX_NVIC_SetPriority
                0x0800185e       0x36 CMakeFiles/STM32C552_Project3.dir/stm32c5xx_drivers/hal/stm32c5xx_hal_cortex.c.obj
                0x0800185e                HAL_CORTEX_NVIC_SetPriority
 .text.HAL_CORTEX_SYSTICK_SetFreq
                0x08001894       0x5a CMakeFiles/STM32C552_Project3.dir/stm32c5xx_drivers/hal/stm32c5xx_hal_cortex.c.obj
                0x08001894                HAL_CORTEX_SYSTICK_SetFreq
 .text.HAL_CORTEX_SYSTICK_SetClkSource
                0x080018ee       0x1a CMakeFiles/STM32C552_Project3.dir/stm32c5xx_drivers/hal/stm32c5xx_hal_cortex.c.obj
                0x080018ee                HAL_CORTEX_SYSTICK_SetClkSource
 .text.HAL_CORTEX_SYSTICK_IRQHandler
                0x08001908        0xc CMakeFiles/STM32C552_Project3.dir/stm32c5xx_drivers/hal/stm32c5xx_hal_cortex.c.obj
                0x08001908                HAL_CORTEX_SYSTICK_IRQHandler
 .text.HAL_CORTEX_SYSTICK_Callback
                0x08001914        0xe CMakeFiles/STM32C552_Project3.dir/stm32c5xx_drivers/hal/stm32c5xx_hal_cortex.c.obj
                0x08001914                HAL_CORTEX_SYSTICK_Callback
 .text.HAL_CORTEX_MPU_Enable
                0x08001922       0x26 CMakeFiles/STM32C552_Project3.dir/stm32c5xx_drivers/hal/stm32c5xx_hal_cortex.c.obj
                0x08001922                HAL_CORTEX_MPU_Enable
 .text.HAL_CORTEX_MPU_Disable
                0x08001948        0xc CMakeFiles/STM32C552_Project3.dir/stm32c5xx_drivers/hal/stm32c5xx_hal_cortex.c.obj
                0x08001948                HAL_CORTEX_MPU_Disable
 .text.HAL_CORTEX_MPU_SetCacheMemAttr
                0x08001954       0x2a CMakeFiles/STM32C552_Project3.dir/stm32c5xx_drivers/hal/stm32c5xx_hal_cortex.c.obj
                0x08001954                HAL_CORTEX_MPU_SetCacheMemAttr
 .text.HAL_CORTEX_MPU_SetConfigRegion
                0x0800197e       0x48 CMakeFiles/STM32C552_Project3.dir/stm32c5xx_drivers/hal/stm32c5xx_hal_cortex.c.obj
                0x0800197e                HAL_CORTEX_MPU_SetConfigRegion
 *fill*         0x080019c6        0x2 
 .text.HAL_CORTEX_MPU_EnableRegion
                0x080019c8       0x2c CMakeFiles/STM32C552_Project3.dir/stm32c5xx_drivers/hal/stm32c5xx_hal_cortex.c.obj
                0x080019c8                HAL_CORTEX_MPU_EnableRegion
 .text.LL_FLASH_SetLatency
                0x080019f4       0x26 CMakeFiles/STM32C552_Project3.dir/stm32c5xx_drivers/hal/stm32c5xx_hal_flash_itf.c.obj
 .text.LL_FLASH_SetProgrammingDelay
                0x08001a1a       0x26 CMakeFiles/STM32C552_Project3.dir/stm32c5xx_drivers/hal/stm32c5xx_hal_flash_itf.c.obj
 .text.HAL_FLASH_ITF_SetLatency
                0x08001a40       0x24 CMakeFiles/STM32C552_Project3.dir/stm32c5xx_drivers/hal/stm32c5xx_hal_flash_itf.c.obj
                0x08001a40                HAL_FLASH_ITF_SetLatency
 .text.HAL_FLASH_ITF_SetProgrammingDelay
                0x08001a64       0x24 CMakeFiles/STM32C552_Project3.dir/stm32c5xx_drivers/hal/stm32c5xx_hal_flash_itf.c.obj
                0x08001a64                HAL_FLASH_ITF_SetProgrammingDelay
 .text.LL_GPIO_SetPinMode
                0x08001a88       0x9c CMakeFiles/STM32C552_Project3.dir/stm32c5xx_drivers/hal/stm32c5xx_hal_gpio.c.obj
 .text.LL_GPIO_SetPinOutputType
                0x08001b24       0x56 CMakeFiles/STM32C552_Project3.dir/stm32c5xx_drivers/hal/stm32c5xx_hal_gpio.c.obj
 .text.LL_GPIO_SetPinSpeed
                0x08001b7a       0xa0 CMakeFiles/STM32C552_Project3.dir/stm32c5xx_drivers/hal/stm32c5xx_hal_gpio.c.obj
 .text.LL_GPIO_SetPinPull
                0x08001c1a       0xa0 CMakeFiles/STM32C552_Project3.dir/stm32c5xx_drivers/hal/stm32c5xx_hal_gpio.c.obj
 .text.LL_GPIO_SetAFPin_0_7
                0x08001cba       0xa0 CMakeFiles/STM32C552_Project3.dir/stm32c5xx_drivers/hal/stm32c5xx_hal_gpio.c.obj
 .text.LL_GPIO_SetAFPin_8_15
                0x08001d5a       0xa4 CMakeFiles/STM32C552_Project3.dir/stm32c5xx_drivers/hal/stm32c5xx_hal_gpio.c.obj
 .text.LL_GPIO_WriteOutputPin
                0x08001dfe       0x2a CMakeFiles/STM32C552_Project3.dir/stm32c5xx_drivers/hal/stm32c5xx_hal_gpio.c.obj
 .text.HAL_GPIO_Init
                0x08001e28      0x128 CMakeFiles/STM32C552_Project3.dir/stm32c5xx_drivers/hal/stm32c5xx_hal_gpio.c.obj
                0x08001e28                HAL_GPIO_Init
 .text.LL_ICACHE_Enable
                0x08001f50       0x20 CMakeFiles/STM32C552_Project3.dir/stm32c5xx_drivers/hal/stm32c5xx_hal_icache.c.obj
 .text.LL_ICACHE_EnableIT
                0x08001f70       0x22 CMakeFiles/STM32C552_Project3.dir/stm32c5xx_drivers/hal/stm32c5xx_hal_icache.c.obj
 .text.HAL_ICACHE_Init
                0x08001f92       0x28 CMakeFiles/STM32C552_Project3.dir/stm32c5xx_drivers/hal/stm32c5xx_hal_icache.c.obj
                0x08001f92                HAL_ICACHE_Init
 .text.HAL_ICACHE_Start
                0x08001fba       0x32 CMakeFiles/STM32C552_Project3.dir/stm32c5xx_drivers/hal/stm32c5xx_hal_icache.c.obj
                0x08001fba                HAL_ICACHE_Start
 .text.LL_RCC_LSI_IsReady
                0x08001fec       0x28 CMakeFiles/STM32C552_Project3.dir/stm32c5xx_drivers/hal/stm32c5xx_hal_rcc.c.obj
 .text.LL_RCC_LSE_IsReady
                0x08002014       0x28 CMakeFiles/STM32C552_Project3.dir/stm32c5xx_drivers/hal/stm32c5xx_hal_rcc.c.obj
 .text.LL_RCC_HSIK_IsReady
                0x0800203c       0x24 CMakeFiles/STM32C552_Project3.dir/stm32c5xx_drivers/hal/stm32c5xx_hal_rcc.c.obj
 .text.LL_RCC_HSIK_GetDivider
                0x08002060       0x1c CMakeFiles/STM32C552_Project3.dir/stm32c5xx_drivers/hal/stm32c5xx_hal_rcc.c.obj
 .text.LL_RCC_PSIS_Enable
                0x0800207c       0x20 CMakeFiles/STM32C552_Project3.dir/stm32c5xx_drivers/hal/stm32c5xx_hal_rcc.c.obj
 .text.LL_RCC_PSIS_IsReady
                0x0800209c       0x28 CMakeFiles/STM32C552_Project3.dir/stm32c5xx_drivers/hal/stm32c5xx_hal_rcc.c.obj
 .text.LL_RCC_PSIDIV3_IsReady
                0x080020c4       0x28 CMakeFiles/STM32C552_Project3.dir/stm32c5xx_drivers/hal/stm32c5xx_hal_rcc.c.obj
 .text.LL_RCC_PSIK_IsReady
                0x080020ec       0x28 CMakeFiles/STM32C552_Project3.dir/stm32c5xx_drivers/hal/stm32c5xx_hal_rcc.c.obj
 .text.LL_RCC_PSIK_GetDivider
                0x08002114       0x1c CMakeFiles/STM32C552_Project3.dir/stm32c5xx_drivers/hal/stm32c5xx_hal_rcc.c.obj
 .text.LL_RCC_ConfigPSI
                0x08002130       0x38 CMakeFiles/STM32C552_Project3.dir/stm32c5xx_drivers/hal/stm32c5xx_hal_rcc.c.obj
 .text.LL_RCC_GetConfigPSI
                0x08002168       0x40 CMakeFiles/STM32C552_Project3.dir/stm32c5xx_drivers/hal/stm32c5xx_hal_rcc.c.obj
 .text.LL_RCC_HSE_Enable
                0x080021a8       0x20 CMakeFiles/STM32C552_Project3.dir/stm32c5xx_drivers/hal/stm32c5xx_hal_rcc.c.obj
 .text.LL_RCC_HSE_IsReady
                0x080021c8       0x28 CMakeFiles/STM32C552_Project3.dir/stm32c5xx_drivers/hal/stm32c5xx_hal_rcc.c.obj
 .text.LL_RCC_HSE_ConfigBypass
                0x080021f0       0x2c CMakeFiles/STM32C552_Project3.dir/stm32c5xx_drivers/hal/stm32c5xx_hal_rcc.c.obj
 .text.LL_RCC_SetSysClkSource
                0x0800221c       0x28 CMakeFiles/STM32C552_Project3.dir/stm32c5xx_drivers/hal/stm32c5xx_hal_rcc.c.obj
 .text.LL_RCC_GetSysClkSource
                0x08002244       0x1c CMakeFiles/STM32C552_Project3.dir/stm32c5xx_drivers/hal/stm32c5xx_hal_rcc.c.obj
 .text.LL_RCC_GetAHBPrescaler
                0x08002260       0x1c CMakeFiles/STM32C552_Project3.dir/stm32c5xx_drivers/hal/stm32c5xx_hal_rcc.c.obj
 .text.LL_RCC_GetSystickClockSource
                0x0800227c       0x1c CMakeFiles/STM32C552_Project3.dir/stm32c5xx_drivers/hal/stm32c5xx_hal_rcc.c.obj
 .text.LL_RCC_GetAPB1Prescaler
                0x08002298       0x1c CMakeFiles/STM32C552_Project3.dir/stm32c5xx_drivers/hal/stm32c5xx_hal_rcc.c.obj
 .text.LL_RCC_GetAPB2Prescaler
                0x080022b4       0x1c CMakeFiles/STM32C552_Project3.dir/stm32c5xx_drivers/hal/stm32c5xx_hal_rcc.c.obj
 .text.LL_RCC_GetAPB3Prescaler
                0x080022d0       0x1c CMakeFiles/STM32C552_Project3.dir/stm32c5xx_drivers/hal/stm32c5xx_hal_rcc.c.obj
 .text.LL_RCC_ConfigBusClock
                0x080022ec       0x2c CMakeFiles/STM32C552_Project3.dir/stm32c5xx_drivers/hal/stm32c5xx_hal_rcc.c.obj
 .text.LL_RCC_SetClockSource
                0x08002318       0x54 CMakeFiles/STM32C552_Project3.dir/stm32c5xx_drivers/hal/stm32c5xx_hal_rcc.c.obj
 .text.LL_RCC_SetUSARTClockSource
                0x0800236c       0x16 CMakeFiles/STM32C552_Project3.dir/stm32c5xx_drivers/hal/stm32c5xx_hal_rcc.c.obj
 *fill*         0x08002382        0x2 
 .text.LL_RCC_GetClockSource
                0x08002384       0x48 CMakeFiles/STM32C552_Project3.dir/stm32c5xx_drivers/hal/stm32c5xx_hal_rcc.c.obj
 .text.LL_RCC_GetUSARTClockSource
                0x080023cc       0x18 CMakeFiles/STM32C552_Project3.dir/stm32c5xx_drivers/hal/stm32c5xx_hal_rcc.c.obj
 .text.LL_RCC_GetUARTClockSource
                0x080023e4       0x18 CMakeFiles/STM32C552_Project3.dir/stm32c5xx_drivers/hal/stm32c5xx_hal_rcc.c.obj
 .text.LL_RCC_GetLPUARTClockSource
                0x080023fc       0x24 CMakeFiles/STM32C552_Project3.dir/stm32c5xx_drivers/hal/stm32c5xx_hal_rcc.c.obj
 .text.HAL_RCC_HSE_Enable
                0x08002420       0x3c CMakeFiles/STM32C552_Project3.dir/stm32c5xx_drivers/hal/stm32c5xx_hal_rcc.c.obj
                0x08002420                HAL_RCC_HSE_Enable
 .text.HAL_RCC_PSIS_Enable
                0x0800245c       0x1c CMakeFiles/STM32C552_Project3.dir/stm32c5xx_drivers/hal/stm32c5xx_hal_rcc.c.obj
                0x0800245c                HAL_RCC_PSIS_Enable
 .text.HAL_RCC_PSI_SetConfig
                0x08002478       0x50 CMakeFiles/STM32C552_Project3.dir/stm32c5xx_drivers/hal/stm32c5xx_hal_rcc.c.obj
                0x08002478                HAL_RCC_PSI_SetConfig
 .text.HAL_RCC_PSI_GetConfig
                0x080024c8       0x34 CMakeFiles/STM32C552_Project3.dir/stm32c5xx_drivers/hal/stm32c5xx_hal_rcc.c.obj
                0x080024c8                HAL_RCC_PSI_GetConfig
 .text.HAL_RCC_SetSYSCLKSource
                0x080024fc       0x52 CMakeFiles/STM32C552_Project3.dir/stm32c5xx_drivers/hal/stm32c5xx_hal_rcc.c.obj
                0x080024fc                HAL_RCC_SetSYSCLKSource
 .text.HAL_RCC_GetSYSCLKSource
                0x0800254e       0x12 CMakeFiles/STM32C552_Project3.dir/stm32c5xx_drivers/hal/stm32c5xx_hal_rcc.c.obj
                0x0800254e                HAL_RCC_GetSYSCLKSource
 .text.HAL_RCC_SetBusClockConfig
                0x08002560       0x38 CMakeFiles/STM32C552_Project3.dir/stm32c5xx_drivers/hal/stm32c5xx_hal_rcc.c.obj
                0x08002560                HAL_RCC_SetBusClockConfig
 .text.HAL_RCC_GetPSIClockFreq
                0x08002598       0x9c CMakeFiles/STM32C552_Project3.dir/stm32c5xx_drivers/hal/stm32c5xx_hal_rcc.c.obj
                0x08002598                HAL_RCC_GetPSIClockFreq
 .text.HAL_RCC_GetSYSCLKFreq
                0x08002634       0x4c CMakeFiles/STM32C552_Project3.dir/stm32c5xx_drivers/hal/stm32c5xx_hal_rcc.c.obj
                0x08002634                HAL_RCC_GetSYSCLKFreq
 .text.HAL_RCC_GetHCLKFreq
                0x08002680       0x20 CMakeFiles/STM32C552_Project3.dir/stm32c5xx_drivers/hal/stm32c5xx_hal_rcc.c.obj
                0x08002680                HAL_RCC_GetHCLKFreq
 .text.HAL_RCC_GetPCLK1Freq
                0x080026a0       0x24 CMakeFiles/STM32C552_Project3.dir/stm32c5xx_drivers/hal/stm32c5xx_hal_rcc.c.obj
                0x080026a0                HAL_RCC_GetPCLK1Freq
 .text.HAL_RCC_GetPCLK2Freq
                0x080026c4       0x24 CMakeFiles/STM32C552_Project3.dir/stm32c5xx_drivers/hal/stm32c5xx_hal_rcc.c.obj
                0x080026c4                HAL_RCC_GetPCLK2Freq
 .text.HAL_RCC_GetPCLK3Freq
                0x080026e8       0x24 CMakeFiles/STM32C552_Project3.dir/stm32c5xx_drivers/hal/stm32c5xx_hal_rcc.c.obj
                0x080026e8                HAL_RCC_GetPCLK3Freq
 .text.HAL_RCC_USART1_SetKernelClkSource
                0x0800270c       0x1e CMakeFiles/STM32C552_Project3.dir/stm32c5xx_drivers/hal/stm32c5xx_hal_rcc.c.obj
                0x0800270c                HAL_RCC_USART1_SetKernelClkSource
 *fill*         0x0800272a        0x2 
 .text.HAL_RCC_UART_GetKernelClkFreq
                0x0800272c       0xa0 CMakeFiles/STM32C552_Project3.dir/stm32c5xx_drivers/hal/stm32c5xx_hal_rcc.c.obj
                0x0800272c                HAL_RCC_UART_GetKernelClkFreq
 .text.HAL_RCC_USART1_GetKernelClkFreq
                0x080027cc       0xbc CMakeFiles/STM32C552_Project3.dir/stm32c5xx_drivers/hal/stm32c5xx_hal_rcc.c.obj
                0x080027cc                HAL_RCC_USART1_GetKernelClkFreq
 .text.HAL_RCC_USART2_GetKernelClkFreq
                0x08002888       0xc4 CMakeFiles/STM32C552_Project3.dir/stm32c5xx_drivers/hal/stm32c5xx_hal_rcc.c.obj
                0x08002888                HAL_RCC_USART2_GetKernelClkFreq
 .text.HAL_RCC_USART3_GetKernelClkFreq
                0x0800294c       0xc4 CMakeFiles/STM32C552_Project3.dir/stm32c5xx_drivers/hal/stm32c5xx_hal_rcc.c.obj
                0x0800294c                HAL_RCC_USART3_GetKernelClkFreq
 .text.HAL_RCC_UART4_GetKernelClkFreq
                0x08002a10       0xc4 CMakeFiles/STM32C552_Project3.dir/stm32c5xx_drivers/hal/stm32c5xx_hal_rcc.c.obj
                0x08002a10                HAL_RCC_UART4_GetKernelClkFreq
 .text.HAL_RCC_UART5_GetKernelClkFreq
                0x08002ad4       0xc4 CMakeFiles/STM32C552_Project3.dir/stm32c5xx_drivers/hal/stm32c5xx_hal_rcc.c.obj
                0x08002ad4                HAL_RCC_UART5_GetKernelClkFreq
 .text.HAL_RCC_LPUART1_GetKernelClkFreq
                0x08002b98       0xb0 CMakeFiles/STM32C552_Project3.dir/stm32c5xx_drivers/hal/stm32c5xx_hal_rcc.c.obj
                0x08002b98                HAL_RCC_LPUART1_GetKernelClkFreq
 .text.HAL_RCC_GetSysTickExternalClkFreq
                0x08002c48       0x58 CMakeFiles/STM32C552_Project3.dir/stm32c5xx_drivers/hal/stm32c5xx_hal_rcc.c.obj
                0x08002c48                HAL_RCC_GetSysTickExternalClkFreq
 .text.RCC_WaitForTimeout
                0x08002ca0       0x54 CMakeFiles/STM32C552_Project3.dir/stm32c5xx_drivers/hal/stm32c5xx_hal_rcc.c.obj
 .text.RCC_GetDividerValue
                0x08002cf4      0x132 CMakeFiles/STM32C552_Project3.dir/stm32c5xx_drivers/hal/stm32c5xx_hal_rcc.c.obj
 .text.LL_USART_Enable
                0x08002e26       0x20 CMakeFiles/STM32C552_Project3.dir/stm32c5xx_drivers/hal/stm32c5xx_hal_uart.c.obj
 .text.LL_USART_Disable
                0x08002e46       0x20 CMakeFiles/STM32C552_Project3.dir/stm32c5xx_drivers/hal/stm32c5xx_hal_uart.c.obj
 .text.LL_USART_IsEnabled
                0x08002e66       0x26 CMakeFiles/STM32C552_Project3.dir/stm32c5xx_drivers/hal/stm32c5xx_hal_uart.c.obj
 .text.LL_USART_ConfigXfer
                0x08002e8c       0x3c CMakeFiles/STM32C552_Project3.dir/stm32c5xx_drivers/hal/stm32c5xx_hal_uart.c.obj
 .text.LL_USART_IsEnabledDirectionRx
                0x08002ec8       0x26 CMakeFiles/STM32C552_Project3.dir/stm32c5xx_drivers/hal/stm32c5xx_hal_uart.c.obj
 .text.LL_USART_IsEnabledDirectionTx
                0x08002eee       0x26 CMakeFiles/STM32C552_Project3.dir/stm32c5xx_drivers/hal/stm32c5xx_hal_uart.c.obj
 .text.LL_USART_SetTransferDirection
                0x08002f14       0x48 CMakeFiles/STM32C552_Project3.dir/stm32c5xx_drivers/hal/stm32c5xx_hal_uart.c.obj
 .text.LL_USART_SetPrescaler
                0x08002f5c       0x28 CMakeFiles/STM32C552_Project3.dir/stm32c5xx_drivers/hal/stm32c5xx_hal_uart.c.obj
 .text.LL_USART_SetHWFlowCtrl
                0x08002f84       0x26 CMakeFiles/STM32C552_Project3.dir/stm32c5xx_drivers/hal/stm32c5xx_hal_uart.c.obj
 .text.LL_USART_EnableOneBitSample
                0x08002faa       0x20 CMakeFiles/STM32C552_Project3.dir/stm32c5xx_drivers/hal/stm32c5xx_hal_uart.c.obj
 .text.LL_USART_DisableOneBitSample
                0x08002fca       0x20 CMakeFiles/STM32C552_Project3.dir/stm32c5xx_drivers/hal/stm32c5xx_hal_uart.c.obj
 *fill*         0x08002fea        0x2 
 .text.LL_USART_SetBaudRate
                0x08002fec       0x9c CMakeFiles/STM32C552_Project3.dir/stm32c5xx_drivers/hal/stm32c5xx_hal_uart.c.obj
 .text.LL_USART_IsEnabledHalfDuplex
                0x08003088       0x26 CMakeFiles/STM32C552_Project3.dir/stm32c5xx_drivers/hal/stm32c5xx_hal_uart.c.obj
 .text.LL_USART_ConfigAsyncMode
                0x080030ae       0x2c CMakeFiles/STM32C552_Project3.dir/stm32c5xx_drivers/hal/stm32c5xx_hal_uart.c.obj
 .text.LL_USART_IsActiveFlag_RTO
                0x080030da       0x28 CMakeFiles/STM32C552_Project3.dir/stm32c5xx_drivers/hal/stm32c5xx_hal_uart.c.obj
 .text.LL_USART_IsActiveFlag_TEACK
                0x08003102       0x28 CMakeFiles/STM32C552_Project3.dir/stm32c5xx_drivers/hal/stm32c5xx_hal_uart.c.obj
 .text.LL_USART_IsActiveFlag_REACK
                0x0800312a       0x28 CMakeFiles/STM32C552_Project3.dir/stm32c5xx_drivers/hal/stm32c5xx_hal_uart.c.obj
 .text.LL_USART_ClearFlag_RTO
                0x08003152       0x1c CMakeFiles/STM32C552_Project3.dir/stm32c5xx_drivers/hal/stm32c5xx_hal_uart.c.obj
 .text.LL_USART_DisableIT_CR1
                0x0800316e       0x46 CMakeFiles/STM32C552_Project3.dir/stm32c5xx_drivers/hal/stm32c5xx_hal_uart.c.obj
 .text.LL_USART_DisableIT_CR3
                0x080031b4       0x4a CMakeFiles/STM32C552_Project3.dir/stm32c5xx_drivers/hal/stm32c5xx_hal_uart.c.obj
 .text.LL_USART_TransmitData8
                0x080031fe       0x1e CMakeFiles/STM32C552_Project3.dir/stm32c5xx_drivers/hal/stm32c5xx_hal_uart.c.obj
 .text.LL_USART_TransmitData9
                0x0800321c       0x22 CMakeFiles/STM32C552_Project3.dir/stm32c5xx_drivers/hal/stm32c5xx_hal_uart.c.obj
 *fill*         0x0800323e        0x2 
 .text.LL_LPUART_DIV
                0x08003240       0x8c CMakeFiles/STM32C552_Project3.dir/stm32c5xx_drivers/hal/stm32c5xx_hal_uart.c.obj
 .text.LL_LPUART_ConfigXfer
                0x080032cc       0x3c CMakeFiles/STM32C552_Project3.dir/stm32c5xx_drivers/hal/stm32c5xx_hal_uart.c.obj
 .text.LL_LPUART_SetBaudRate
                0x08003308       0x2c CMakeFiles/STM32C552_Project3.dir/stm32c5xx_drivers/hal/stm32c5xx_hal_uart.c.obj
 .text.HAL_UART_Init
                0x08003334       0x52 CMakeFiles/STM32C552_Project3.dir/stm32c5xx_drivers/hal/stm32c5xx_hal_uart.c.obj
                0x08003334                HAL_UART_Init
 *fill*         0x08003386        0x2 
 .text.HAL_UART_SetConfig
                0x08003388      0x18c CMakeFiles/STM32C552_Project3.dir/stm32c5xx_drivers/hal/stm32c5xx_hal_uart.c.obj
                0x08003388                HAL_UART_SetConfig
 .text.HAL_UART_Transmit
                0x08003514      0x12c CMakeFiles/STM32C552_Project3.dir/stm32c5xx_drivers/hal/stm32c5xx_hal_uart.c.obj
                0x08003514                HAL_UART_Transmit
 .text.UART_CheckEnabledState
                0x08003640       0xb0 CMakeFiles/STM32C552_Project3.dir/stm32c5xx_drivers/hal/stm32c5xx_hal_uart.c.obj
 .text.UART_WaitOnFlagUntilTimeout
                0x080036f0       0xb6 CMakeFiles/STM32C552_Project3.dir/stm32c5xx_drivers/hal/stm32c5xx_hal_uart.c.obj
 .text._kill    0x080037a6       0x20 CMakeFiles/STM32C552_Project3.dir/utilities/syscalls/syscalls.c.obj
                0x080037a6                _kill
 .text._exit    0x080037c6       0x16 CMakeFiles/STM32C552_Project3.dir/utilities/syscalls/syscalls.c.obj
                0x080037c6                _exit
 .text._read    0x080037dc       0x3a CMakeFiles/STM32C552_Project3.dir/utilities/syscalls/syscalls.c.obj
                0x080037dc                _read
 .text._close   0x08003816       0x18 CMakeFiles/STM32C552_Project3.dir/utilities/syscalls/syscalls.c.obj
                0x08003816                _close
 .text._fstat   0x0800382e       0x20 CMakeFiles/STM32C552_Project3.dir/utilities/syscalls/syscalls.c.obj
                0x0800382e                _fstat
 .text._isatty  0x0800384e       0x16 CMakeFiles/STM32C552_Project3.dir/utilities/syscalls/syscalls.c.obj
                0x0800384e                _isatty
 .text._lseek   0x08003864       0x1a CMakeFiles/STM32C552_Project3.dir/utilities/syscalls/syscalls.c.obj
                0x08003864                _lseek
 *fill*         0x0800387e        0x2 
 .text._sbrk    0x08003880       0x6c CMakeFiles/STM32C552_Project3.dir/utilities/syscalls/sysmem.c.obj
                0x08003880                _sbrk
 .text._puts_r  0x080038ec       0xaa C:/ST/STM32CubeIDE_2.1.1/STM32CubeIDE/plugins/com.st.stm32cube.ide.mcu.externaltools.gnu-tools-for-stm32.14.3.rel1.win32_1.0.100.202602081740/tools/bin/../lib/gcc/arm-none-eabi/14.3.1/../../../../arm-none-eabi/lib/thumb/v8-m.main+fp/hard\libc_nano.a(libc_a-puts.o)
                0x080038ec                _puts_r
 *fill*         0x08003996        0x2 
 .text.puts     0x08003998       0x10 C:/ST/STM32CubeIDE_2.1.1/STM32CubeIDE/plugins/com.st.stm32cube.ide.mcu.externaltools.gnu-tools-for-stm32.14.3.rel1.win32_1.0.100.202602081740/tools/bin/../lib/gcc/arm-none-eabi/14.3.1/../../../../arm-none-eabi/lib/thumb/v8-m.main+fp/hard\libc_nano.a(libc_a-puts.o)
                0x08003998                puts
 .text.__swbuf_r
                0x080039a8       0x7c C:/ST/STM32CubeIDE_2.1.1/STM32CubeIDE/plugins/com.st.stm32cube.ide.mcu.externaltools.gnu-tools-for-stm32.14.3.rel1.win32_1.0.100.202602081740/tools/bin/../lib/gcc/arm-none-eabi/14.3.1/../../../../arm-none-eabi/lib/thumb/v8-m.main+fp/hard\libc_nano.a(libc_a-wbuf.o)
                0x080039a8                __swbuf_r
 .text.__swsetup_r
                0x08003a24       0xa8 C:/ST/STM32CubeIDE_2.1.1/STM32CubeIDE/plugins/com.st.stm32cube.ide.mcu.externaltools.gnu-tools-for-stm32.14.3.rel1.win32_1.0.100.202602081740/tools/bin/../lib/gcc/arm-none-eabi/14.3.1/../../../../arm-none-eabi/lib/thumb/v8-m.main+fp/hard\libc_nano.a(libc_a-wsetup.o)
                0x08003a24                __swsetup_r
 .text.__errno  0x08003acc        0xc C:/ST/STM32CubeIDE_2.1.1/STM32CubeIDE/plugins/com.st.stm32cube.ide.mcu.externaltools.gnu-tools-for-stm32.14.3.rel1.win32_1.0.100.202602081740/tools/bin/../lib/gcc/arm-none-eabi/14.3.1/../../../../arm-none-eabi/lib/thumb/v8-m.main+fp/hard\libc_nano.a(libc_a-errno.o)
                0x08003acc                __errno
 .text.__swhatbuf_r
                0x08003ad8       0x48 C:/ST/STM32CubeIDE_2.1.1/STM32CubeIDE/plugins/com.st.stm32cube.ide.mcu.externaltools.gnu-tools-for-stm32.14.3.rel1.win32_1.0.100.202602081740/tools/bin/../lib/gcc/arm-none-eabi/14.3.1/../../../../arm-none-eabi/lib/thumb/v8-m.main+fp/hard\libc_nano.a(libc_a-makebuf.o)
                0x08003ad8                __swhatbuf_r
 .text.__smakebuf_r
                0x08003b20       0x72 C:/ST/STM32CubeIDE_2.1.1/STM32CubeIDE/plugins/com.st.stm32cube.ide.mcu.externaltools.gnu-tools-for-stm32.14.3.rel1.win32_1.0.100.202602081740/tools/bin/../lib/gcc/arm-none-eabi/14.3.1/../../../../arm-none-eabi/lib/thumb/v8-m.main+fp/hard\libc_nano.a(libc_a-makebuf.o)
                0x08003b20                __smakebuf_r
 *fill*         0x08003b92        0x2 
 .text._fstat_r
                0x08003b94       0x24 C:/ST/STM32CubeIDE_2.1.1/STM32CubeIDE/plugins/com.st.stm32cube.ide.mcu.externaltools.gnu-tools-for-stm32.14.3.rel1.win32_1.0.100.202602081740/tools/bin/../lib/gcc/arm-none-eabi/14.3.1/../../../../arm-none-eabi/lib/thumb/v8-m.main+fp/hard\libc_nano.a(libc_a-fstatr.o)
                0x08003b94                _fstat_r
 .text._isatty_r
                0x08003bb8       0x20 C:/ST/STM32CubeIDE_2.1.1/STM32CubeIDE/plugins/com.st.stm32cube.ide.mcu.externaltools.gnu-tools-for-stm32.14.3.rel1.win32_1.0.100.202602081740/tools/bin/../lib/gcc/arm-none-eabi/14.3.1/../../../../arm-none-eabi/lib/thumb/v8-m.main+fp/hard\libc_nano.a(libc_a-isattyr.o)
                0x08003bb8                _isatty_r
 *(.glue_7)
 .glue_7        0x08003bd8        0x0 linker stubs
 *(.glue_7t)
 .glue_7t       0x08003bd8        0x0 linker stubs
 *(.eh_frame)
 .eh_frame      0x08003bd8        0x0 C:/ST/STM32CubeIDE_2.1.1/STM32CubeIDE/plugins/com.st.stm32cube.ide.mcu.externaltools.gnu-tools-for-stm32.14.3.rel1.win32_1.0.100.202602081740/tools/bin/../lib/gcc/arm-none-eabi/14.3.1/thumb/v8-m.main+fp/hard/crtbegin.o
 *(.init)
 .init          0x08003bd8        0x4 C:/ST/STM32CubeIDE_2.1.1/STM32CubeIDE/plugins/com.st.stm32cube.ide.mcu.externaltools.gnu-tools-for-stm32.14.3.rel1.win32_1.0.100.202602081740/tools/bin/../lib/gcc/arm-none-eabi/14.3.1/thumb/v8-m.main+fp/hard/crti.o
                0x08003bd8                _init
 .init          0x08003bdc        0x8 C:/ST/STM32CubeIDE_2.1.1/STM32CubeIDE/plugins/com.st.stm32cube.ide.mcu.externaltools.gnu-tools-for-stm32.14.3.rel1.win32_1.0.100.202602081740/tools/bin/../lib/gcc/arm-none-eabi/14.3.1/thumb/v8-m.main+fp/hard/crtn.o
 *(.fini)
 .fini          0x08003be4        0x4 C:/ST/STM32CubeIDE_2.1.1/STM32CubeIDE/plugins/com.st.stm32cube.ide.mcu.externaltools.gnu-tools-for-stm32.14.3.rel1.win32_1.0.100.202602081740/tools/bin/../lib/gcc/arm-none-eabi/14.3.1/thumb/v8-m.main+fp/hard/crti.o
                0x08003be4                _fini
 .fini          0x08003be8        0x8 C:/ST/STM32CubeIDE_2.1.1/STM32CubeIDE/plugins/com.st.stm32cube.ide.mcu.externaltools.gnu-tools-for-stm32.14.3.rel1.win32_1.0.100.202602081740/tools/bin/../lib/gcc/arm-none-eabi/14.3.1/thumb/v8-m.main+fp/hard/crtn.o
                0x08003bf0                        . = ALIGN (0x8)
                0x08003bf0                        _etext = .

.vfp11_veneer   0x08003bf0        0x0
 .vfp11_veneer  0x08003bf0        0x0 linker stubs

.v4_bx          0x08003bf0        0x0
 .v4_bx         0x08003bf0        0x0 linker stubs

.iplt           0x08003bf0        0x0
 .iplt          0x08003bf0        0x0 C:/ST/STM32CubeIDE_2.1.1/STM32CubeIDE/plugins/com.st.stm32cube.ide.mcu.externaltools.gnu-tools-for-stm32.14.3.rel1.win32_1.0.100.202602081740/tools/bin/../lib/gcc/arm-none-eabi/14.3.1/thumb/v8-m.main+fp/hard/crtbegin.o

.rodata         0x08003bf0       0xc8
                0x08003bf0                        . = ALIGN (0x8)
 *(.rodata)
 .rodata        0x08003bf0       0x49 CMakeFiles/STM32C552_Project3.dir/main.c.obj
 *(.rodata*)
 *fill*         0x08003c39        0x3 
 .rodata.AHBPrescTable
                0x08003c3c       0x10 CMakeFiles/STM32C552_Project3.dir/user_modifiable/Device/STM32C552CET6/system_stm32c5xx.c.obj
                0x08003c3c                AHBPrescTable
 .rodata.APBPrescTable
                0x08003c4c        0x8 CMakeFiles/STM32C552_Project3.dir/user_modifiable/Device/STM32C552CET6/system_stm32c5xx.c.obj
                0x08003c4c                APBPrescTable
 .rodata.USART_PRESCALER_TAB
                0x08003c54       0x40 CMakeFiles/STM32C552_Project3.dir/stm32c5xx_drivers/hal/stm32c5xx_hal_uart.c.obj
 .rodata.LL_LPUART_PRESCALER_TAB
                0x08003c94       0x20 CMakeFiles/STM32C552_Project3.dir/stm32c5xx_drivers/hal/stm32c5xx_hal_uart.c.obj
                0x08003cb8                        . = ALIGN (0x8)
 *fill*         0x08003cb4        0x4 

.ARM.extab      0x08003cb8        0x0
                0x08003cb8                        . = ALIGN (0x8)
 *(.ARM.extab* .gnu.linkonce.armextab.*)
                0x08003cb8                        . = ALIGN (0x8)

.ARM            0x08003cb8        0x8
                0x08003cb8                        . = ALIGN (0x8)
                0x08003cb8                        __exidx_start = .
 *(.ARM.exidx*)
 .ARM.exidx     0x08003cb8        0x8 C:/ST/STM32CubeIDE_2.1.1/STM32CubeIDE/plugins/com.st.stm32cube.ide.mcu.externaltools.gnu-tools-for-stm32.14.3.rel1.win32_1.0.100.202602081740/tools/bin/../lib/gcc/arm-none-eabi/14.3.1/../../../../arm-none-eabi/lib/thumb/v8-m.main+fp/hard/crt0.o
                                 0x10 (size before relaxing)
 .ARM.exidx     0x08003cc0        0x0 C:/ST/STM32CubeIDE_2.1.1/STM32CubeIDE/plugins/com.st.stm32cube.ide.mcu.externaltools.gnu-tools-for-stm32.14.3.rel1.win32_1.0.100.202602081740/tools/bin/../lib/gcc/arm-none-eabi/14.3.1/thumb/v8-m.main+fp/hard\libgcc.a(_udivmoddi4.o)
                                  0x8 (size before relaxing)
 .ARM.exidx     0x08003cc0        0x0 C:/ST/STM32CubeIDE_2.1.1/STM32CubeIDE/plugins/com.st.stm32cube.ide.mcu.externaltools.gnu-tools-for-stm32.14.3.rel1.win32_1.0.100.202602081740/tools/bin/../lib/gcc/arm-none-eabi/14.3.1/../../../../arm-none-eabi/lib/thumb/v8-m.main+fp/hard\libc_nano.a(libc_a-strlen.o)
                                  0x8 (size before relaxing)
                0x08003cc0                        __exidx_end = .
                0x08003cc0                        . = ALIGN (0x8)

.preinit_array  0x08003cc0        0x0
                0x08003cc0                        . = ALIGN (0x8)
                0x08003cc0                        PROVIDE (__preinit_array_start = .)
 *(.preinit_array*)
                0x08003cc0                        PROVIDE (__preinit_array_end = .)
                0x08003cc0                        . = ALIGN (0x8)

.init_array     0x08003cc0        0x8
                0x08003cc0                        . = ALIGN (0x8)
                0x08003cc0                        PROVIDE (__init_array_start = .)
 *(SORT_BY_NAME(.init_array.*))
 *(.init_array*)
 .init_array    0x08003cc0        0x4 C:/ST/STM32CubeIDE_2.1.1/STM32CubeIDE/plugins/com.st.stm32cube.ide.mcu.externaltools.gnu-tools-for-stm32.14.3.rel1.win32_1.0.100.202602081740/tools/bin/../lib/gcc/arm-none-eabi/14.3.1/thumb/v8-m.main+fp/hard/crtbegin.o
                0x08003cc4                        PROVIDE (__init_array_end = .)
                0x08003cc8                        . = ALIGN (0x8)
 *fill*         0x08003cc4        0x4 

.fini_array     0x08003cc8        0x8
                0x08003cc8                        . = ALIGN (0x8)
                [!provide]                        PROVIDE (__fini_array_start = .)
 *(SORT_BY_NAME(.fini_array.*))
 *(.fini_array*)
 .fini_array    0x08003cc8        0x4 C:/ST/STM32CubeIDE_2.1.1/STM32CubeIDE/plugins/com.st.stm32cube.ide.mcu.externaltools.gnu-tools-for-stm32.14.3.rel1.win32_1.0.100.202602081740/tools/bin/../lib/gcc/arm-none-eabi/14.3.1/thumb/v8-m.main+fp/hard/crtbegin.o
                [!provide]                        PROVIDE (__fini_array_end = .)
                0x08003cd0                        . = ALIGN (0x8)
 *fill*         0x08003ccc        0x4 

.copy.table     0x08003cd0        0xc
                0x08003cd0                        . = ALIGN (0x8)
                0x08003cd0                        __copy_table_start__ = .
                0x08003cd0        0x4 LONG 0x8003ce8 LOADADDR (.data)
                0x08003cd4        0x4 LONG 0x20000000 ADDR (.data)
                0x08003cd8        0x4 LONG 0x1a (SIZEOF (.data) / 0x4)
                0x08003cdc                        __copy_table_end__ = .

.zero.table     0x08003cdc        0xc
                0x08003ce0                        . = ALIGN (0x8)
 *fill*         0x08003cdc        0x4 
                0x08003ce0                        __zero_table_start__ = .
                0x08003ce0        0x4 LONG 0x20000068 ADDR (.bss)
                0x08003ce4        0x4 LONG 0x6e (SIZEOF (.bss) / 0x4)
                0x08003ce8                        __zero_table_end__ = .

.rel.dyn        0x08003ce8        0x0
 .rel.iplt      0x08003ce8        0x0 C:/ST/STM32CubeIDE_2.1.1/STM32CubeIDE/plugins/com.st.stm32cube.ide.mcu.externaltools.gnu-tools-for-stm32.14.3.rel1.win32_1.0.100.202602081740/tools/bin/../lib/gcc/arm-none-eabi/14.3.1/thumb/v8-m.main+fp/hard/crtbegin.o

.data           0x20000000       0x68 load address 0x08003ce8
                0x20000000                        . = ALIGN (0x8)
                0x08003ce8                        _sidata = LOADADDR (.data)
                0x20000000                        __data_start__ = .
                0x20000000                        _sdata = .
 *(.data)
 *(.data*)
 .data.__sglue  0x20000000        0xc C:/ST/STM32CubeIDE_2.1.1/STM32CubeIDE/plugins/com.st.stm32cube.ide.mcu.externaltools.gnu-tools-for-stm32.14.3.rel1.win32_1.0.100.202602081740/tools/bin/../lib/gcc/arm-none-eabi/14.3.1/../../../../arm-none-eabi/lib/thumb/v8-m.main+fp/hard\libc_nano.a(libc_a-findfp.o)
                0x20000000                __sglue
 .data._impure_ptr
                0x2000000c        0x4 C:/ST/STM32CubeIDE_2.1.1/STM32CubeIDE/plugins/com.st.stm32cube.ide.mcu.externaltools.gnu-tools-for-stm32.14.3.rel1.win32_1.0.100.202602081740/tools/bin/../lib/gcc/arm-none-eabi/14.3.1/../../../../arm-none-eabi/lib/thumb/v8-m.main+fp/hard\libc_nano.a(libc_a-impure.o)
                0x2000000c                _impure_ptr
 .data._impure_data
                0x20000010       0x4c C:/ST/STM32CubeIDE_2.1.1/STM32CubeIDE/plugins/com.st.stm32cube.ide.mcu.externaltools.gnu-tools-for-stm32.14.3.rel1.win32_1.0.100.202602081740/tools/bin/../lib/gcc/arm-none-eabi/14.3.1/../../../../arm-none-eabi/lib/thumb/v8-m.main+fp/hard\libc_nano.a(libc_a-impure.o)
                0x20000010                _impure_data
 .data.SystemCoreClock
                0x2000005c        0x4 CMakeFiles/STM32C552_Project3.dir/user_modifiable/Device/STM32C552CET6/system_stm32c5xx.c.obj
                0x2000005c                SystemCoreClock
 .data.uwTickPrio
                0x20000060        0x4 CMakeFiles/STM32C552_Project3.dir/stm32c5xx_drivers/hal/stm32c5xx_hal.c.obj
                0x20000060                uwTickPrio
 .data.uwTickFreq
                0x20000064        0x1 CMakeFiles/STM32C552_Project3.dir/stm32c5xx_drivers/hal/stm32c5xx_hal.c.obj
                0x20000064                uwTickFreq
                0x20000068                        . = ALIGN (0x8)
 *fill*         0x20000065        0x3 
                0x20000068                        _edata = .

.igot.plt       0x20000068        0x0 load address 0x08003d50
 .igot.plt      0x20000068        0x0 C:/ST/STM32CubeIDE_2.1.1/STM32CubeIDE/plugins/com.st.stm32cube.ide.mcu.externaltools.gnu-tools-for-stm32.14.3.rel1.win32_1.0.100.202602081740/tools/bin/../lib/gcc/arm-none-eabi/14.3.1/thumb/v8-m.main+fp/hard/crtbegin.o

.bss            0x20000068      0x1b8 load address 0x08003d50
                0x20000068                        . = ALIGN (0x8)
                0x20000068                        _sbss = .
                0x20000068                        __bss_start__ = _sbss
 *(.bss)
 .bss           0x20000068       0x1c C:/ST/STM32CubeIDE_2.1.1/STM32CubeIDE/plugins/com.st.stm32cube.ide.mcu.externaltools.gnu-tools-for-stm32.14.3.rel1.win32_1.0.100.202602081740/tools/bin/../lib/gcc/arm-none-eabi/14.3.1/thumb/v8-m.main+fp/hard/crtbegin.o
 *(.bss*)
 .bss.__sf      0x20000084      0x138 C:/ST/STM32CubeIDE_2.1.1/STM32CubeIDE/plugins/com.st.stm32cube.ide.mcu.externaltools.gnu-tools-for-stm32.14.3.rel1.win32_1.0.100.202602081740/tools/bin/../lib/gcc/arm-none-eabi/14.3.1/../../../../arm-none-eabi/lib/thumb/v8-m.main+fp/hard\libc_nano.a(libc_a-findfp.o)
                0x20000084                __sf
 .bss.__stdio_exit_handler
                0x200001bc        0x4 C:/ST/STM32CubeIDE_2.1.1/STM32CubeIDE/plugins/com.st.stm32cube.ide.mcu.externaltools.gnu-tools-for-stm32.14.3.rel1.win32_1.0.100.202602081740/tools/bin/../lib/gcc/arm-none-eabi/14.3.1/../../../../arm-none-eabi/lib/thumb/v8-m.main+fp/hard\libc_nano.a(libc_a-findfp.o)
                0x200001bc                __stdio_exit_handler
 .bss.errno     0x200001c0        0x4 C:/ST/STM32CubeIDE_2.1.1/STM32CubeIDE/plugins/com.st.stm32cube.ide.mcu.externaltools.gnu-tools-for-stm32.14.3.rel1.win32_1.0.100.202602081740/tools/bin/../lib/gcc/arm-none-eabi/14.3.1/../../../../arm-none-eabi/lib/thumb/v8-m.main+fp/hard\libc_nano.a(libc_a-reent.o)
                0x200001c0                errno
 .bss.__lock___malloc_recursive_mutex
                0x200001c4        0x1 C:/ST/STM32CubeIDE_2.1.1/STM32CubeIDE/plugins/com.st.stm32cube.ide.mcu.externaltools.gnu-tools-for-stm32.14.3.rel1.win32_1.0.100.202602081740/tools/bin/../lib/gcc/arm-none-eabi/14.3.1/../../../../arm-none-eabi/lib/thumb/v8-m.main+fp/hard\libc_nano.a(libc_a-lock.o)
                0x200001c4                __lock___malloc_recursive_mutex
 .bss.__lock___sfp_recursive_mutex
                0x200001c5        0x1 C:/ST/STM32CubeIDE_2.1.1/STM32CubeIDE/plugins/com.st.stm32cube.ide.mcu.externaltools.gnu-tools-for-stm32.14.3.rel1.win32_1.0.100.202602081740/tools/bin/../lib/gcc/arm-none-eabi/14.3.1/../../../../arm-none-eabi/lib/thumb/v8-m.main+fp/hard\libc_nano.a(libc_a-lock.o)
                0x200001c5                __lock___sfp_recursive_mutex
 *fill*         0x200001c6        0x2 
 .bss.__malloc_sbrk_start
                0x200001c8        0x4 C:/ST/STM32CubeIDE_2.1.1/STM32CubeIDE/plugins/com.st.stm32cube.ide.mcu.externaltools.gnu-tools-for-stm32.14.3.rel1.win32_1.0.100.202602081740/tools/bin/../lib/gcc/arm-none-eabi/14.3.1/../../../../arm-none-eabi/lib/thumb/v8-m.main+fp/hard\libc_nano.a(libc_a-mallocr.o)
                0x200001c8                __malloc_sbrk_start
 .bss.__malloc_free_list
                0x200001cc        0x4 C:/ST/STM32CubeIDE_2.1.1/STM32CubeIDE/plugins/com.st.stm32cube.ide.mcu.externaltools.gnu-tools-for-stm32.14.3.rel1.win32_1.0.100.202602081740/tools/bin/../lib/gcc/arm-none-eabi/14.3.1/../../../../arm-none-eabi/lib/thumb/v8-m.main+fp/hard\libc_nano.a(libc_a-mallocr.o)
                0x200001cc                __malloc_free_list
 .bss.hICACHE   0x200001d0        0x8 CMakeFiles/STM32C552_Project3.dir/generated/hal/mx_icache.c.obj
 .bss.hUSART1   0x200001d8       0x3c CMakeFiles/STM32C552_Project3.dir/generated/hal/mx_usart1.c.obj
 .bss.uwTick    0x20000214        0x4 CMakeFiles/STM32C552_Project3.dir/stm32c5xx_drivers/hal/stm32c5xx_hal.c.obj
                0x20000214                uwTick
 .bss.__sbrk_heap_end
                0x20000218        0x4 CMakeFiles/STM32C552_Project3.dir/utilities/syscalls/sysmem.c.obj
 *(COMMON)
                0x20000220                        . = ALIGN (0x8)
 *fill*         0x2000021c        0x4 
                0x20000220                        _ebss = .
                0x20000220                        __bss_end__ = _ebss

.heap           0x20000220      0x200 load address 0x08003d50
                0x20000220                        . = ALIGN (0x8)
                0x20000220                        __end__ = .
                [!provide]                        PROVIDE (end = .)
                0x20000220                        _heap_start = .
                0x20000420                        . = (. + HEAP_SIZE)
 *fill*         0x20000220      0x200 
                0x20000420                        . = ALIGN (0x8)
                0x20000420                        _heap_end = .
                0x20000420                        __HeapLimit = .

.stack          0x20000420      0x400 load address 0x08003d50
                0x20000420                        . = ALIGN (0x8)
                0x20000420                        __StackLimit = .
                0x20000820                        . = (. + STACK_SIZE)
 *fill*         0x20000420      0x400 
                0x20000820                        . = ALIGN (0x8)
                0x20000820                        __StackTop = .
                0x20000820                        _estack = .
                0x20000820                        __stack = .

/DISCARD/
 libc.a(*)
 libm.a(*)
 libgcc.a(*)

.ARM.attributes
                0x00000000       0x36
 *(.ARM.attributes)
 .ARM.attributes
                0x00000000       0x26 C:/ST/STM32CubeIDE_2.1.1/STM32CubeIDE/plugins/com.st.stm32cube.ide.mcu.externaltools.gnu-tools-for-stm32.14.3.rel1.win32_1.0.100.202602081740/tools/bin/../lib/gcc/arm-none-eabi/14.3.1/thumb/v8-m.main+fp/hard/crti.o
 .ARM.attributes
                0x00000026       0x38 C:/ST/STM32CubeIDE_2.1.1/STM32CubeIDE/plugins/com.st.stm32cube.ide.mcu.externaltools.gnu-tools-for-stm32.14.3.rel1.win32_1.0.100.202602081740/tools/bin/../lib/gcc/arm-none-eabi/14.3.1/thumb/v8-m.main+fp/hard/crtbegin.o
 .ARM.attributes
                0x0000005e       0x24 C:/ST/STM32CubeIDE_2.1.1/STM32CubeIDE/plugins/com.st.stm32cube.ide.mcu.externaltools.gnu-tools-for-stm32.14.3.rel1.win32_1.0.100.202602081740/tools/bin/../lib/gcc/arm-none-eabi/14.3.1/../../../../arm-none-eabi/lib/thumb/v8-m.main+fp/hard/crt0.o
 .ARM.attributes
                0x00000082       0x38 C:/ST/STM32CubeIDE_2.1.1/STM32CubeIDE/plugins/com.st.stm32cube.ide.mcu.externaltools.gnu-tools-for-stm32.14.3.rel1.win32_1.0.100.202602081740/tools/bin/../lib/gcc/arm-none-eabi/14.3.1/../../../../arm-none-eabi/lib/thumb/v8-m.main+fp/hard\libc_nano.a(libc_a-exit.o)
 .ARM.attributes
                0x000000ba       0x38 C:/ST/STM32CubeIDE_2.1.1/STM32CubeIDE/plugins/com.st.stm32cube.ide.mcu.externaltools.gnu-tools-for-stm32.14.3.rel1.win32_1.0.100.202602081740/tools/bin/../lib/gcc/arm-none-eabi/14.3.1/../../../../arm-none-eabi/lib/thumb/v8-m.main+fp/hard\libc_nano.a(libc_a-findfp.o)
 .ARM.attributes
                0x000000f2       0x38 C:/ST/STM32CubeIDE_2.1.1/STM32CubeIDE/plugins/com.st.stm32cube.ide.mcu.externaltools.gnu-tools-for-stm32.14.3.rel1.win32_1.0.100.202602081740/tools/bin/../lib/gcc/arm-none-eabi/14.3.1/../../../../arm-none-eabi/lib/thumb/v8-m.main+fp/hard\libc_nano.a(libc_a-fwalk.o)
 .ARM.attributes
                0x0000012a       0x38 C:/ST/STM32CubeIDE_2.1.1/STM32CubeIDE/plugins/com.st.stm32cube.ide.mcu.externaltools.gnu-tools-for-stm32.14.3.rel1.win32_1.0.100.202602081740/tools/bin/../lib/gcc/arm-none-eabi/14.3.1/../../../../arm-none-eabi/lib/thumb/v8-m.main+fp/hard\libc_nano.a(libc_a-stdio.o)
 .ARM.attributes
                0x00000162       0x38 C:/ST/STM32CubeIDE_2.1.1/STM32CubeIDE/plugins/com.st.stm32cube.ide.mcu.externaltools.gnu-tools-for-stm32.14.3.rel1.win32_1.0.100.202602081740/tools/bin/../lib/gcc/arm-none-eabi/14.3.1/../../../../arm-none-eabi/lib/thumb/v8-m.main+fp/hard\libc_nano.a(libc_a-memset.o)
 .ARM.attributes
                0x0000019a       0x38 C:/ST/STM32CubeIDE_2.1.1/STM32CubeIDE/plugins/com.st.stm32cube.ide.mcu.externaltools.gnu-tools-for-stm32.14.3.rel1.win32_1.0.100.202602081740/tools/bin/../lib/gcc/arm-none-eabi/14.3.1/../../../../arm-none-eabi/lib/thumb/v8-m.main+fp/hard\libc_nano.a(libc_a-closer.o)
 .ARM.attributes
                0x000001d2       0x38 C:/ST/STM32CubeIDE_2.1.1/STM32CubeIDE/plugins/com.st.stm32cube.ide.mcu.externaltools.gnu-tools-for-stm32.14.3.rel1.win32_1.0.100.202602081740/tools/bin/../lib/gcc/arm-none-eabi/14.3.1/../../../../arm-none-eabi/lib/thumb/v8-m.main+fp/hard\libc_nano.a(libc_a-reent.o)
 .ARM.attributes
                0x0000020a       0x38 C:/ST/STM32CubeIDE_2.1.1/STM32CubeIDE/plugins/com.st.stm32cube.ide.mcu.externaltools.gnu-tools-for-stm32.14.3.rel1.win32_1.0.100.202602081740/tools/bin/../lib/gcc/arm-none-eabi/14.3.1/../../../../arm-none-eabi/lib/thumb/v8-m.main+fp/hard\libc_nano.a(libc_a-impure.o)
 .ARM.attributes
                0x00000242       0x38 C:/ST/STM32CubeIDE_2.1.1/STM32CubeIDE/plugins/com.st.stm32cube.ide.mcu.externaltools.gnu-tools-for-stm32.14.3.rel1.win32_1.0.100.202602081740/tools/bin/../lib/gcc/arm-none-eabi/14.3.1/../../../../arm-none-eabi/lib/thumb/v8-m.main+fp/hard\libc_nano.a(libc_a-lseekr.o)
 .ARM.attributes
                0x0000027a       0x38 C:/ST/STM32CubeIDE_2.1.1/STM32CubeIDE/plugins/com.st.stm32cube.ide.mcu.externaltools.gnu-tools-for-stm32.14.3.rel1.win32_1.0.100.202602081740/tools/bin/../lib/gcc/arm-none-eabi/14.3.1/../../../../arm-none-eabi/lib/thumb/v8-m.main+fp/hard\libc_nano.a(libc_a-readr.o)
 .ARM.attributes
                0x000002b2       0x38 C:/ST/STM32CubeIDE_2.1.1/STM32CubeIDE/plugins/com.st.stm32cube.ide.mcu.externaltools.gnu-tools-for-stm32.14.3.rel1.win32_1.0.100.202602081740/tools/bin/../lib/gcc/arm-none-eabi/14.3.1/../../../../arm-none-eabi/lib/thumb/v8-m.main+fp/hard\libc_nano.a(libc_a-writer.o)
 .ARM.attributes
                0x000002ea       0x38 C:/ST/STM32CubeIDE_2.1.1/STM32CubeIDE/plugins/com.st.stm32cube.ide.mcu.externaltools.gnu-tools-for-stm32.14.3.rel1.win32_1.0.100.202602081740/tools/bin/../lib/gcc/arm-none-eabi/14.3.1/../../../../arm-none-eabi/lib/thumb/v8-m.main+fp/hard\libc_nano.a(libc_a-init.o)
 .ARM.attributes
                0x00000322       0x38 C:/ST/STM32CubeIDE_2.1.1/STM32CubeIDE/plugins/com.st.stm32cube.ide.mcu.externaltools.gnu-tools-for-stm32.14.3.rel1.win32_1.0.100.202602081740/tools/bin/../lib/gcc/arm-none-eabi/14.3.1/../../../../arm-none-eabi/lib/thumb/v8-m.main+fp/hard\libc_nano.a(libc_a-lock.o)
 .ARM.attributes
                0x0000035a       0x38 C:/ST/STM32CubeIDE_2.1.1/STM32CubeIDE/plugins/com.st.stm32cube.ide.mcu.externaltools.gnu-tools-for-stm32.14.3.rel1.win32_1.0.100.202602081740/tools/bin/../lib/gcc/arm-none-eabi/14.3.1/../../../../arm-none-eabi/lib/thumb/v8-m.main+fp/hard\libc_nano.a(libc_a-freer.o)
 .ARM.attributes
                0x00000392       0x38 C:/ST/STM32CubeIDE_2.1.1/STM32CubeIDE/plugins/com.st.stm32cube.ide.mcu.externaltools.gnu-tools-for-stm32.14.3.rel1.win32_1.0.100.202602081740/tools/bin/../lib/gcc/arm-none-eabi/14.3.1/../../../../arm-none-eabi/lib/thumb/v8-m.main+fp/hard\libc_nano.a(libc_a-mallocr.o)
 .ARM.attributes
                0x000003ca       0x38 C:/ST/STM32CubeIDE_2.1.1/STM32CubeIDE/plugins/com.st.stm32cube.ide.mcu.externaltools.gnu-tools-for-stm32.14.3.rel1.win32_1.0.100.202602081740/tools/bin/../lib/gcc/arm-none-eabi/14.3.1/../../../../arm-none-eabi/lib/thumb/v8-m.main+fp/hard\libc_nano.a(libc_a-mlock.o)
 .ARM.attributes
                0x00000402       0x38 C:/ST/STM32CubeIDE_2.1.1/STM32CubeIDE/plugins/com.st.stm32cube.ide.mcu.externaltools.gnu-tools-for-stm32.14.3.rel1.win32_1.0.100.202602081740/tools/bin/../lib/gcc/arm-none-eabi/14.3.1/../../../../arm-none-eabi/lib/thumb/v8-m.main+fp/hard\libc_nano.a(libc_a-fflush.o)
 .ARM.attributes
                0x0000043a       0x38 C:/ST/STM32CubeIDE_2.1.1/STM32CubeIDE/plugins/com.st.stm32cube.ide.mcu.externaltools.gnu-tools-for-stm32.14.3.rel1.win32_1.0.100.202602081740/tools/bin/../lib/gcc/arm-none-eabi/14.3.1/../../../../arm-none-eabi/lib/thumb/v8-m.main+fp/hard\libc_nano.a(libc_a-sbrkr.o)
 .ARM.attributes
                0x00000472       0x3a CMakeFiles/STM32C552_Project3.dir/main.c.obj
 .ARM.attributes
                0x000004ac       0x3a CMakeFiles/STM32C552_Project3.dir/generated/hal/mx_cortex_debug.c.obj
 .ARM.attributes
                0x000004e6       0x3a CMakeFiles/STM32C552_Project3.dir/generated/hal/mx_cortex_mpu.c.obj
 .ARM.attributes
                0x00000520       0x3a CMakeFiles/STM32C552_Project3.dir/generated/hal/mx_cortex_nvic.c.obj
 .ARM.attributes
                0x0000055a       0x3a CMakeFiles/STM32C552_Project3.dir/generated/hal/mx_icache.c.obj
 .ARM.attributes
                0x00000594       0x3a CMakeFiles/STM32C552_Project3.dir/generated/hal/mx_rcc.c.obj
 .ARM.attributes
                0x000005ce       0x3a CMakeFiles/STM32C552_Project3.dir/generated/hal/mx_system.c.obj
 .ARM.attributes
                0x00000608       0x3a CMakeFiles/STM32C552_Project3.dir/generated/hal/mx_usart1.c.obj
 .ARM.attributes
                0x00000642       0x3a CMakeFiles/STM32C552_Project3.dir/user_modifiable/Device/STM32C552CET6/system_stm32c5xx.c.obj
 .ARM.attributes
                0x0000067c       0x3a CMakeFiles/STM32C552_Project3.dir/user_modifiable/Device/STM32C552CET6/startup_stm32c552xx.c.obj
 .ARM.attributes
                0x000006b6       0x3a CMakeFiles/STM32C552_Project3.dir/stm32c5xx_drivers/hal/stm32c5xx_hal.c.obj
 .ARM.attributes
                0x000006f0       0x3a CMakeFiles/STM32C552_Project3.dir/stm32c5xx_drivers/hal/stm32c5xx_hal_cortex.c.obj
 .ARM.attributes
                0x0000072a       0x3a CMakeFiles/STM32C552_Project3.dir/stm32c5xx_drivers/hal/stm32c5xx_hal_flash_itf.c.obj
 .ARM.attributes
                0x00000764       0x3a CMakeFiles/STM32C552_Project3.dir/stm32c5xx_drivers/hal/stm32c5xx_hal_gpio.c.obj
 .ARM.attributes
                0x0000079e       0x3a CMakeFiles/STM32C552_Project3.dir/stm32c5xx_drivers/hal/stm32c5xx_hal_icache.c.obj
 .ARM.attributes
                0x000007d8       0x3a CMakeFiles/STM32C552_Project3.dir/stm32c5xx_drivers/hal/stm32c5xx_hal_rcc.c.obj
 .ARM.attributes
                0x00000812       0x3a CMakeFiles/STM32C552_Project3.dir/stm32c5xx_drivers/hal/stm32c5xx_hal_uart.c.obj
 .ARM.attributes
                0x0000084c       0x3a CMakeFiles/STM32C552_Project3.dir/utilities/syscalls/syscalls.c.obj
 .ARM.attributes
                0x00000886       0x3a CMakeFiles/STM32C552_Project3.dir/utilities/syscalls/sysmem.c.obj
 .ARM.attributes
                0x000008c0       0x26 C:/ST/STM32CubeIDE_2.1.1/STM32CubeIDE/plugins/com.st.stm32cube.ide.mcu.externaltools.gnu-tools-for-stm32.14.3.rel1.win32_1.0.100.202602081740/tools/bin/../lib/gcc/arm-none-eabi/14.3.1/thumb/v8-m.main+fp/hard\libgcc.a(_aeabi_uldivmod.o)
 .ARM.attributes
                0x000008e6       0x38 C:/ST/STM32CubeIDE_2.1.1/STM32CubeIDE/plugins/com.st.stm32cube.ide.mcu.externaltools.gnu-tools-for-stm32.14.3.rel1.win32_1.0.100.202602081740/tools/bin/../lib/gcc/arm-none-eabi/14.3.1/thumb/v8-m.main+fp/hard\libgcc.a(_udivmoddi4.o)
 .ARM.attributes
                0x0000091e       0x26 C:/ST/STM32CubeIDE_2.1.1/STM32CubeIDE/plugins/com.st.stm32cube.ide.mcu.externaltools.gnu-tools-for-stm32.14.3.rel1.win32_1.0.100.202602081740/tools/bin/../lib/gcc/arm-none-eabi/14.3.1/thumb/v8-m.main+fp/hard\libgcc.a(_dvmd_tls.o)
 .ARM.attributes
                0x00000944       0x38 C:/ST/STM32CubeIDE_2.1.1/STM32CubeIDE/plugins/com.st.stm32cube.ide.mcu.externaltools.gnu-tools-for-stm32.14.3.rel1.win32_1.0.100.202602081740/tools/bin/../lib/gcc/arm-none-eabi/14.3.1/../../../../arm-none-eabi/lib/thumb/v8-m.main+fp/hard\libc_nano.a(libc_a-puts.o)
 .ARM.attributes
                0x0000097c       0x38 C:/ST/STM32CubeIDE_2.1.1/STM32CubeIDE/plugins/com.st.stm32cube.ide.mcu.externaltools.gnu-tools-for-stm32.14.3.rel1.win32_1.0.100.202602081740/tools/bin/../lib/gcc/arm-none-eabi/14.3.1/../../../../arm-none-eabi/lib/thumb/v8-m.main+fp/hard\libc_nano.a(libc_a-wbuf.o)
 .ARM.attributes
                0x000009b4       0x38 C:/ST/STM32CubeIDE_2.1.1/STM32CubeIDE/plugins/com.st.stm32cube.ide.mcu.externaltools.gnu-tools-for-stm32.14.3.rel1.win32_1.0.100.202602081740/tools/bin/../lib/gcc/arm-none-eabi/14.3.1/../../../../arm-none-eabi/lib/thumb/v8-m.main+fp/hard\libc_nano.a(libc_a-wsetup.o)
 .ARM.attributes
                0x000009ec       0x38 C:/ST/STM32CubeIDE_2.1.1/STM32CubeIDE/plugins/com.st.stm32cube.ide.mcu.externaltools.gnu-tools-for-stm32.14.3.rel1.win32_1.0.100.202602081740/tools/bin/../lib/gcc/arm-none-eabi/14.3.1/../../../../arm-none-eabi/lib/thumb/v8-m.main+fp/hard\libc_nano.a(libc_a-errno.o)
 .ARM.attributes
                0x00000a24       0x24 C:/ST/STM32CubeIDE_2.1.1/STM32CubeIDE/plugins/com.st.stm32cube.ide.mcu.externaltools.gnu-tools-for-stm32.14.3.rel1.win32_1.0.100.202602081740/tools/bin/../lib/gcc/arm-none-eabi/14.3.1/../../../../arm-none-eabi/lib/thumb/v8-m.main+fp/hard\libc_nano.a(libc_a-strlen.o)
 .ARM.attributes
                0x00000a48       0x38 C:/ST/STM32CubeIDE_2.1.1/STM32CubeIDE/plugins/com.st.stm32cube.ide.mcu.externaltools.gnu-tools-for-stm32.14.3.rel1.win32_1.0.100.202602081740/tools/bin/../lib/gcc/arm-none-eabi/14.3.1/../../../../arm-none-eabi/lib/thumb/v8-m.main+fp/hard\libc_nano.a(libc_a-makebuf.o)
 .ARM.attributes
                0x00000a80       0x38 C:/ST/STM32CubeIDE_2.1.1/STM32CubeIDE/plugins/com.st.stm32cube.ide.mcu.externaltools.gnu-tools-for-stm32.14.3.rel1.win32_1.0.100.202602081740/tools/bin/../lib/gcc/arm-none-eabi/14.3.1/../../../../arm-none-eabi/lib/thumb/v8-m.main+fp/hard\libc_nano.a(libc_a-fstatr.o)
 .ARM.attributes
                0x00000ab8       0x38 C:/ST/STM32CubeIDE_2.1.1/STM32CubeIDE/plugins/com.st.stm32cube.ide.mcu.externaltools.gnu-tools-for-stm32.14.3.rel1.win32_1.0.100.202602081740/tools/bin/../lib/gcc/arm-none-eabi/14.3.1/../../../../arm-none-eabi/lib/thumb/v8-m.main+fp/hard\libc_nano.a(libc_a-isattyr.o)
 .ARM.attributes
                0x00000af0       0x26 C:/ST/STM32CubeIDE_2.1.1/STM32CubeIDE/plugins/com.st.stm32cube.ide.mcu.externaltools.gnu-tools-for-stm32.14.3.rel1.win32_1.0.100.202602081740/tools/bin/../lib/gcc/arm-none-eabi/14.3.1/thumb/v8-m.main+fp/hard/crtn.o
OUTPUT(STM32C552_Project3.elf elf32-littlearm)
LOAD linker stubs
LOAD C:/ST/STM32CubeIDE_2.1.1/STM32CubeIDE/plugins/com.st.stm32cube.ide.mcu.externaltools.gnu-tools-for-stm32.14.3.rel1.win32_1.0.100.202602081740/tools/bin/../lib/gcc/arm-none-eabi/14.3.1/../../../../arm-none-eabi/lib/thumb/v8-m.main+fp/hard\libc.a
LOAD C:/ST/STM32CubeIDE_2.1.1/STM32CubeIDE/plugins/com.st.stm32cube.ide.mcu.externaltools.gnu-tools-for-stm32.14.3.rel1.win32_1.0.100.202602081740/tools/bin/../lib/gcc/arm-none-eabi/14.3.1/../../../../arm-none-eabi/lib/thumb/v8-m.main+fp/hard\libm.a
LOAD C:/ST/STM32CubeIDE_2.1.1/STM32CubeIDE/plugins/com.st.stm32cube.ide.mcu.externaltools.gnu-tools-for-stm32.14.3.rel1.win32_1.0.100.202602081740/tools/bin/../lib/gcc/arm-none-eabi/14.3.1/thumb/v8-m.main+fp/hard\libgcc.a

.debug_frame    0x00000000     0x8c2c
 .debug_frame   0x00000000       0x28 C:/ST/STM32CubeIDE_2.1.1/STM32CubeIDE/plugins/com.st.stm32cube.ide.mcu.externaltools.gnu-tools-for-stm32.14.3.rel1.win32_1.0.100.202602081740/tools/bin/../lib/gcc/arm-none-eabi/14.3.1/../../../../arm-none-eabi/lib/thumb/v8-m.main+fp/hard\libc_nano.a(libc_a-exit.o)
 .debug_frame   0x00000028      0x144 C:/ST/STM32CubeIDE_2.1.1/STM32CubeIDE/plugins/com.st.stm32cube.ide.mcu.externaltools.gnu-tools-for-stm32.14.3.rel1.win32_1.0.100.202602081740/tools/bin/../lib/gcc/arm-none-eabi/14.3.1/../../../../arm-none-eabi/lib/thumb/v8-m.main+fp/hard\libc_nano.a(libc_a-findfp.o)
 .debug_frame   0x0000016c       0x34 C:/ST/STM32CubeIDE_2.1.1/STM32CubeIDE/plugins/com.st.stm32cube.ide.mcu.externaltools.gnu-tools-for-stm32.14.3.rel1.win32_1.0.100.202602081740/tools/bin/../lib/gcc/arm-none-eabi/14.3.1/../../../../arm-none-eabi/lib/thumb/v8-m.main+fp/hard\libc_nano.a(libc_a-fwalk.o)
 .debug_frame   0x000001a0       0x88 C:/ST/STM32CubeIDE_2.1.1/STM32CubeIDE/plugins/com.st.stm32cube.ide.mcu.externaltools.gnu-tools-for-stm32.14.3.rel1.win32_1.0.100.202602081740/tools/bin/../lib/gcc/arm-none-eabi/14.3.1/../../../../arm-none-eabi/lib/thumb/v8-m.main+fp/hard\libc_nano.a(libc_a-stdio.o)
 .debug_frame   0x00000228       0x20 C:/ST/STM32CubeIDE_2.1.1/STM32CubeIDE/plugins/com.st.stm32cube.ide.mcu.externaltools.gnu-tools-for-stm32.14.3.rel1.win32_1.0.100.202602081740/tools/bin/../lib/gcc/arm-none-eabi/14.3.1/../../../../arm-none-eabi/lib/thumb/v8-m.main+fp/hard\libc_nano.a(libc_a-memset.o)
 .debug_frame   0x00000248       0x2c C:/ST/STM32CubeIDE_2.1.1/STM32CubeIDE/plugins/com.st.stm32cube.ide.mcu.externaltools.gnu-tools-for-stm32.14.3.rel1.win32_1.0.100.202602081740/tools/bin/../lib/gcc/arm-none-eabi/14.3.1/../../../../arm-none-eabi/lib/thumb/v8-m.main+fp/hard\libc_nano.a(libc_a-closer.o)
 .debug_frame   0x00000274       0x38 C:/ST/STM32CubeIDE_2.1.1/STM32CubeIDE/plugins/com.st.stm32cube.ide.mcu.externaltools.gnu-tools-for-stm32.14.3.rel1.win32_1.0.100.202602081740/tools/bin/../lib/gcc/arm-none-eabi/14.3.1/../../../../arm-none-eabi/lib/thumb/v8-m.main+fp/hard\libc_nano.a(libc_a-reent.o)
 .debug_frame   0x000002ac       0x2c C:/ST/STM32CubeIDE_2.1.1/STM32CubeIDE/plugins/com.st.stm32cube.ide.mcu.externaltools.gnu-tools-for-stm32.14.3.rel1.win32_1.0.100.202602081740/tools/bin/../lib/gcc/arm-none-eabi/14.3.1/../../../../arm-none-eabi/lib/thumb/v8-m.main+fp/hard\libc_nano.a(libc_a-lseekr.o)
 .debug_frame   0x000002d8       0x2c C:/ST/STM32CubeIDE_2.1.1/STM32CubeIDE/plugins/com.st.stm32cube.ide.mcu.externaltools.gnu-tools-for-stm32.14.3.rel1.win32_1.0.100.202602081740/tools/bin/../lib/gcc/arm-none-eabi/14.3.1/../../../../arm-none-eabi/lib/thumb/v8-m.main+fp/hard\libc_nano.a(libc_a-readr.o)
 .debug_frame   0x00000304       0x2c C:/ST/STM32CubeIDE_2.1.1/STM32CubeIDE/plugins/com.st.stm32cube.ide.mcu.externaltools.gnu-tools-for-stm32.14.3.rel1.win32_1.0.100.202602081740/tools/bin/../lib/gcc/arm-none-eabi/14.3.1/../../../../arm-none-eabi/lib/thumb/v8-m.main+fp/hard\libc_nano.a(libc_a-writer.o)
 .debug_frame   0x00000330       0x2c C:/ST/STM32CubeIDE_2.1.1/STM32CubeIDE/plugins/com.st.stm32cube.ide.mcu.externaltools.gnu-tools-for-stm32.14.3.rel1.win32_1.0.100.202602081740/tools/bin/../lib/gcc/arm-none-eabi/14.3.1/../../../../arm-none-eabi/lib/thumb/v8-m.main+fp/hard\libc_nano.a(libc_a-init.o)
 .debug_frame   0x0000035c       0xb0 C:/ST/STM32CubeIDE_2.1.1/STM32CubeIDE/plugins/com.st.stm32cube.ide.mcu.externaltools.gnu-tools-for-stm32.14.3.rel1.win32_1.0.100.202602081740/tools/bin/../lib/gcc/arm-none-eabi/14.3.1/../../../../arm-none-eabi/lib/thumb/v8-m.main+fp/hard\libc_nano.a(libc_a-lock.o)
 .debug_frame   0x0000040c       0x38 C:/ST/STM32CubeIDE_2.1.1/STM32CubeIDE/plugins/com.st.stm32cube.ide.mcu.externaltools.gnu-tools-for-stm32.14.3.rel1.win32_1.0.100.202602081740/tools/bin/../lib/gcc/arm-none-eabi/14.3.1/../../../../arm-none-eabi/lib/thumb/v8-m.main+fp/hard\libc_nano.a(libc_a-freer.o)
 .debug_frame   0x00000444       0x50 C:/ST/STM32CubeIDE_2.1.1/STM32CubeIDE/plugins/com.st.stm32cube.ide.mcu.externaltools.gnu-tools-for-stm32.14.3.rel1.win32_1.0.100.202602081740/tools/bin/../lib/gcc/arm-none-eabi/14.3.1/../../../../arm-none-eabi/lib/thumb/v8-m.main+fp/hard\libc_nano.a(libc_a-mallocr.o)
 .debug_frame   0x00000494       0x30 C:/ST/STM32CubeIDE_2.1.1/STM32CubeIDE/plugins/com.st.stm32cube.ide.mcu.externaltools.gnu-tools-for-stm32.14.3.rel1.win32_1.0.100.202602081740/tools/bin/../lib/gcc/arm-none-eabi/14.3.1/../../../../arm-none-eabi/lib/thumb/v8-m.main+fp/hard\libc_nano.a(libc_a-mlock.o)
 .debug_frame   0x000004c4       0x5c C:/ST/STM32CubeIDE_2.1.1/STM32CubeIDE/plugins/com.st.stm32cube.ide.mcu.externaltools.gnu-tools-for-stm32.14.3.rel1.win32_1.0.100.202602081740/tools/bin/../lib/gcc/arm-none-eabi/14.3.1/../../../../arm-none-eabi/lib/thumb/v8-m.main+fp/hard\libc_nano.a(libc_a-fflush.o)
 .debug_frame   0x00000520       0x2c C:/ST/STM32CubeIDE_2.1.1/STM32CubeIDE/plugins/com.st.stm32cube.ide.mcu.externaltools.gnu-tools-for-stm32.14.3.rel1.win32_1.0.100.202602081740/tools/bin/../lib/gcc/arm-none-eabi/14.3.1/../../../../arm-none-eabi/lib/thumb/v8-m.main+fp/hard\libc_nano.a(libc_a-sbrkr.o)
 .debug_frame   0x0000054c       0x5c CMakeFiles/STM32C552_Project3.dir/main.c.obj
 .debug_frame   0x000005a8       0xac CMakeFiles/STM32C552_Project3.dir/generated/hal/mx_cortex_debug.c.obj
 .debug_frame   0x00000654       0x58 CMakeFiles/STM32C552_Project3.dir/generated/hal/mx_cortex_mpu.c.obj
 .debug_frame   0x000006ac       0x2c CMakeFiles/STM32C552_Project3.dir/generated/hal/mx_cortex_nvic.c.obj
 .debug_frame   0x000006d8       0x64 CMakeFiles/STM32C552_Project3.dir/generated/hal/mx_icache.c.obj
 .debug_frame   0x0000073c       0x6c CMakeFiles/STM32C552_Project3.dir/generated/hal/mx_rcc.c.obj
 .debug_frame   0x000007a8       0x80 CMakeFiles/STM32C552_Project3.dir/generated/hal/mx_system.c.obj
 .debug_frame   0x00000828      0x190 CMakeFiles/STM32C552_Project3.dir/generated/hal/mx_usart1.c.obj
 .debug_frame   0x000009b8       0x90 CMakeFiles/STM32C552_Project3.dir/user_modifiable/Device/STM32C552CET6/system_stm32c5xx.c.obj
 .debug_frame   0x00000a48       0x7c CMakeFiles/STM32C552_Project3.dir/user_modifiable/Device/STM32C552CET6/startup_stm32c552xx.c.obj
 .debug_frame   0x00000ac4      0x424 CMakeFiles/STM32C552_Project3.dir/stm32c5xx_drivers/hal/stm32c5xx_hal.c.obj
 .debug_frame   0x00000ee8      0x850 CMakeFiles/STM32C552_Project3.dir/stm32c5xx_drivers/hal/stm32c5xx_hal_cortex.c.obj
 .debug_frame   0x00001738     0x15b8 CMakeFiles/STM32C552_Project3.dir/stm32c5xx_drivers/hal/stm32c5xx_hal_flash_itf.c.obj
 .debug_frame   0x00002cf0      0x2bc CMakeFiles/STM32C552_Project3.dir/stm32c5xx_drivers/hal/stm32c5xx_hal_gpio.c.obj
 .debug_frame   0x00002fac      0x68c CMakeFiles/STM32C552_Project3.dir/stm32c5xx_drivers/hal/stm32c5xx_hal_icache.c.obj
 .debug_frame   0x00003638     0x234c CMakeFiles/STM32C552_Project3.dir/stm32c5xx_drivers/hal/stm32c5xx_hal_rcc.c.obj
 .debug_frame   0x00005984     0x2df0 CMakeFiles/STM32C552_Project3.dir/stm32c5xx_drivers/hal/stm32c5xx_hal_uart.c.obj
 .debug_frame   0x00008774      0x288 CMakeFiles/STM32C552_Project3.dir/utilities/syscalls/syscalls.c.obj
 .debug_frame   0x000089fc       0x34 CMakeFiles/STM32C552_Project3.dir/utilities/syscalls/sysmem.c.obj
 .debug_frame   0x00008a30       0x2c C:/ST/STM32CubeIDE_2.1.1/STM32CubeIDE/plugins/com.st.stm32cube.ide.mcu.externaltools.gnu-tools-for-stm32.14.3.rel1.win32_1.0.100.202602081740/tools/bin/../lib/gcc/arm-none-eabi/14.3.1/thumb/v8-m.main+fp/hard\libgcc.a(_aeabi_uldivmod.o)
 .debug_frame   0x00008a5c       0x38 C:/ST/STM32CubeIDE_2.1.1/STM32CubeIDE/plugins/com.st.stm32cube.ide.mcu.externaltools.gnu-tools-for-stm32.14.3.rel1.win32_1.0.100.202602081740/tools/bin/../lib/gcc/arm-none-eabi/14.3.1/thumb/v8-m.main+fp/hard\libgcc.a(_udivmoddi4.o)