Archive member included to satisfy reference by file (symbol)

C:/ST/STM32CubeIDE_2.1.1/STM32CubeIDE/plugins/com.st.stm32cube.ide.mcu.externaltools.gnu-tools-for-stm32.14.3.rel1.win32_1.0.100.202602081740/tools/bin/../lib/gcc/arm-none-eabi/14.3.1/../../../../arm-none-eabi/lib/thumb/v8-m.main+fp/hard\libc_nano.a(libc_a-exit.o)
                              C:/ST/STM32CubeIDE_2.1.1/STM32CubeIDE/plugins/com.st.stm32cube.ide.mcu.externaltools.gnu-tools-for-stm32.14.3.rel1.win32_1.0.100.202602081740/tools/bin/../lib/gcc/arm-none-eabi/14.3.1/../../../../arm-none-eabi/lib/thumb/v8-m.main+fp/hard/crt0.o (exit)
C:/ST/STM32CubeIDE_2.1.1/STM32CubeIDE/plugins/com.st.stm32cube.ide.mcu.externaltools.gnu-tools-for-stm32.14.3.rel1.win32_1.0.100.202602081740/tools/bin/../lib/gcc/arm-none-eabi/14.3.1/../../../../arm-none-eabi/lib/thumb/v8-m.main+fp/hard\libc_nano.a(libc_a-findfp.o)
                              C:/ST/STM32CubeIDE_2.1.1/STM32CubeIDE/plugins/com.st.stm32cube.ide.mcu.externaltools.gnu-tools-for-stm32.14.3.rel1.win32_1.0.100.202602081740/tools/bin/../lib/gcc/arm-none-eabi/14.3.1/../../../../arm-none-eabi/lib/thumb/v8-m.main+fp/hard\libc_nano.a(libc_a-exit.o) (__stdio_exit_handler)
C:/ST/STM32CubeIDE_2.1.1/STM32CubeIDE/plugins/com.st.stm32cube.ide.mcu.externaltools.gnu-tools-for-stm32.14.3.rel1.win32_1.0.100.202602081740/tools/bin/../lib/gcc/arm-none-eabi/14.3.1/../../../../arm-none-eabi/lib/thumb/v8-m.main+fp/hard\libc_nano.a(libc_a-fwalk.o)
                              C:/ST/STM32CubeIDE_2.1.1/STM32CubeIDE/plugins/com.st.stm32cube.ide.mcu.externaltools.gnu-tools-for-stm32.14.3.rel1.win32_1.0.100.202602081740/tools/bin/../lib/gcc/arm-none-eabi/14.3.1/../../../../arm-none-eabi/lib/thumb/v8-m.main+fp/hard\libc_nano.a(libc_a-findfp.o) (_fwalk_sglue)
C:/ST/STM32CubeIDE_2.1.1/STM32CubeIDE/plugins/com.st.stm32cube.ide.mcu.externaltools.gnu-tools-for-stm32.14.3.rel1.win32_1.0.100.202602081740/tools/bin/../lib/gcc/arm-none-eabi/14.3.1/../../../../arm-none-eabi/lib/thumb/v8-m.main+fp/hard\libc_nano.a(libc_a-stdio.o)
                              C:/ST/STM32CubeIDE_2.1.1/STM32CubeIDE/plugins/com.st.stm32cube.ide.mcu.externaltools.gnu-tools-for-stm32.14.3.rel1.win32_1.0.100.202602081740/tools/bin/../lib/gcc/arm-none-eabi/14.3.1/../../../../arm-none-eabi/lib/thumb/v8-m.main+fp/hard\libc_nano.a(libc_a-findfp.o) (__sread)
C:/ST/STM32CubeIDE_2.1.1/STM32CubeIDE/plugins/com.st.stm32cube.ide.mcu.externaltools.gnu-tools-for-stm32.14.3.rel1.win32_1.0.100.202602081740/tools/bin/../lib/gcc/arm-none-eabi/14.3.1/../../../../arm-none-eabi/lib/thumb/v8-m.main+fp/hard\libc_nano.a(libc_a-memset.o)
                              C:/ST/STM32CubeIDE_2.1.1/STM32CubeIDE/plugins/com.st.stm32cube.ide.mcu.externaltools.gnu-tools-for-stm32.14.3.rel1.win32_1.0.100.202602081740/tools/bin/../lib/gcc/arm-none-eabi/14.3.1/../../../../arm-none-eabi/lib/thumb/v8-m.main+fp/hard/crt0.o (memset)
C:/ST/STM32CubeIDE_2.1.1/STM32CubeIDE/plugins/com.st.stm32cube.ide.mcu.externaltools.gnu-tools-for-stm32.14.3.rel1.win32_1.0.100.202602081740/tools/bin/../lib/gcc/arm-none-eabi/14.3.1/../../../../arm-none-eabi/lib/thumb/v8-m.main+fp/hard\libc_nano.a(libc_a-closer.o)
                              C:/ST/STM32CubeIDE_2.1.1/STM32CubeIDE/plugins/com.st.stm32cube.ide.mcu.externaltools.gnu-tools-for-stm32.14.3.rel1.win32_1.0.100.202602081740/tools/bin/../lib/gcc/arm-none-eabi/14.3.1/../../../../arm-none-eabi/lib/thumb/v8-m.main+fp/hard\libc_nano.a(libc_a-stdio.o) (_close_r)
C:/ST/STM32CubeIDE_2.1.1/STM32CubeIDE/plugins/com.st.stm32cube.ide.mcu.externaltools.gnu-tools-for-stm32.14.3.rel1.win32_1.0.100.202602081740/tools/bin/../lib/gcc/arm-none-eabi/14.3.1/../../../../arm-none-eabi/lib/thumb/v8-m.main+fp/hard\libc_nano.a(libc_a-reent.o)
                              C:/ST/STM32CubeIDE_2.1.1/STM32CubeIDE/plugins/com.st.stm32cube.ide.mcu.externaltools.gnu-tools-for-stm32.14.3.rel1.win32_1.0.100.202602081740/tools/bin/../lib/gcc/arm-none-eabi/14.3.1/../../../../arm-none-eabi/lib/thumb/v8-m.main+fp/hard\libc_nano.a(libc_a-closer.o) (errno)
C:/ST/STM32CubeIDE_2.1.1/STM32CubeIDE/plugins/com.st.stm32cube.ide.mcu.externaltools.gnu-tools-for-stm32.14.3.rel1.win32_1.0.100.202602081740/tools/bin/../lib/gcc/arm-none-eabi/14.3.1/../../../../arm-none-eabi/lib/thumb/v8-m.main+fp/hard\libc_nano.a(libc_a-impure.o)
                              C:/ST/STM32CubeIDE_2.1.1/STM32CubeIDE/plugins/com.st.stm32cube.ide.mcu.externaltools.gnu-tools-for-stm32.14.3.rel1.win32_1.0.100.202602081740/tools/bin/../lib/gcc/arm-none-eabi/14.3.1/../../../../arm-none-eabi/lib/thumb/v8-m.main+fp/hard\libc_nano.a(libc_a-reent.o) (_impure_ptr)
C:/ST/STM32CubeIDE_2.1.1/STM32CubeIDE/plugins/com.st.stm32cube.ide.mcu.externaltools.gnu-tools-for-stm32.14.3.rel1.win32_1.0.100.202602081740/tools/bin/../lib/gcc/arm-none-eabi/14.3.1/../../../../arm-none-eabi/lib/thumb/v8-m.main+fp/hard\libc_nano.a(libc_a-lseekr.o)
[...]
Memory Configuration

Name             Origin             Length             Attributes
ROM              0x08000000         0x00080000         xr
RAM              0x20000000         0x00020000         xrw
*default*        0x00000000         0xffffffff

Linker script and memory map

LOAD C:/ST/STM32CubeIDE_2.1.1/STM32CubeIDE/plugins/com.st.stm32cube.ide.mcu.externaltools.gnu-tools-for-stm32.14.3.rel1.win32_1.0.100.202602081740/tools/bin/../lib/gcc/arm-none-eabi/14.3.1/thumb/v8-m.main+fp/hard/crti.o
LOAD C:/ST/STM32CubeIDE_2.1.1/STM32CubeIDE/plugins/com.st.stm32cube.ide.mcu.externaltools.gnu-tools-for-stm32.14.3.rel1.win32_1.0.100.202602081740/tools/bin/../lib/gcc/arm-none-eabi/14.3.1/thumb/v8-m.main+fp/hard/crtbegin.o
LOAD C:/ST/STM32CubeIDE_2.1.1/STM32CubeIDE/plugins/com.st.stm32cube.ide.mcu.externaltools.gnu-tools-for-stm32.14.3.rel1.win32_1.0.100.202602081740/tools/bin/../lib/gcc/arm-none-eabi/14.3.1/../../../../arm-none-eabi/lib/thumb/v8-m.main+fp/hard/crt0.o
START GROUP
LOAD C:/ST/STM32CubeIDE_2.1.1/STM32CubeIDE/plugins/com.st.stm32cube.ide.mcu.externaltools.gnu-tools-for-stm32.14.3.rel1.win32_1.0.100.202602081740/tools/bin/../lib/gcc/arm-none-eabi/14.3.1/../../../../arm-none-eabi/lib/thumb/v8-m.main+fp/hard\libc_nano.a
LOAD C:/ST/STM32CubeIDE_2.1.1/STM32CubeIDE/plugins/com.st.stm32cube.ide.mcu.externaltools.gnu-tools-for-stm32.14.3.rel1.win32_1.0.100.202602081740/tools/bin/../lib/gcc/arm-none-eabi/14.3.1/../../../../arm-none-eabi/lib/thumb/v8-m.main+fp/hard\libm.a
END GROUP
LOAD CMakeFiles/STM32C552_Project1.dir/main.c.obj
LOAD CMakeFiles/STM32C552_Project1.dir/generated/hal/mx_cortex_debug.c.obj
LOAD CMakeFiles/STM32C552_Project1.dir/generated/hal/mx_cortex_mpu.c.obj
LOAD CMakeFiles/STM32C552_Project1.dir/generated/hal/mx_cortex_nvic.c.obj
LOAD CMakeFiles/STM32C552_Project1.dir/generated/hal/mx_gpio_default.c.obj
LOAD CMakeFiles/STM32C552_Project1.dir/generated/hal/mx_icache.c.obj
LOAD CMakeFiles/STM32C552_Project1.dir/generated/hal/mx_rcc.c.obj
LOAD CMakeFiles/STM32C552_Project1.dir/generated/hal/mx_system.c.obj
LOAD CMakeFiles/STM32C552_Project1.dir/user_modifiable/Device/STM32C552CET6/system_stm32c5xx.c.obj
LOAD CMakeFiles/STM32C552_Project1.dir/user_modifiable/Device/STM32C552CET6/startup_stm32c552xx.c.obj
LOAD CMakeFiles/STM32C552_Project1.dir/stm32c5xx_drivers/hal/stm32c5xx_hal.c.obj
LOAD CMakeFiles/STM32C552_Project1.dir/stm32c5xx_drivers/hal/stm32c5xx_hal_cortex.c.obj
LOAD CMakeFiles/STM32C552_Project1.dir/stm32c5xx_drivers/hal/stm32c5xx_hal_flash.c.obj
LOAD CMakeFiles/STM32C552_Project1.dir/stm32c5xx_drivers/hal/stm32c5xx_hal_flash_itf.c.obj
LOAD CMakeFiles/STM32C552_Project1.dir/stm32c5xx_drivers/hal/stm32c5xx_hal_gpio.c.obj
LOAD CMakeFiles/STM32C552_Project1.dir/stm32c5xx_drivers/hal/stm32c5xx_hal_icache.c.obj
LOAD CMakeFiles/STM32C552_Project1.dir/stm32c5xx_drivers/hal/stm32c5xx_hal_pwr.c.obj
LOAD CMakeFiles/STM32C552_Project1.dir/stm32c5xx_drivers/hal/stm32c5xx_hal_rcc.c.obj
LOAD CMakeFiles/STM32C552_Project1.dir/utilities/syscalls/syscalls.c.obj
LOAD CMakeFiles/STM32C552_Project1.dir/utilities/syscalls/sysmem.c.obj
START GROUP
LOAD C:/ST/STM32CubeIDE_2.1.1/STM32CubeIDE/plugins/com.st.stm32cube.ide.mcu.externaltools.gnu-tools-for-stm32.14.3.rel1.win32_1.0.100.202602081740/tools/bin/../lib/gcc/arm-none-eabi/14.3.1/thumb/v8-m.main+fp/hard\libgcc.a
LOAD C:/ST/STM32CubeIDE_2.1.1/STM32CubeIDE/plugins/com.st.stm32cube.ide.mcu.externaltools.gnu-tools-for-stm32.14.3.rel1.win32_1.0.100.202602081740/tools/bin/../lib/gcc/arm-none-eabi/14.3.1/../../../../arm-none-eabi/lib/thumb/v8-m.main+fp/hard\libc_nano.a
END GROUP
START GROUP
LOAD C:/ST/STM32CubeIDE_2.1.1/STM32CubeIDE/plugins/com.st.stm32cube.ide.mcu.externaltools.gnu-tools-for-stm32.14.3.rel1.win32_1.0.100.202602081740/tools/bin/../lib/gcc/arm-none-eabi/14.3.1/thumb/v8-m.main+fp/hard\libgcc.a
LOAD C:/ST/STM32CubeIDE_2.1.1/STM32CubeIDE/plugins/com.st.stm32cube.ide.mcu.externaltools.gnu-tools-for-stm32.14.3.rel1.win32_1.0.100.202602081740/tools/bin/../lib/gcc/arm-none-eabi/14.3.1/../../../../arm-none-eabi/lib/thumb/v8-m.main+fp/hard\libc_nano.a
LOAD C:/ST/STM32CubeIDE_2.1.1/STM32CubeIDE/plugins/com.st.stm32cube.ide.mcu.externaltools.gnu-tools-for-stm32.14.3.rel1.win32_1.0.100.202602081740/tools/bin/../lib/gcc/arm-none-eabi/14.3.1/../../../../arm-none-eabi/lib/thumb/v8-m.main+fp/hard\libnosys.a
END GROUP
START GROUP
LOAD C:/ST/STM32CubeIDE_2.1.1/STM32CubeIDE/plugins/com.st.stm32cube.ide.mcu.externaltools.gnu-tools-for-stm32.14.3.rel1.win32_1.0.100.202602081740/tools/bin/../lib/gcc/arm-none-eabi/14.3.1/thumb/v8-m.main+fp/hard\libgcc.a
LOAD C:/ST/STM32CubeIDE_2.1.1/STM32CubeIDE/plugins/com.st.stm32cube.ide.mcu.externaltools.gnu-tools-for-stm32.14.3.rel1.win32_1.0.100.202602081740/tools/bin/../lib/gcc/arm-none-eabi/14.3.1/../../../../arm-none-eabi/lib/thumb/v8-m.main+fp/hard\libc_nano.a
LOAD C:/ST/STM32CubeIDE_2.1.1/STM32CubeIDE/plugins/com.st.stm32cube.ide.mcu.externaltools.gnu-tools-for-stm32.14.3.rel1.win32_1.0.100.202602081740/tools/bin/../lib/gcc/arm-none-eabi/14.3.1/../../../../arm-none-eabi/lib/thumb/v8-m.main+fp/hard\libnosys.a
END GROUP
LOAD C:/ST/STM32CubeIDE_2.1.1/STM32CubeIDE/plugins/com.st.stm32cube.ide.mcu.externaltools.gnu-tools-for-stm32.14.3.rel1.win32_1.0.100.202602081740/tools/bin/../lib/gcc/arm-none-eabi/14.3.1/thumb/v8-m.main+fp/hard/crtend.o
LOAD C:/ST/STM32CubeIDE_2.1.1/STM32CubeIDE/plugins/com.st.stm32cube.ide.mcu.externaltools.gnu-tools-for-stm32.14.3.rel1.win32_1.0.100.202602081740/tools/bin/../lib/gcc/arm-none-eabi/14.3.1/thumb/v8-m.main+fp/hard/crtn.o
                0x00000200                        HEAP_SIZE = 0x200
                0x00000400                        STACK_SIZE = 0x400

.vectors        0x08000000      0x188
                0x08000000                        . = ALIGN (0x8)
 *(.vectors)
 .vectors       0x08000000      0x188 CMakeFiles/STM32C552_Project1.dir/user_modifiable/Device/STM32C552CET6/startup_stm32c552xx.c.obj
                0x08000000                __Vectors
                0x08000188                        . = ALIGN (0x8)

.text           0x08000188     0x1ad0
                0x08000188                        . = ALIGN (0x8)
 *(.text)
 .text          0x08000188       0x40 C:/ST/STM32CubeIDE_2.1.1/STM32CubeIDE/plugins/com.st.stm32cube.ide.mcu.externaltools.gnu-tools-for-stm32.14.3.rel1.win32_1.0.100.202602081740/tools/bin/../lib/gcc/arm-none-eabi/14.3.1/thumb/v8-m.main+fp/hard/crtbegin.o
 .text          0x080001c8       0x7c C:/ST/STM32CubeIDE_2.1.1/STM32CubeIDE/plugins/com.st.stm32cube.ide.mcu.externaltools.gnu-tools-for-stm32.14.3.rel1.win32_1.0.100.202602081740/tools/bin/../lib/gcc/arm-none-eabi/14.3.1/../../../../arm-none-eabi/lib/thumb/v8-m.main+fp/hard/crt0.o
                0x080001c8                _stack_init
                0x080001d0                _start
                0x080001d0                _mainCRTStartup
 *(.text*)
 .text.exit     0x08000244       0x24 C:/ST/STM32CubeIDE_2.1.1/STM32CubeIDE/plugins/com.st.stm32cube.ide.mcu.externaltools.gnu-tools-for-stm32.14.3.rel1.win32_1.0.100.202602081740/tools/bin/../lib/gcc/arm-none-eabi/14.3.1/../../../../arm-none-eabi/lib/thumb/v8-m.main+fp/hard\libc_nano.a(libc_a-exit.o)
                0x08000244                exit
 .text.memset   0x08000268       0x10 C:/ST/STM32CubeIDE_2.1.1/STM32CubeIDE/plugins/com.st.stm32cube.ide.mcu.externaltools.gnu-tools-for-stm32.14.3.rel1.win32_1.0.100.202602081740/tools/bin/../lib/gcc/arm-none-eabi/14.3.1/../../../../arm-none-eabi/lib/thumb/v8-m.main+fp/hard\libc_nano.a(libc_a-memset.o)
                0x08000268                memset
 .text.__libc_init_array
                0x08000278       0x48 C:/ST/STM32CubeIDE_2.1.1/STM32CubeIDE/plugins/com.st.stm32cube.ide.mcu.externaltools.gnu-tools-for-stm32.14.3.rel1.win32_1.0.100.202602081740/tools/bin/../lib/gcc/arm-none-eabi/14.3.1/../../../../arm-none-eabi/lib/thumb/v8-m.main+fp/hard\libc_nano.a(libc_a-init.o)
                0x08000278                __libc_init_array
 .text.main     0x080002c0       0xc8 CMakeFiles/STM32C552_Project1.dir/main.c.obj
                0x080002c0                main
 .text.LL_AHB2_GRP1_EnableClock
                0x08000388       0x60 CMakeFiles/STM32C552_Project1.dir/generated/hal/mx_cortex_debug.c.obj
 .text.HAL_RCC_GPIOA_EnableClock
                0x080003e8        0xe CMakeFiles/STM32C552_Project1.dir/generated/hal/mx_cortex_debug.c.obj
 .text.HAL_RCC_GPIOB_EnableClock
                0x080003f6        0xe CMakeFiles/STM32C552_Project1.dir/generated/hal/mx_cortex_debug.c.obj
 .text.mx_cortex_debug_init
                0x08000404       0x88 CMakeFiles/STM32C552_Project1.dir/generated/hal/mx_cortex_debug.c.obj
                0x08000404                mx_cortex_debug_init
 .text.mx_cortex_mpu_init
                0x0800048c       0x5c CMakeFiles/STM32C552_Project1.dir/generated/hal/mx_cortex_mpu.c.obj
                0x0800048c                mx_cortex_mpu_init
 .text.mx_cortex_nvic_init
                0x080004e8       0x3c CMakeFiles/STM32C552_Project1.dir/generated/hal/mx_cortex_nvic.c.obj
                0x080004e8                mx_cortex_nvic_init
 .text.LL_AHB2_GRP1_EnableClock
                0x08000524       0x60 CMakeFiles/STM32C552_Project1.dir/generated/hal/mx_gpio_default.c.obj
 .text.HAL_RCC_GPIOA_EnableClock
                0x08000584        0xe CMakeFiles/STM32C552_Project1.dir/generated/hal/mx_gpio_default.c.obj
 .text.HAL_RCC_GPIOB_EnableClock
                0x08000592        0xe CMakeFiles/STM32C552_Project1.dir/generated/hal/mx_gpio_default.c.obj
 .text.mx_gpio_default_init
                0x080005a0       0x84 CMakeFiles/STM32C552_Project1.dir/generated/hal/mx_gpio_default.c.obj
                0x080005a0                mx_gpio_default_init
 .text.mx_icache_init
                0x08000624       0x28 CMakeFiles/STM32C552_Project1.dir/generated/hal/mx_icache.c.obj
                0x08000624                mx_icache_init
 .text.mx_icache_gethandle
                0x0800064c       0x14 CMakeFiles/STM32C552_Project1.dir/generated/hal/mx_icache.c.obj
                0x0800064c                mx_icache_gethandle
 .text.mx_rcc_init
                0x08000660       0xc0 CMakeFiles/STM32C552_Project1.dir/generated/hal/mx_rcc.c.obj
                0x08000660                mx_rcc_init
 .text.mx_rcc_peripherals_clock_config
                0x08000720       0x12 CMakeFiles/STM32C552_Project1.dir/generated/hal/mx_rcc.c.obj
                0x08000720                mx_rcc_peripherals_clock_config
 .text.mx_system_init
                0x08000732       0xda CMakeFiles/STM32C552_Project1.dir/generated/hal/mx_system.c.obj
                0x08000732                mx_system_init
 .text.SysTick_Handler
                0x0800080c       0x10 CMakeFiles/STM32C552_Project1.dir/generated/hal/mx_system.c.obj
                0x0800080c                SysTick_Handler
 .text.pre_system_init_hook
                0x0800081c       0x12 CMakeFiles/STM32C552_Project1.dir/generated/hal/mx_system.c.obj
                0x0800081c                pre_system_init_hook
 .text.post_system_init_hook
                0x0800082e       0x12 CMakeFiles/STM32C552_Project1.dir/generated/hal/mx_system.c.obj
                0x0800082e                post_system_init_hook
 .text.SCB_SetVTOR
                0x08000840       0x20 CMakeFiles/STM32C552_Project1.dir/user_modifiable/Device/STM32C552CET6/system_stm32c5xx.c.obj
 .text.SCB_EnableFPU
                0x08000860       0x24 CMakeFiles/STM32C552_Project1.dir/user_modifiable/Device/STM32C552CET6/system_stm32c5xx.c.obj
 .text.SystemInit
                0x08000884       0x18 CMakeFiles/STM32C552_Project1.dir/user_modifiable/Device/STM32C552CET6/system_stm32c5xx.c.obj
                0x08000884                SystemInit
 .text.Reset_Handler
                0x0800089c       0xc4 CMakeFiles/STM32C552_Project1.dir/user_modifiable/Device/STM32C552CET6/startup_stm32c552xx.c.obj
                0x0800089c                Reset_Handler
 .text.HardFault_Handler
                0x08000960        0x8 CMakeFiles/STM32C552_Project1.dir/user_modifiable/Device/STM32C552CET6/startup_stm32c552xx.c.obj
                0x08000960                HardFault_Handler
 .text.Default_IRQHandler
                0x08000968        0x8 CMakeFiles/STM32C552_Project1.dir/user_modifiable/Device/STM32C552CET6/startup_stm32c552xx.c.obj
                0x08000968                EXTI2_IRQHandler
                0x08000968                TIM8_CC_IRQHandler
                0x08000968                EXTI5_IRQHandler
                0x08000968                DebugMon_Handler
                0x08000968                TIM8_TRGI_COM_DIR_IDX_IRQHandler
                0x08000968                EXTI13_IRQHandler
                0x08000968                LPDMA2_CH1_IRQHandler
                0x08000968                I2C1_ERR_IRQHandler
                0x08000968                TIM1_CC_IRQHandler
                0x08000968                LPDMA1_CH6_IRQHandler
                0x08000968                TAMP_IRQHandler
                0x08000968                TIM6_IRQHandler
                0x08000968                EXTI12_IRQHandler
                0x08000968                CORDIC_IRQHandler
                0x08000968                PendSV_Handler
                0x08000968                USB_DRD_FS_IRQHandler
                0x08000968                NMI_Handler
                0x08000968                EXTI3_IRQHandler
                0x08000968                EXTI8_IRQHandler
                0x08000968                PWR_PVD_IRQHandler
                0x08000968                EXTI0_IRQHandler
                0x08000968                I2C2_EV_IRQHandler
                0x08000968                FPU_IRQHandler
                0x08000968                FDCAN1_IT1_IRQHandler
                0x08000968                RAMCFG_IRQHandler
                0x08000968                UsageFault_Handler
                0x08000968                TIM1_UPD_IRQHandler
                0x08000968                SPI1_IRQHandler
                0x08000968                ADC1_IRQHandler
                0x08000968                EXTI15_IRQHandler
                0x08000968                TIM17_IRQHandler
                0x08000968                USART3_IRQHandler
                0x08000968                RTC_IRQHandler
                0x08000968                EXTI9_IRQHandler
                0x08000968                UART5_IRQHandler
                0x08000968                LPDMA2_CH3_IRQHandler
                0x08000968                LPDMA1_CH1_IRQHandler
                0x08000968                I2C1_EV_IRQHandler
                0x08000968                TIM16_IRQHandler
                0x08000968                UART4_IRQHandler
                0x08000968                RCC_IRQHandler
                0x08000968                LPDMA1_CH5_IRQHandler
                0x08000968                LPDMA2_CH2_IRQHandler
                0x08000968                TIM12_IRQHandler
                0x08000968                TIM7_IRQHandler
                0x08000968                TIM5_IRQHandler
                0x08000968                I3C1_EV_IRQHandler
                0x08000968                TIM15_IRQHandler
                0x08000968                TIM8_BRK_TERR_IERR_IRQHandler
                0x08000968                TIM8_UPD_IRQHandler
                0x08000968                ADC2_IRQHandler
                0x08000968                SPI2_IRQHandler
                0x08000968                MemManage_Handler
                0x08000968                LPDMA1_CH3_IRQHandler
                0x08000968                EXTI14_IRQHandler
                0x08000968                EXTI11_IRQHandler
                0x08000968                SVC_Handler
                0x08000968                CRS_IRQHandler
                0x08000968                EXTI4_IRQHandler
                0x08000968                TIM1_BRK_TERR_IERR_IRQHandler
                0x08000968                RNG_IRQHandler
                0x08000968                TIM1_TRGI_COM_DIR_IDX_IRQHandler
                0x08000968                LPDMA2_CH0_IRQHandler
                0x08000968                I3C1_ERR_IRQHandler
                0x08000968                WWDG_IRQHandler
                0x08000968                Default_IRQHandler
                0x08000968                IWDG_IRQHandler
                0x08000968                LPUART1_IRQHandler
                0x08000968                FDCAN1_IT0_IRQHandler
                0x08000968                TIM2_IRQHandler
                0x08000968                LPDMA1_CH2_IRQHandler
                0x08000968                EXTI7_IRQHandler
                0x08000968                EXTI1_IRQHandler
                0x08000968                DAC1_IRQHandler
                0x08000968                USART2_IRQHandler
                0x08000968                LPDMA1_CH4_IRQHandler
                0x08000968                FLASH_IRQHandler
                0x08000968                I2C2_ERR_IRQHandler
                0x08000968                BusFault_Handler
                0x08000968                USART1_IRQHandler
                0x08000968                EXTI10_IRQHandler
                0x08000968                SPI3_IRQHandler
                0x08000968                LPDMA1_CH0_IRQHandler
                0x08000968                EXTI6_IRQHandler
                0x08000968                COMP1_IRQHandler
                0x08000968                LPTIM1_IRQHandler
                0x08000968                ICACHE_IRQHandler
                0x08000968                LPDMA1_CH7_IRQHandler
                0x08000968                HASH_IRQHandler
 .text.Default_IRQHandler_Hook
                0x08000970        0x8 CMakeFiles/STM32C552_Project1.dir/user_modifiable/Device/STM32C552CET6/startup_stm32c552xx.c.obj
                0x08000970                Default_IRQHandler_Hook
 .text.LL_RCC_GetAHBPrescaler
                0x08000978       0x1c CMakeFiles/STM32C552_Project1.dir/stm32c5xx_drivers/hal/stm32c5xx_hal.c.obj
 .text.LL_FLASH_EnablePrefetch
                0x08000994       0x20 CMakeFiles/STM32C552_Project1.dir/stm32c5xx_drivers/hal/stm32c5xx_hal.c.obj
 .text.HAL_Init
                0x080009b4       0x44 CMakeFiles/STM32C552_Project1.dir/stm32c5xx_drivers/hal/stm32c5xx_hal.c.obj
                0x080009b4                HAL_Init
 .text.HAL_InitTick
                0x080009f8       0x68 CMakeFiles/STM32C552_Project1.dir/stm32c5xx_drivers/hal/stm32c5xx_hal.c.obj
                0x080009f8                HAL_InitTick
 .text.HAL_UpdateCoreClock
                0x08000a60       0x30 CMakeFiles/STM32C552_Project1.dir/stm32c5xx_drivers/hal/stm32c5xx_hal.c.obj
                0x08000a60                HAL_UpdateCoreClock
 .text.HAL_IncTick
                0x08000a90       0x28 CMakeFiles/STM32C552_Project1.dir/stm32c5xx_drivers/hal/stm32c5xx_hal.c.obj
                0x08000a90                HAL_IncTick
 .text.HAL_GetTick
                0x08000ab8       0x18 CMakeFiles/STM32C552_Project1.dir/stm32c5xx_drivers/hal/stm32c5xx_hal.c.obj
                0x08000ab8                HAL_GetTick
 .text.HAL_Delay
                0x08000ad0       0x4c CMakeFiles/STM32C552_Project1.dir/stm32c5xx_drivers/hal/stm32c5xx_hal.c.obj
                0x08000ad0                HAL_Delay
 .text.__NVIC_SetPriorityGrouping
                0x08000b1c       0x48 CMakeFiles/STM32C552_Project1.dir/stm32c5xx_drivers/hal/stm32c5xx_hal_cortex.c.obj
 .text.__NVIC_GetPriorityGrouping
                0x08000b64       0x1c CMakeFiles/STM32C552_Project1.dir/stm32c5xx_drivers/hal/stm32c5xx_hal_cortex.c.obj
 .text.__NVIC_SetPriority
                0x08000b80       0x54 CMakeFiles/STM32C552_Project1.dir/stm32c5xx_drivers/hal/stm32c5xx_hal_cortex.c.obj
 .text.NVIC_EncodePriority
                0x08000bd4       0x66 CMakeFiles/STM32C552_Project1.dir/stm32c5xx_drivers/hal/stm32c5xx_hal_cortex.c.obj
 *fill*         0x08000c3a        0x2 
 .text.ARM_MPU_Enable
                0x08000c3c       0x44 CMakeFiles/STM32C552_Project1.dir/stm32c5xx_drivers/hal/stm32c5xx_hal_cortex.c.obj
 .text.ARM_MPU_Disable
                0x08000c80       0x40 CMakeFiles/STM32C552_Project1.dir/stm32c5xx_drivers/hal/stm32c5xx_hal_cortex.c.obj
 .text.ARM_MPU_SetMemAttrEx
                0x08000cc0       0x6a CMakeFiles/STM32C552_Project1.dir/stm32c5xx_drivers/hal/stm32c5xx_hal_cortex.c.obj
 *fill*         0x08000d2a        0x2 
 .text.ARM_MPU_SetMemAttr
                0x08000d2c       0x28 CMakeFiles/STM32C552_Project1.dir/stm32c5xx_drivers/hal/stm32c5xx_hal_cortex.c.obj
 .text.ARM_MPU_SetRegionEx
                0x08000d54       0x2c CMakeFiles/STM32C552_Project1.dir/stm32c5xx_drivers/hal/stm32c5xx_hal_cortex.c.obj
 .text.ARM_MPU_SetRegion
                0x08000d80       0x24 CMakeFiles/STM32C552_Project1.dir/stm32c5xx_drivers/hal/stm32c5xx_hal_cortex.c.obj
 .text.SysTick_SetClkSource
                0x08000da4       0x38 CMakeFiles/STM32C552_Project1.dir/stm32c5xx_drivers/hal/stm32c5xx_hal_cortex.c.obj
 .text.SysTick_GetClkSource
                0x08000ddc       0x1c CMakeFiles/STM32C552_Project1.dir/stm32c5xx_drivers/hal/stm32c5xx_hal_cortex.c.obj
 .text.SysTick_EnableIT
                0x08000df8       0x20 CMakeFiles/STM32C552_Project1.dir/stm32c5xx_drivers/hal/stm32c5xx_hal_cortex.c.obj
 .text.SysTick_Enable
                0x08000e18       0x20 CMakeFiles/STM32C552_Project1.dir/stm32c5xx_drivers/hal/stm32c5xx_hal_cortex.c.obj
 .text.SysTick_SetReload
                0x08000e38       0x30 CMakeFiles/STM32C552_Project1.dir/stm32c5xx_drivers/hal/stm32c5xx_hal_cortex.c.obj
 .text.SysTick_SetCounter
                0x08000e68       0x20 CMakeFiles/STM32C552_Project1.dir/stm32c5xx_drivers/hal/stm32c5xx_hal_cortex.c.obj
 .text.HAL_CORTEX_NVIC_SetPriorityGrouping
                0x08000e88       0x1a CMakeFiles/STM32C552_Project1.dir/stm32c5xx_drivers/hal/stm32c5xx_hal_cortex.c.obj
                0x08000e88                HAL_CORTEX_NVIC_SetPriorityGrouping
 .text.HAL_CORTEX_NVIC_SetPriority
                0x08000ea2       0x36 CMakeFiles/STM32C552_Project1.dir/stm32c5xx_drivers/hal/stm32c5xx_hal_cortex.c.obj
                0x08000ea2                HAL_CORTEX_NVIC_SetPriority
 .text.HAL_CORTEX_SYSTICK_SetFreq
                0x08000ed8       0x5a CMakeFiles/STM32C552_Project1.dir/stm32c5xx_drivers/hal/stm32c5xx_hal_cortex.c.obj
                0x08000ed8                HAL_CORTEX_SYSTICK_SetFreq
 .text.HAL_CORTEX_SYSTICK_SetClkSource
                0x08000f32       0x1a CMakeFiles/STM32C552_Project1.dir/stm32c5xx_drivers/hal/stm32c5xx_hal_cortex.c.obj
                0x08000f32                HAL_CORTEX_SYSTICK_SetClkSource
 .text.HAL_CORTEX_SYSTICK_IRQHandler
                0x08000f4c        0xc CMakeFiles/STM32C552_Project1.dir/stm32c5xx_drivers/hal/stm32c5xx_hal_cortex.c.obj
                0x08000f4c                HAL_CORTEX_SYSTICK_IRQHandler
 .text.HAL_CORTEX_SYSTICK_Callback
                0x08000f58        0xe CMakeFiles/STM32C552_Project1.dir/stm32c5xx_drivers/hal/stm32c5xx_hal_cortex.c.obj
                0x08000f58                HAL_CORTEX_SYSTICK_Callback
 .text.HAL_CORTEX_MPU_Enable
                0x08000f66       0x26 CMakeFiles/STM32C552_Project1.dir/stm32c5xx_drivers/hal/stm32c5xx_hal_cortex.c.obj
                0x08000f66                HAL_CORTEX_MPU_Enable
 .text.HAL_CORTEX_MPU_Disable
                0x08000f8c        0xc CMakeFiles/STM32C552_Project1.dir/stm32c5xx_drivers/hal/stm32c5xx_hal_cortex.c.obj
                0x08000f8c                HAL_CORTEX_MPU_Disable
 .text.HAL_CORTEX_MPU_SetCacheMemAttr
                0x08000f98       0x2a CMakeFiles/STM32C552_Project1.dir/stm32c5xx_drivers/hal/stm32c5xx_hal_cortex.c.obj
                0x08000f98                HAL_CORTEX_MPU_SetCacheMemAttr
 .text.HAL_CORTEX_MPU_SetConfigRegion
                0x08000fc2       0x48 CMakeFiles/STM32C552_Project1.dir/stm32c5xx_drivers/hal/stm32c5xx_hal_cortex.c.obj
                0x08000fc2                HAL_CORTEX_MPU_SetConfigRegion
 *fill*         0x0800100a        0x2 
 .text.HAL_CORTEX_MPU_EnableRegion
                0x0800100c       0x2c CMakeFiles/STM32C552_Project1.dir/stm32c5xx_drivers/hal/stm32c5xx_hal_cortex.c.obj
                0x0800100c                HAL_CORTEX_MPU_EnableRegion
 .text.LL_FLASH_SetLatency
                0x08001038       0x26 CMakeFiles/STM32C552_Project1.dir/stm32c5xx_drivers/hal/stm32c5xx_hal_flash_itf.c.obj
 .text.LL_FLASH_SetProgrammingDelay
                0x0800105e       0x26 CMakeFiles/STM32C552_Project1.dir/stm32c5xx_drivers/hal/stm32c5xx_hal_flash_itf.c.obj
 .text.HAL_FLASH_ITF_SetLatency
                0x08001084       0x24 CMakeFiles/STM32C552_Project1.dir/stm32c5xx_drivers/hal/stm32c5xx_hal_flash_itf.c.obj
                0x08001084                HAL_FLASH_ITF_SetLatency
 .text.HAL_FLASH_ITF_SetProgrammingDelay
                0x080010a8       0x24 CMakeFiles/STM32C552_Project1.dir/stm32c5xx_drivers/hal/stm32c5xx_hal_flash_itf.c.obj
                0x080010a8                HAL_FLASH_ITF_SetProgrammingDelay
 .text.LL_GPIO_SetPinMode
                0x080010cc       0x9c CMakeFiles/STM32C552_Project1.dir/stm32c5xx_drivers/hal/stm32c5xx_hal_gpio.c.obj
 .text.LL_GPIO_SetPinOutputType
                0x08001168       0x56 CMakeFiles/STM32C552_Project1.dir/stm32c5xx_drivers/hal/stm32c5xx_hal_gpio.c.obj
 .text.LL_GPIO_SetPinSpeed
                0x080011be       0xa0 CMakeFiles/STM32C552_Project1.dir/stm32c5xx_drivers/hal/stm32c5xx_hal_gpio.c.obj
 .text.LL_GPIO_SetPinPull
                0x0800125e       0xa0 CMakeFiles/STM32C552_Project1.dir/stm32c5xx_drivers/hal/stm32c5xx_hal_gpio.c.obj
 .text.LL_GPIO_SetAFPin_0_7
                0x080012fe       0xa0 CMakeFiles/STM32C552_Project1.dir/stm32c5xx_drivers/hal/stm32c5xx_hal_gpio.c.obj
 .text.LL_GPIO_SetAFPin_8_15
                0x0800139e       0xa4 CMakeFiles/STM32C552_Project1.dir/stm32c5xx_drivers/hal/stm32c5xx_hal_gpio.c.obj
 .text.LL_GPIO_WriteOutputPin
                0x08001442       0x2a CMakeFiles/STM32C552_Project1.dir/stm32c5xx_drivers/hal/stm32c5xx_hal_gpio.c.obj
 .text.LL_GPIO_TogglePin
                0x0800146c       0x32 CMakeFiles/STM32C552_Project1.dir/stm32c5xx_drivers/hal/stm32c5xx_hal_gpio.c.obj
 .text.HAL_GPIO_Init
                0x0800149e      0x128 CMakeFiles/STM32C552_Project1.dir/stm32c5xx_drivers/hal/stm32c5xx_hal_gpio.c.obj
                0x0800149e                HAL_GPIO_Init
 .text.HAL_GPIO_WritePin
                0x080015c6       0x22 CMakeFiles/STM32C552_Project1.dir/stm32c5xx_drivers/hal/stm32c5xx_hal_gpio.c.obj
                0x080015c6                HAL_GPIO_WritePin
 .text.HAL_GPIO_TogglePin
                0x080015e8       0x1c CMakeFiles/STM32C552_Project1.dir/stm32c5xx_drivers/hal/stm32c5xx_hal_gpio.c.obj
                0x080015e8                HAL_GPIO_TogglePin
 .text.LL_ICACHE_Enable
                0x08001604       0x20 CMakeFiles/STM32C552_Project1.dir/stm32c5xx_drivers/hal/stm32c5xx_hal_icache.c.obj
 .text.LL_ICACHE_EnableIT
                0x08001624       0x22 CMakeFiles/STM32C552_Project1.dir/stm32c5xx_drivers/hal/stm32c5xx_hal_icache.c.obj
 .text.HAL_ICACHE_Init
                0x08001646       0x28 CMakeFiles/STM32C552_Project1.dir/stm32c5xx_drivers/hal/stm32c5xx_hal_icache.c.obj
                0x08001646                HAL_ICACHE_Init
 .text.HAL_ICACHE_Start
                0x0800166e       0x32 CMakeFiles/STM32C552_Project1.dir/stm32c5xx_drivers/hal/stm32c5xx_hal_icache.c.obj
                0x0800166e                HAL_ICACHE_Start
 .text.LL_RCC_PSIS_Enable
                0x080016a0       0x20 CMakeFiles/STM32C552_Project1.dir/stm32c5xx_drivers/hal/stm32c5xx_hal_rcc.c.obj
 .text.LL_RCC_PSIS_IsReady
                0x080016c0       0x28 CMakeFiles/STM32C552_Project1.dir/stm32c5xx_drivers/hal/stm32c5xx_hal_rcc.c.obj
 .text.LL_RCC_PSIDIV3_IsReady
                0x080016e8       0x28 CMakeFiles/STM32C552_Project1.dir/stm32c5xx_drivers/hal/stm32c5xx_hal_rcc.c.obj
 .text.LL_RCC_PSIK_IsReady
                0x08001710       0x28 CMakeFiles/STM32C552_Project1.dir/stm32c5xx_drivers/hal/stm32c5xx_hal_rcc.c.obj
 .text.LL_RCC_ConfigPSI
                0x08001738       0x38 CMakeFiles/STM32C552_Project1.dir/stm32c5xx_drivers/hal/stm32c5xx_hal_rcc.c.obj
 .text.LL_RCC_GetConfigPSI
                0x08001770       0x40 CMakeFiles/STM32C552_Project1.dir/stm32c5xx_drivers/hal/stm32c5xx_hal_rcc.c.obj
 .text.LL_RCC_HSE_Enable
                0x080017b0       0x20 CMakeFiles/STM32C552_Project1.dir/stm32c5xx_drivers/hal/stm32c5xx_hal_rcc.c.obj
 .text.LL_RCC_HSE_IsReady
                0x080017d0       0x28 CMakeFiles/STM32C552_Project1.dir/stm32c5xx_drivers/hal/stm32c5xx_hal_rcc.c.obj
 .text.LL_RCC_HSE_ConfigBypass
                0x080017f8       0x2c CMakeFiles/STM32C552_Project1.dir/stm32c5xx_drivers/hal/stm32c5xx_hal_rcc.c.obj
 .text.LL_RCC_SetSysClkSource
                0x08001824       0x28 CMakeFiles/STM32C552_Project1.dir/stm32c5xx_drivers/hal/stm32c5xx_hal_rcc.c.obj
 .text.LL_RCC_GetSysClkSource
                0x0800184c       0x1c CMakeFiles/STM32C552_Project1.dir/stm32c5xx_drivers/hal/stm32c5xx_hal_rcc.c.obj
 .text.LL_RCC_GetAHBPrescaler
                0x08001868       0x1c CMakeFiles/STM32C552_Project1.dir/stm32c5xx_drivers/hal/stm32c5xx_hal_rcc.c.obj
 .text.LL_RCC_GetSystickClockSource
                0x08001884       0x1c CMakeFiles/STM32C552_Project1.dir/stm32c5xx_drivers/hal/stm32c5xx_hal_rcc.c.obj
 .text.LL_RCC_ConfigBusClock
                0x080018a0       0x2c CMakeFiles/STM32C552_Project1.dir/stm32c5xx_drivers/hal/stm32c5xx_hal_rcc.c.obj
 .text.HAL_RCC_HSE_Enable
                0x080018cc       0x3c CMakeFiles/STM32C552_Project1.dir/stm32c5xx_drivers/hal/stm32c5xx_hal_rcc.c.obj
                0x080018cc                HAL_RCC_HSE_Enable
 .text.HAL_RCC_PSIS_Enable
                0x08001908       0x1c CMakeFiles/STM32C552_Project1.dir/stm32c5xx_drivers/hal/stm32c5xx_hal_rcc.c.obj
                0x08001908                HAL_RCC_PSIS_Enable
 .text.HAL_RCC_PSI_SetConfig
                0x08001924       0x50 CMakeFiles/STM32C552_Project1.dir/stm32c5xx_drivers/hal/stm32c5xx_hal_rcc.c.obj
                0x08001924                HAL_RCC_PSI_SetConfig
 .text.HAL_RCC_PSI_GetConfig
                0x08001974       0x34 CMakeFiles/STM32C552_Project1.dir/stm32c5xx_drivers/hal/stm32c5xx_hal_rcc.c.obj
                0x08001974                HAL_RCC_PSI_GetConfig
 .text.HAL_RCC_SetSYSCLKSource
                0x080019a8       0x52 CMakeFiles/STM32C552_Project1.dir/stm32c5xx_drivers/hal/stm32c5xx_hal_rcc.c.obj
                0x080019a8                HAL_RCC_SetSYSCLKSource
 .text.HAL_RCC_GetSYSCLKSource
                0x080019fa       0x12 CMakeFiles/STM32C552_Project1.dir/stm32c5xx_drivers/hal/stm32c5xx_hal_rcc.c.obj
                0x080019fa                HAL_RCC_GetSYSCLKSource
 .text.HAL_RCC_SetBusClockConfig
                0x08001a0c       0x38 CMakeFiles/STM32C552_Project1.dir/stm32c5xx_drivers/hal/stm32c5xx_hal_rcc.c.obj
                0x08001a0c                HAL_RCC_SetBusClockConfig
 .text.HAL_RCC_GetPSIClockFreq
                0x08001a44       0x9c CMakeFiles/STM32C552_Project1.dir/stm32c5xx_drivers/hal/stm32c5xx_hal_rcc.c.obj
                0x08001a44                HAL_RCC_GetPSIClockFreq
 .text.HAL_RCC_GetSYSCLKFreq
                0x08001ae0       0x4c CMakeFiles/STM32C552_Project1.dir/stm32c5xx_drivers/hal/stm32c5xx_hal_rcc.c.obj
                0x08001ae0                HAL_RCC_GetSYSCLKFreq
 .text.HAL_RCC_GetHCLKFreq
                0x08001b2c       0x20 CMakeFiles/STM32C552_Project1.dir/stm32c5xx_drivers/hal/stm32c5xx_hal_rcc.c.obj
                0x08001b2c                HAL_RCC_GetHCLKFreq
 .text.HAL_RCC_GetSysTickExternalClkFreq
                0x08001b4c       0x58 CMakeFiles/STM32C552_Project1.dir/stm32c5xx_drivers/hal/stm32c5xx_hal_rcc.c.obj
                0x08001b4c                HAL_RCC_GetSysTickExternalClkFreq
 .text.RCC_WaitForTimeout
                0x08001ba4       0x54 CMakeFiles/STM32C552_Project1.dir/stm32c5xx_drivers/hal/stm32c5xx_hal_rcc.c.obj
 .text._kill    0x08001bf8       0x20 CMakeFiles/STM32C552_Project1.dir/utilities/syscalls/syscalls.c.obj
                0x08001bf8                _kill
 .text._exit    0x08001c18       0x16 CMakeFiles/STM32C552_Project1.dir/utilities/syscalls/syscalls.c.obj
                0x08001c18                _exit
 *fill*         0x08001c2e        0x2 
 .text.__errno  0x08001c30        0xc C:/ST/STM32CubeIDE_2.1.1/STM32CubeIDE/plugins/com.st.stm32cube.ide.mcu.externaltools.gnu-tools-for-stm32.14.3.rel1.win32_1.0.100.202602081740/tools/bin/../lib/gcc/arm-none-eabi/14.3.1/../../../../arm-none-eabi/lib/thumb/v8-m.main+fp/hard\libc_nano.a(libc_a-errno.o)
                0x08001c30                __errno
 *(.glue_7)
 .glue_7        0x08001c3c        0x0 linker stubs
 *(.glue_7t)
 .glue_7t       0x08001c3c        0x0 linker stubs
 *(.eh_frame)
 .eh_frame      0x08001c3c        0x0 C:/ST/STM32CubeIDE_2.1.1/STM32CubeIDE/plugins/com.st.stm32cube.ide.mcu.externaltools.gnu-tools-for-stm32.14.3.rel1.win32_1.0.100.202602081740/tools/bin/../lib/gcc/arm-none-eabi/14.3.1/thumb/v8-m.main+fp/hard/crtbegin.o
 *(.init)
 .init          0x08001c3c        0x4 C:/ST/STM32CubeIDE_2.1.1/STM32CubeIDE/plugins/com.st.stm32cube.ide.mcu.externaltools.gnu-tools-for-stm32.14.3.rel1.win32_1.0.100.202602081740/tools/bin/../lib/gcc/arm-none-eabi/14.3.1/thumb/v8-m.main+fp/hard/crti.o
                0x08001c3c                _init
 .init          0x08001c40        0x8 C:/ST/STM32CubeIDE_2.1.1/STM32CubeIDE/plugins/com.st.stm32cube.ide.mcu.externaltools.gnu-tools-for-stm32.14.3.rel1.win32_1.0.100.202602081740/tools/bin/../lib/gcc/arm-none-eabi/14.3.1/thumb/v8-m.main+fp/hard/crtn.o
 *(.fini)
 .fini          0x08001c48        0x4 C:/ST/STM32CubeIDE_2.1.1/STM32CubeIDE/plugins/com.st.stm32cube.ide.mcu.externaltools.gnu-tools-for-stm32.14.3.rel1.win32_1.0.100.202602081740/tools/bin/../lib/gcc/arm-none-eabi/14.3.1/thumb/v8-m.main+fp/hard/crti.o
                0x08001c48                _fini
 .fini          0x08001c4c        0x8 C:/ST/STM32CubeIDE_2.1.1/STM32CubeIDE/plugins/com.st.stm32cube.ide.mcu.externaltools.gnu-tools-for-stm32.14.3.rel1.win32_1.0.100.202602081740/tools/bin/../lib/gcc/arm-none-eabi/14.3.1/thumb/v8-m.main+fp/hard/crtn.o
                0x08001c58                        . = ALIGN (0x8)
 *fill*         0x08001c54        0x4 
                0x08001c58                        _etext = .

.vfp11_veneer   0x08001c58        0x0
 .vfp11_veneer  0x08001c58        0x0 linker stubs

.v4_bx          0x08001c58        0x0
 .v4_bx         0x08001c58        0x0 linker stubs

.iplt           0x08001c58        0x0
 .iplt          0x08001c58        0x0 C:/ST/STM32CubeIDE_2.1.1/STM32CubeIDE/plugins/com.st.stm32cube.ide.mcu.externaltools.gnu-tools-for-stm32.14.3.rel1.win32_1.0.100.202602081740/tools/bin/../lib/gcc/arm-none-eabi/14.3.1/thumb/v8-m.main+fp/hard/crtbegin.o

.rodata         0x08001c58       0x10
                0x08001c58                        . = ALIGN (0x8)
 *(.rodata)
 *(.rodata*)
 .rodata.AHBPrescTable
                0x08001c58       0x10 CMakeFiles/STM32C552_Project1.dir/user_modifiable/Device/STM32C552CET6/system_stm32c5xx.c.obj
                0x08001c58                AHBPrescTable
                0x08001c68                        . = ALIGN (0x8)

.ARM.extab      0x08001c68        0x0
                0x08001c68                        . = ALIGN (0x8)
 *(.ARM.extab* .gnu.linkonce.armextab.*)
                0x08001c68                        . = ALIGN (0x8)

.ARM            0x08001c68        0x8
                0x08001c68                        . = ALIGN (0x8)
                0x08001c68                        __exidx_start = .
 *(.ARM.exidx*)
 .ARM.exidx     0x08001c68        0x8 C:/ST/STM32CubeIDE_2.1.1/STM32CubeIDE/plugins/com.st.stm32cube.ide.mcu.externaltools.gnu-tools-for-stm32.14.3.rel1.win32_1.0.100.202602081740/tools/bin/../lib/gcc/arm-none-eabi/14.3.1/../../../../arm-none-eabi/lib/thumb/v8-m.main+fp/hard/crt0.o
                                 0x10 (size before relaxing)
                0x08001c70                        __exidx_end = .
                0x08001c70                        . = ALIGN (0x8)

.preinit_array  0x08001c70        0x0
                0x08001c70                        . = ALIGN (0x8)
                0x08001c70                        PROVIDE (__preinit_array_start = .)
 *(.preinit_array*)
                0x08001c70                        PROVIDE (__preinit_array_end = .)
                0x08001c70                        . = ALIGN (0x8)

.init_array     0x08001c70        0x8
                0x08001c70                        . = ALIGN (0x8)
                0x08001c70                        PROVIDE (__init_array_start = .)
 *(SORT_BY_NAME(.init_array.*))
 *(.init_array*)
 .init_array    0x08001c70        0x4 C:/ST/STM32CubeIDE_2.1.1/STM32CubeIDE/plugins/com.st.stm32cube.ide.mcu.externaltools.gnu-tools-for-stm32.14.3.rel1.win32_1.0.100.202602081740/tools/bin/../lib/gcc/arm-none-eabi/14.3.1/thumb/v8-m.main+fp/hard/crtbegin.o
                0x08001c74                        PROVIDE (__init_array_end = .)
                0x08001c78                        . = ALIGN (0x8)
 *fill*         0x08001c74        0x4 

.fini_array     0x08001c78        0x8
                0x08001c78                        . = ALIGN (0x8)
                [!provide]                        PROVIDE (__fini_array_start = .)
 *(SORT_BY_NAME(.fini_array.*))
 *(.fini_array*)
 .fini_array    0x08001c78        0x4 C:/ST/STM32CubeIDE_2.1.1/STM32CubeIDE/plugins/com.st.stm32cube.ide.mcu.externaltools.gnu-tools-for-stm32.14.3.rel1.win32_1.0.100.202602081740/tools/bin/../lib/gcc/arm-none-eabi/14.3.1/thumb/v8-m.main+fp/hard/crtbegin.o
                [!provide]                        PROVIDE (__fini_array_end = .)
                0x08001c80                        . = ALIGN (0x8)
 *fill*         0x08001c7c        0x4 

.copy.table     0x08001c80        0xc
                0x08001c80                        . = ALIGN (0x8)
                0x08001c80                        __copy_table_start__ = .
                0x08001c80        0x4 LONG 0x8001c98 LOADADDR (.data)
                0x08001c84        0x4 LONG 0x20000000 ADDR (.data)
                0x08001c88        0x4 LONG 0x18 (SIZEOF (.data) / 0x4)
                0x08001c8c                        __copy_table_end__ = .

.zero.table     0x08001c8c        0xc
                0x08001c90                        . = ALIGN (0x8)
 *fill*         0x08001c8c        0x4 
                0x08001c90                        __zero_table_start__ = .
                0x08001c90        0x4 LONG 0x20000060 ADDR (.bss)
                0x08001c94        0x4 LONG 0x5a (SIZEOF (.bss) / 0x4)
                0x08001c98                        __zero_table_end__ = .

.rel.dyn        0x08001c98        0x0
 .rel.iplt      0x08001c98        0x0 C:/ST/STM32CubeIDE_2.1.1/STM32CubeIDE/plugins/com.st.stm32cube.ide.mcu.externaltools.gnu-tools-for-stm32.14.3.rel1.win32_1.0.100.202602081740/tools/bin/../lib/gcc/arm-none-eabi/14.3.1/thumb/v8-m.main+fp/hard/crtbegin.o

.data           0x20000000       0x60 load address 0x08001c98
                0x20000000                        . = ALIGN (0x8)
                0x08001c98                        _sidata = LOADADDR (.data)
                0x20000000                        __data_start__ = .
                0x20000000                        _sdata = .
 *(.data)
 *(.data*)
 .data._impure_ptr
                0x20000000        0x4 C:/ST/STM32CubeIDE_2.1.1/STM32CubeIDE/plugins/com.st.stm32cube.ide.mcu.externaltools.gnu-tools-for-stm32.14.3.rel1.win32_1.0.100.202602081740/tools/bin/../lib/gcc/arm-none-eabi/14.3.1/../../../../arm-none-eabi/lib/thumb/v8-m.main+fp/hard\libc_nano.a(libc_a-impure.o)
                0x20000000                _impure_ptr
 .data._impure_data
                0x20000004       0x4c C:/ST/STM32CubeIDE_2.1.1/STM32CubeIDE/plugins/com.st.stm32cube.ide.mcu.externaltools.gnu-tools-for-stm32.14.3.rel1.win32_1.0.100.202602081740/tools/bin/../lib/gcc/arm-none-eabi/14.3.1/../../../../arm-none-eabi/lib/thumb/v8-m.main+fp/hard\libc_nano.a(libc_a-impure.o)
                0x20000004                _impure_data
 .data.SystemCoreClock
                0x20000050        0x4 CMakeFiles/STM32C552_Project1.dir/user_modifiable/Device/STM32C552CET6/system_stm32c5xx.c.obj
                0x20000050                SystemCoreClock
 .data.uwTickPrio
                0x20000054        0x4 CMakeFiles/STM32C552_Project1.dir/stm32c5xx_drivers/hal/stm32c5xx_hal.c.obj
                0x20000054                uwTickPrio
 .data.uwTickFreq
                0x20000058        0x1 CMakeFiles/STM32C552_Project1.dir/stm32c5xx_drivers/hal/stm32c5xx_hal.c.obj
                0x20000058                uwTickFreq
                0x20000060                        . = ALIGN (0x8)
 *fill*         0x20000059        0x7 
                0x20000060                        _edata = .

.igot.plt       0x20000060        0x0 load address 0x08001cf8
 .igot.plt      0x20000060        0x0 C:/ST/STM32CubeIDE_2.1.1/STM32CubeIDE/plugins/com.st.stm32cube.ide.mcu.externaltools.gnu-tools-for-stm32.14.3.rel1.win32_1.0.100.202602081740/tools/bin/../lib/gcc/arm-none-eabi/14.3.1/thumb/v8-m.main+fp/hard/crtbegin.o

.bss            0x20000060      0x168 load address 0x08001cf8
                0x20000060                        . = ALIGN (0x8)
                0x20000060                        _sbss = .
                0x20000060                        __bss_start__ = _sbss
 *(.bss)
 .bss           0x20000060       0x1c C:/ST/STM32CubeIDE_2.1.1/STM32CubeIDE/plugins/com.st.stm32cube.ide.mcu.externaltools.gnu-tools-for-stm32.14.3.rel1.win32_1.0.100.202602081740/tools/bin/../lib/gcc/arm-none-eabi/14.3.1/thumb/v8-m.main+fp/hard/crtbegin.o
 *(.bss*)
 .bss.__sf      0x2000007c      0x138 C:/ST/STM32CubeIDE_2.1.1/STM32CubeIDE/plugins/com.st.stm32cube.ide.mcu.externaltools.gnu-tools-for-stm32.14.3.rel1.win32_1.0.100.202602081740/tools/bin/../lib/gcc/arm-none-eabi/14.3.1/../../../../arm-none-eabi/lib/thumb/v8-m.main+fp/hard\libc_nano.a(libc_a-findfp.o)
                0x2000007c                __sf
 .bss.__stdio_exit_handler
                0x200001b4        0x4 C:/ST/STM32CubeIDE_2.1.1/STM32CubeIDE/plugins/com.st.stm32cube.ide.mcu.externaltools.gnu-tools-for-stm32.14.3.rel1.win32_1.0.100.202602081740/tools/bin/../lib/gcc/arm-none-eabi/14.3.1/../../../../arm-none-eabi/lib/thumb/v8-m.main+fp/hard\libc_nano.a(libc_a-findfp.o)
                0x200001b4                __stdio_exit_handler
 .bss.hICACHE   0x200001b8        0x8 CMakeFiles/STM32C552_Project1.dir/generated/hal/mx_icache.c.obj
 .bss.uwTick    0x200001c0        0x4 CMakeFiles/STM32C552_Project1.dir/stm32c5xx_drivers/hal/stm32c5xx_hal.c.obj
                0x200001c0                uwTick
 *(COMMON)
                0x200001c8                        . = ALIGN (0x8)
 *fill*         0x200001c4        0x4 
                0x200001c8                        _ebss = .
                0x200001c8                        __bss_end__ = _ebss

.heap           0x200001c8      0x200 load address 0x08001cf8
                0x200001c8                        . = ALIGN (0x8)
                0x200001c8                        __end__ = .
                [!provide]                        PROVIDE (end = .)
                0x200001c8                        _heap_start = .
                0x200003c8                        . = (. + HEAP_SIZE)
 *fill*         0x200001c8      0x200 
                0x200003c8                        . = ALIGN (0x8)
                0x200003c8                        _heap_end = .
                0x200003c8                        __HeapLimit = .

.stack          0x200003c8      0x400 load address 0x08001cf8
                0x200003c8                        . = ALIGN (0x8)
                0x200003c8                        __StackLimit = .
                0x200007c8                        . = (. + STACK_SIZE)
 *fill*         0x200003c8      0x400 
                0x200007c8                        . = ALIGN (0x8)
                0x200007c8                        __StackTop = .
                0x200007c8                        _estack = .
                0x200007c8                        __stack = .

/DISCARD/
 libc.a(*)
 libm.a(*)
 libgcc.a(*)

.ARM.attributes
                0x00000000       0x36
 *(.ARM.attributes)
 .ARM.attributes
                0x00000000       0x26 C:/ST/STM32CubeIDE_2.1.1/STM32CubeIDE/plugins/com.st.stm32cube.ide.mcu.externaltools.gnu-tools-for-stm32.14.3.rel1.win32_1.0.100.202602081740/tools/bin/../lib/gcc/arm-none-eabi/14.3.1/thumb/v8-m.main+fp/hard/crti.o
 .ARM.attributes
                0x00000026       0x38 C:/ST/STM32CubeIDE_2.1.1/STM32CubeIDE/plugins/com.st.stm32cube.ide.mcu.externaltools.gnu-tools-for-stm32.14.3.rel1.win32_1.0.100.202602081740/tools/bin/../lib/gcc/arm-none-eabi/14.3.1/thumb/v8-m.main+fp/hard/crtbegin.o
 .ARM.attributes
                0x0000005e       0x24 C:/ST/STM32CubeIDE_2.1.1/STM32CubeIDE/plugins/com.st.stm32cube.ide.mcu.externaltools.gnu-tools-for-stm32.14.3.rel1.win32_1.0.100.202602081740/tools/bin/../lib/gcc/arm-none-eabi/14.3.1/../../../../arm-none-eabi/lib/thumb/v8-m.main+fp/hard/crt0.o
 .ARM.attributes
                0x00000082       0x38 C:/ST/STM32CubeIDE_2.1.1/STM32CubeIDE/plugins/com.st.stm32cube.ide.mcu.externaltools.gnu-tools-for-stm32.14.3.rel1.win32_1.0.100.202602081740/tools/bin/../lib/gcc/arm-none-eabi/14.3.1/../../../../arm-none-eabi/lib/thumb/v8-m.main+fp/hard\libc_nano.a(libc_a-exit.o)
 .ARM.attributes
                0x000000ba       0x38 C:/ST/STM32CubeIDE_2.1.1/STM32CubeIDE/plugins/com.st.stm32cube.ide.mcu.externaltools.gnu-tools-for-stm32.14.3.rel1.win32_1.0.100.202602081740/tools/bin/../lib/gcc/arm-none-eabi/14.3.1/../../../../arm-none-eabi/lib/thumb/v8-m.main+fp/hard\libc_nano.a(libc_a-findfp.o)
 .ARM.attributes
                0x000000f2       0x38 C:/ST/STM32CubeIDE_2.1.1/STM32CubeIDE/plugins/com.st.stm32cube.ide.mcu.externaltools.gnu-tools-for-stm32.14.3.rel1.win32_1.0.100.202602081740/tools/bin/../lib/gcc/arm-none-eabi/14.3.1/../../../../arm-none-eabi/lib/thumb/v8-m.main+fp/hard\libc_nano.a(libc_a-memset.o)
 .ARM.attributes
                0x0000012a       0x38 C:/ST/STM32CubeIDE_2.1.1/STM32CubeIDE/plugins/com.st.stm32cube.ide.mcu.externaltools.gnu-tools-for-stm32.14.3.rel1.win32_1.0.100.202602081740/tools/bin/../lib/gcc/arm-none-eabi/14.3.1/../../../../arm-none-eabi/lib/thumb/v8-m.main+fp/hard\libc_nano.a(libc_a-impure.o)
 .ARM.attributes
                0x00000162       0x38 C:/ST/STM32CubeIDE_2.1.1/STM32CubeIDE/plugins/com.st.stm32cube.ide.mcu.externaltools.gnu-tools-for-stm32.14.3.rel1.win32_1.0.100.202602081740/tools/bin/../lib/gcc/arm-none-eabi/14.3.1/../../../../arm-none-eabi/lib/thumb/v8-m.main+fp/hard\libc_nano.a(libc_a-init.o)
 .ARM.attributes
                0x0000019a       0x3a CMakeFiles/STM32C552_Project1.dir/main.c.obj
 .ARM.attributes
                0x000001d4       0x3a CMakeFiles/STM32C552_Project1.dir/generated/hal/mx_cortex_debug.c.obj
 .ARM.attributes
                0x0000020e       0x3a CMakeFiles/STM32C552_Project1.dir/generated/hal/mx_cortex_mpu.c.obj
 .ARM.attributes
                0x00000248       0x3a CMakeFiles/STM32C552_Project1.dir/generated/hal/mx_cortex_nvic.c.obj
 .ARM.attributes
                0x00000282       0x3a CMakeFiles/STM32C552_Project1.dir/generated/hal/mx_gpio_default.c.obj
 .ARM.attributes
                0x000002bc       0x3a CMakeFiles/STM32C552_Project1.dir/generated/hal/mx_icache.c.obj
 .ARM.attributes
                0x000002f6       0x3a CMakeFiles/STM32C552_Project1.dir/generated/hal/mx_rcc.c.obj
 .ARM.attributes
                0x00000330       0x3a CMakeFiles/STM32C552_Project1.dir/generated/hal/mx_system.c.obj
 .ARM.attributes
                0x0000036a       0x3a CMakeFiles/STM32C552_Project1.dir/user_modifiable/Device/STM32C552CET6/system_stm32c5xx.c.obj
 .ARM.attributes
                0x000003a4       0x3a CMakeFiles/STM32C552_Project1.dir/user_modifiable/Device/STM32C552CET6/startup_stm32c552xx.c.obj
 .ARM.attributes
                0x000003de       0x3a CMakeFiles/STM32C552_Project1.dir/stm32c5xx_drivers/hal/stm32c5xx_hal.c.obj
 .ARM.attributes
                0x00000418       0x3a CMakeFiles/STM32C552_Project1.dir/stm32c5xx_drivers/hal/stm32c5xx_hal_cortex.c.obj
 .ARM.attributes
                0x00000452       0x3a CMakeFiles/STM32C552_Project1.dir/stm32c5xx_drivers/hal/stm32c5xx_hal_flash_itf.c.obj
 .ARM.attributes
                0x0000048c       0x3a CMakeFiles/STM32C552_Project1.dir/stm32c5xx_drivers/hal/stm32c5xx_hal_gpio.c.obj
 .ARM.attributes
                0x000004c6       0x3a CMakeFiles/STM32C552_Project1.dir/stm32c5xx_drivers/hal/stm32c5xx_hal_icache.c.obj
 .ARM.attributes
                0x00000500       0x3a CMakeFiles/STM32C552_Project1.dir/stm32c5xx_drivers/hal/stm32c5xx_hal_rcc.c.obj
 .ARM.attributes
                0x0000053a       0x3a CMakeFiles/STM32C552_Project1.dir/utilities/syscalls/syscalls.c.obj
 .ARM.attributes
                0x00000574       0x38 C:/ST/STM32CubeIDE_2.1.1/STM32CubeIDE/plugins/com.st.stm32cube.ide.mcu.externaltools.gnu-tools-for-stm32.14.3.rel1.win32_1.0.100.202602081740/tools/bin/../lib/gcc/arm-none-eabi/14.3.1/../../../../arm-none-eabi/lib/thumb/v8-m.main+fp/hard\libc_nano.a(libc_a-errno.o)
 .ARM.attributes
                0x000005ac       0x26 C:/ST/STM32CubeIDE_2.1.1/STM32CubeIDE/plugins/com.st.stm32cube.ide.mcu.externaltools.gnu-tools-for-stm32.14.3.rel1.win32_1.0.100.202602081740/tools/bin/../lib/gcc/arm-none-eabi/14.3.1/thumb/v8-m.main+fp/hard/crtn.o
OUTPUT(STM32C552_Project1.elf elf32-littlearm)
LOAD linker stubs
LOAD C:/ST/STM32CubeIDE_2.1.1/STM32CubeIDE/plugins/com.st.stm32cube.ide.mcu.externaltools.gnu-tools-for-stm32.14.3.rel1.win32_1.0.100.202602081740/tools/bin/../lib/gcc/arm-none-eabi/14.3.1/../../../../arm-none-eabi/lib/thumb/v8-m.main+fp/hard\libc.a
LOAD C:/ST/STM32CubeIDE_2.1.1/STM32CubeIDE/plugins/com.st.stm32cube.ide.mcu.externaltools.gnu-tools-for-stm32.14.3.rel1.win32_1.0.100.202602081740/tools/bin/../lib/gcc/arm-none-eabi/14.3.1/../../../../arm-none-eabi/lib/thumb/v8-m.main+fp/hard\libm.a
LOAD C:/ST/STM32CubeIDE_2.1.1/STM32CubeIDE/plugins/com.st.stm32cube.ide.mcu.externaltools.gnu-tools-for-stm32.14.3.rel1.win32_1.0.100.202602081740/tools/bin/../lib/gcc/arm-none-eabi/14.3.1/thumb/v8-m.main+fp/hard\libgcc.a

.debug_frame    0x00000000     0x5784
 .debug_frame   0x00000000       0x28 C:/ST/STM32CubeIDE_2.1.1/STM32CubeIDE/plugins/com.st.stm32cube.ide.mcu.externaltools.gnu-tools-for-stm32.14.3.rel1.win32_1.0.100.202602081740/tools/bin/../lib/gcc/arm-none-eabi/14.3.1/../../../../arm-none-eabi/lib/thumb/v8-m.main+fp/hard\libc_nano.a(libc_a-exit.o)
 .debug_frame   0x00000028      0x144 C:/ST/STM32CubeIDE_2.1.1/STM32CubeIDE/plugins/com.st.stm32cube.ide.mcu.externaltools.gnu-tools-for-stm32.14.3.rel1.win32_1.0.100.202602081740/tools/bin/../lib/gcc/arm-none-eabi/14.3.1/../../../../arm-none-eabi/lib/thumb/v8-m.main+fp/hard\libc_nano.a(libc_a-findfp.o)
 .debug_frame   0x0000016c       0x20 C:/ST/STM32CubeIDE_2.1.1/STM32CubeIDE/plugins/com.st.stm32cube.ide.mcu.externaltools.gnu-tools-for-stm32.14.3.rel1.win32_1.0.100.202602081740/tools/bin/../lib/gcc/arm-none-eabi/14.3.1/../../../../arm-none-eabi/lib/thumb/v8-m.main+fp/hard\libc_nano.a(libc_a-memset.o)
 .debug_frame   0x0000018c       0x2c C:/ST/STM32CubeIDE_2.1.1/STM32CubeIDE/plugins/com.st.stm32cube.ide.mcu.externaltools.gnu-tools-for-stm32.14.3.rel1.win32_1.0.100.202602081740/tools/bin/../lib/gcc/arm-none-eabi/14.3.1/../../../../arm-none-eabi/lib/thumb/v8-m.main+fp/hard\libc_nano.a(libc_a-init.o)
 .debug_frame   0x000001b8       0x2c CMakeFiles/STM32C552_Project1.dir/main.c.obj
 .debug_frame   0x000001e4       0xac CMakeFiles/STM32C552_Project1.dir/generated/hal/mx_cortex_debug.c.obj
 .debug_frame   0x00000290       0x58 CMakeFiles/STM32C552_Project1.dir/generated/hal/mx_cortex_mpu.c.obj
 .debug_frame   0x000002e8       0x2c CMakeFiles/STM32C552_Project1.dir/generated/hal/mx_cortex_nvic.c.obj
 .debug_frame   0x00000314       0xac CMakeFiles/STM32C552_Project1.dir/generated/hal/mx_gpio_default.c.obj
 .debug_frame   0x000003c0       0x64 CMakeFiles/STM32C552_Project1.dir/generated/hal/mx_icache.c.obj
 .debug_frame   0x00000424       0x6c CMakeFiles/STM32C552_Project1.dir/generated/hal/mx_rcc.c.obj
 .debug_frame   0x00000490       0x80 CMakeFiles/STM32C552_Project1.dir/generated/hal/mx_system.c.obj
 .debug_frame   0x00000510       0x90 CMakeFiles/STM32C552_Project1.dir/user_modifiable/Device/STM32C552CET6/system_stm32c5xx.c.obj
 .debug_frame   0x000005a0       0x7c CMakeFiles/STM32C552_Project1.dir/user_modifiable/Device/STM32C552CET6/startup_stm32c552xx.c.obj
 .debug_frame   0x0000061c      0x424 CMakeFiles/STM32C552_Project1.dir/stm32c5xx_drivers/hal/stm32c5xx_hal.c.obj
 .debug_frame   0x00000a40      0x850 CMakeFiles/STM32C552_Project1.dir/stm32c5xx_drivers/hal/stm32c5xx_hal_cortex.c.obj
 .debug_frame   0x00001290     0x15b8 CMakeFiles/STM32C552_Project1.dir/stm32c5xx_drivers/hal/stm32c5xx_hal_flash_itf.c.obj
 .debug_frame   0x00002848      0x2bc CMakeFiles/STM32C552_Project1.dir/stm32c5xx_drivers/hal/stm32c5xx_hal_gpio.c.obj
 .debug_frame   0x00002b04      0x68c CMakeFiles/STM32C552_Project1.dir/stm32c5xx_drivers/hal/stm32c5xx_hal_icache.c.obj
 .debug_frame   0x00003190     0x234c CMakeFiles/STM32C552_Project1.dir/stm32c5xx_drivers/hal/stm32c5xx_hal_rcc.c.obj
 .debug_frame   0x000054dc      0x288 CMakeFiles/STM32C552_Project1.dir/utilities/syscalls/syscalls.c.obj
 .debug_frame   0x00005764       0x20 C:/ST/STM32CubeIDE_2.1.1/STM32CubeIDE/plugins/com.st.stm32cube.ide.mcu.externaltools.gnu-tools-for-stm32.14.3.rel1.win32_1.0.100.202602081740/tools/bin/../lib/gcc/arm-none-eabi/14.3.1/../../../../arm-none-eabi/lib/thumb/v8-m.main+fp/hard\libc_nano.a(libc_a-errno.o)

.debug_info     0x00000000     0xe7de
 .debug_info    0x00000000      0x1e8 CMakeFiles/STM32C552_Project1.dir/main.c.obj
 .debug_info    0x000001e8      0x752 CMakeFiles/STM32C552_Project1.dir/generated/hal/mx_cortex_debug.c.obj
 .debug_info    0x0000093a      0x441 CMakeFiles/STM32C552_Project1.dir/generated/hal/mx_cortex_mpu.c.obj
 .debug_info    0x00000d7b      0x53d CMakeFiles/STM32C552_Project1.dir/generated/hal/mx_cortex_nvic.c.obj
 .debug_info    0x000012b8      0x756 CMakeFiles/STM32C552_Project1.dir/generated/hal/mx_gpio_default.c.obj
 .debug_info    0x00001a0e      0x200 CMakeFiles/STM32C552_Project1.dir/generated/hal/mx_icache.c.obj
 .debug_info    0x00001c0e      0x54a CMakeFiles/STM32C552_Project1.dir/generated/hal/mx_rcc.c.obj
 .debug_info    0x00002158      0x2d3 CMakeFiles/STM32C552_Project1.dir/generated/hal/mx_system.c.obj
 .debug_info    0x0000242b      0x79e CMakeFiles/STM32C552_Project1.dir/user_modifiable/Device/STM32C552CET6/system_stm32c5xx.c.obj
 .debug_info    0x00002bc9      0x375 CMakeFiles/STM32C552_Project1.dir/user_modifiable/Device/STM32C552CET6/startup_stm32c552xx.c.obj
 .debug_info    0x00002f3e     0x1029 CMakeFiles/STM32C552_Project1.dir/stm32c5xx_drivers/hal/stm32c5xx_hal.c.obj
 .debug_info    0x00003f67     0x195e CMakeFiles/STM32C552_Project1.dir/stm32c5xx_drivers/hal/stm32c5xx_hal_cortex.c.obj
 .debug_info    0x000058c5     0x290c CMakeFiles/STM32C552_Project1.dir/stm32c5xx_drivers/hal/stm32c5xx_hal_flash_itf.c.obj
 .debug_info    0x000081d1     0x1037 CMakeFiles/STM32C552_Project1.dir/stm32c5xx_drivers/hal/stm32c5xx_hal_gpio.c.obj
 .debug_info    0x00009208      0xe1b CMakeFiles/STM32C552_Project1.dir/stm32c5xx_drivers/hal/stm32c5xx_hal_icache.c.obj
 .debug_info    0x0000a023     0x410d CMakeFiles/STM32C552_Project1.dir/stm32c5xx_drivers/hal/stm32c5xx_hal_rcc.c.obj
 .debug_info    0x0000e130      0x6ae CMakeFiles/STM32C552_Project1.dir/utilities/syscalls/syscalls.c.obj

.debug_abbrev   0x00000000     0x22d1
 .debug_abbrev  0x00000000       0xc5 CMakeFiles/STM32C552_Project1.dir/main.c.obj
 .debug_abbrev  0x000000c5      0x26a CMakeFiles/STM32C552_Project1.dir/generated/hal/mx_cortex_debug.c.obj
 .debug_abbrev  0x0000032f      0x124 CMakeFiles/STM32C552_Project1.dir/generated/hal/mx_cortex_mpu.c.obj
 .debug_abbrev  0x00000453       0xec CMakeFiles/STM32C552_Project1.dir/generated/hal/mx_cortex_nvic.c.obj
 .debug_abbrev  0x0000053f      0x26c CMakeFiles/STM32C552_Project1.dir/generated/hal/mx_gpio_default.c.obj
 .debug_abbrev  0x000007ab      0x129 CMakeFiles/STM32C552_Project1.dir/generated/hal/mx_icache.c.obj
 .debug_abbrev  0x000008d4      0x164 CMakeFiles/STM32C552_Project1.dir/generated/hal/mx_rcc.c.obj
 .debug_abbrev  0x00000a38      0x140 CMakeFiles/STM32C552_Project1.dir/generated/hal/mx_system.c.obj
 .debug_abbrev  0x00000b78      0x187 CMakeFiles/STM32C552_Project1.dir/user_modifiable/Device/STM32C552CET6/system_stm32c5xx.c.obj
 .debug_abbrev  0x00000cff      0x21e CMakeFiles/STM32C552_Project1.dir/user_modifiable/Device/STM32C552CET6/startup_stm32c552xx.c.obj
 .debug_abbrev  0x00000f1d      0x320 CMakeFiles/STM32C552_Project1.dir/stm32c5xx_drivers/hal/stm32c5xx_hal.c.obj
 .debug_abbrev  0x0000123d      0x3f2 CMakeFiles/STM32C552_Project1.dir/stm32c5xx_drivers/hal/stm32c5xx_hal_cortex.c.obj
 .debug_abbrev  0x0000162f      0x227 CMakeFiles/STM32C552_Project1.dir/stm32c5xx_drivers/hal/stm32c5xx_hal_flash_itf.c.obj
 .debug_abbrev  0x00001856      0x2a8 CMakeFiles/STM32C552_Project1.dir/stm32c5xx_drivers/hal/stm32c5xx_hal_gpio.c.obj
 .debug_abbrev  0x00001afe      0x22a CMakeFiles/STM32C552_Project1.dir/stm32c5xx_drivers/hal/stm32c5xx_hal_icache.c.obj
 .debug_abbrev  0x00001d28      0x391 CMakeFiles/STM32C552_Project1.dir/stm32c5xx_drivers/hal/stm32c5xx_hal_rcc.c.obj
 .debug_abbrev  0x000020b9      0x218 CMakeFiles/STM32C552_Project1.dir/utilities/syscalls/syscalls.c.obj

.debug_aranges  0x00000000     0x15b0
 .debug_aranges
                0x00000000       0x20 CMakeFiles/STM32C552_Project1.dir/main.c.obj
 .debug_aranges
                0x00000020       0x40 CMakeFiles/STM32C552_Project1.dir/generated/hal/mx_cortex_debug.c.obj
 .debug_aranges
                0x00000060       0x28 CMakeFiles/STM32C552_Project1.dir/generated/hal/mx_cortex_mpu.c.obj
 .debug_aranges
                0x00000088       0x20 CMakeFiles/STM32C552_Project1.dir/generated/hal/mx_cortex_nvic.c.obj
 .debug_aranges
                0x000000a8       0x40 CMakeFiles/STM32C552_Project1.dir/generated/hal/mx_gpio_default.c.obj
 .debug_aranges
                0x000000e8       0x30 CMakeFiles/STM32C552_Project1.dir/generated/hal/mx_icache.c.obj
 .debug_aranges
                0x00000118       0x30 CMakeFiles/STM32C552_Project1.dir/generated/hal/mx_rcc.c.obj
 .debug_aranges
                0x00000148       0x38 CMakeFiles/STM32C552_Project1.dir/generated/hal/mx_system.c.obj
 .debug_aranges
                0x00000180       0x38 CMakeFiles/STM32C552_Project1.dir/user_modifiable/Device/STM32C552CET6/system_stm32c5xx.c.obj
 .debug_aranges
                0x000001b8       0x38 CMakeFiles/STM32C552_Project1.dir/user_modifiable/Device/STM32C552CET6/startup_stm32c552xx.c.obj
 .debug_aranges
                0x000001f0      0x118 CMakeFiles/STM32C552_Project1.dir/stm32c5xx_drivers/hal/stm32c5xx_hal.c.obj
 .debug_aranges
                0x00000308      0x208 CMakeFiles/STM32C552_Project1.dir/stm32c5xx_drivers/hal/stm32c5xx_hal_cortex.c.obj
 .debug_aranges
                0x00000510      0x4e8 CMakeFiles/STM32C552_Project1.dir/stm32c5xx_drivers/hal/stm32c5xx_hal_flash_itf.c.obj
 .debug_aranges
                0x000009f8       0xb0 CMakeFiles/STM32C552_Project1.dir/stm32c5xx_drivers/hal/stm32c5xx_hal_gpio.c.obj
 .debug_aranges
                0x00000aa8      0x188 CMakeFiles/STM32C552_Project1.dir/stm32c5xx_drivers/hal/stm32c5xx_hal_icache.c.obj
 .debug_aranges
                0x00000c30      0x8d8 CMakeFiles/STM32C552_Project1.dir/stm32c5xx_drivers/hal/stm32c5xx_hal_rcc.c.obj
 .debug_aranges
                0x00001508       0xa8 CMakeFiles/STM32C552_Project1.dir/utilities/syscalls/syscalls.c.obj

.debug_rnglists
                0x00000000     0x1021
 .debug_rnglists
                0x00000000       0x14 CMakeFiles/STM32C552_Project1.dir/main.c.obj
 .debug_rnglists
                0x00000014       0x2c CMakeFiles/STM32C552_Project1.dir/generated/hal/mx_cortex_debug.c.obj
 .debug_rnglists
                0x00000040       0x1a CMakeFiles/STM32C552_Project1.dir/generated/hal/mx_cortex_mpu.c.obj
 .debug_rnglists
                0x0000005a       0x13 CMakeFiles/STM32C552_Project1.dir/generated/hal/mx_cortex_nvic.c.obj
 .debug_rnglists
                0x0000006d       0x2c CMakeFiles/STM32C552_Project1.dir/generated/hal/mx_gpio_default.c.obj
 .debug_rnglists
                0x00000099       0x1f CMakeFiles/STM32C552_Project1.dir/generated/hal/mx_icache.c.obj
 .debug_rnglists
                0x000000b8       0x20 CMakeFiles/STM32C552_Project1.dir/generated/hal/mx_rcc.c.obj
 .debug_rnglists
                0x000000d8       0x26 CMakeFiles/STM32C552_Project1.dir/generated/hal/mx_system.c.obj
 .debug_rnglists
                0x000000fe       0x26 CMakeFiles/STM32C552_Project1.dir/user_modifiable/Device/STM32C552CET6/system_stm32c5xx.c.obj
 .debug_rnglists
                0x00000124       0x26 CMakeFiles/STM32C552_Project1.dir/user_modifiable/Device/STM32C552CET6/startup_stm32c552xx.c.obj
 .debug_rnglists
                0x0000014a       0xcd CMakeFiles/STM32C552_Project1.dir/stm32c5xx_drivers/hal/stm32c5xx_hal.c.obj
 .debug_rnglists
                0x00000217      0x181 CMakeFiles/STM32C552_Project1.dir/stm32c5xx_drivers/hal/stm32c5xx_hal_cortex.c.obj
 .debug_rnglists
                0x00000398      0x3aa CMakeFiles/STM32C552_Project1.dir/stm32c5xx_drivers/hal/stm32c5xx_hal_flash_itf.c.obj
 .debug_rnglists
                0x00000742       0x86 CMakeFiles/STM32C552_Project1.dir/stm32c5xx_drivers/hal/stm32c5xx_hal_gpio.c.obj
 .debug_rnglists
                0x000007c8      0x121 CMakeFiles/STM32C552_Project1.dir/stm32c5xx_drivers/hal/stm32c5xx_hal_icache.c.obj
 .debug_rnglists
                0x000008e9      0x6bf CMakeFiles/STM32C552_Project1.dir/stm32c5xx_drivers/hal/stm32c5xx_hal_rcc.c.obj
 .debug_rnglists
                0x00000fa8       0x79 CMakeFiles/STM32C552_Project1.dir/utilities/syscalls/syscalls.c.obj

.debug_macro    0x00000000    0x1ac68
 .debug_macro   0x00000000      0x2fd CMakeFiles/STM32C552_Project1.dir/main.c.obj
 .debug_macro   0x000002fd      0xb98 CMakeFiles/STM32C552_Project1.dir/main.c.obj
 .debug_macro   0x00000e95       0x10 CMakeFiles/STM32C552_Project1.dir/main.c.obj
 .debug_macro   0x00000ea5       0x11 CMakeFiles/STM32C552_Project1.dir/main.c.obj
 .debug_macro   0x00000eb6      0x190 CMakeFiles/STM32C552_Project1.dir/main.c.obj
 .debug_macro   0x00001046      0x5f7 CMakeFiles/STM32C552_Project1.dir/main.c.obj
 .debug_macro   0x0000163d       0x22 CMakeFiles/STM32C552_Project1.dir/main.c.obj
 .debug_macro   0x0000165f       0x28 CMakeFiles/STM32C552_Project1.dir/main.c.obj
 .debug_macro   0x00001687       0x42 CMakeFiles/STM32C552_Project1.dir/main.c.obj
 .debug_macro   0x000016c9       0x22 CMakeFiles/STM32C552_Project1.dir/main.c.obj
 .debug_macro   0x000016eb       0x8e CMakeFiles/STM32C552_Project1.dir/main.c.obj
 .debug_macro   0x00001779       0x51 CMakeFiles/STM32C552_Project1.dir/main.c.obj
 .debug_macro   0x000017ca      0x103 CMakeFiles/STM32C552_Project1.dir/main.c.obj
 .debug_macro   0x000018cd       0x6a CMakeFiles/STM32C552_Project1.dir/main.c.obj
 .debug_macro   0x00001937      0x1df CMakeFiles/STM32C552_Project1.dir/main.c.obj
 .debug_macro   0x00001b16       0x2e CMakeFiles/STM32C552_Project1.dir/main.c.obj
 .debug_macro   0x00001b44       0x18 CMakeFiles/STM32C552_Project1.dir/main.c.obj
 .debug_macro   0x00001b5c       0x58 CMakeFiles/STM32C552_Project1.dir/main.c.obj
 .debug_macro   0x00001bb4      0x26d CMakeFiles/STM32C552_Project1.dir/main.c.obj
 .debug_macro   0x00001e21       0x28 CMakeFiles/STM32C552_Project1.dir/main.c.obj
 .debug_macro   0x00001e49     0x16f5 CMakeFiles/STM32C552_Project1.dir/main.c.obj
 .debug_macro   0x0000353e      0x130 CMakeFiles/STM32C552_Project1.dir/main.c.obj
 .debug_macro   0x0000366e    0x11a73 CMakeFiles/STM32C552_Project1.dir/main.c.obj
 .debug_macro   0x000150e1       0x93 CMakeFiles/STM32C552_Project1.dir/main.c.obj
 .debug_macro   0x00015174       0x61 CMakeFiles/STM32C552_Project1.dir/main.c.obj
 .debug_macro   0x000151d5       0x2a CMakeFiles/STM32C552_Project1.dir/main.c.obj
 .debug_macro   0x000151ff       0x43 CMakeFiles/STM32C552_Project1.dir/main.c.obj
 .debug_macro   0x00015242       0x34 CMakeFiles/STM32C552_Project1.dir/main.c.obj
 .debug_macro   0x00015276      0x364 CMakeFiles/STM32C552_Project1.dir/main.c.obj
 .debug_macro   0x000155da       0x16 CMakeFiles/STM32C552_Project1.dir/main.c.obj
 .debug_macro   0x000155f0       0x4a CMakeFiles/STM32C552_Project1.dir/main.c.obj
 .debug_macro   0x0001563a       0x34 CMakeFiles/STM32C552_Project1.dir/main.c.obj
 .debug_macro   0x0001566e       0x10 CMakeFiles/STM32C552_Project1.dir/main.c.obj
 .debug_macro   0x0001567e       0x58 CMakeFiles/STM32C552_Project1.dir/main.c.obj
 .debug_macro   0x000156d6       0x8e CMakeFiles/STM32C552_Project1.dir/main.c.obj
 .debug_macro   0x00015764       0x1c CMakeFiles/STM32C552_Project1.dir/main.c.obj
 .debug_macro   0x00015780      0x17e CMakeFiles/STM32C552_Project1.dir/main.c.obj
 .debug_macro   0x000158fe      0x19b CMakeFiles/STM32C552_Project1.dir/main.c.obj
 .debug_macro   0x00015a99       0x51 CMakeFiles/STM32C552_Project1.dir/main.c.obj
 .debug_macro   0x00015aea       0x52 CMakeFiles/STM32C552_Project1.dir/main.c.obj
 .debug_macro   0x00015b3c       0x10 CMakeFiles/STM32C552_Project1.dir/main.c.obj
 .debug_macro   0x00015b4c       0x22 CMakeFiles/STM32C552_Project1.dir/main.c.obj
 .debug_macro   0x00015b6e      0x72c CMakeFiles/STM32C552_Project1.dir/main.c.obj
 .debug_macro   0x0001629a      0x210 CMakeFiles/STM32C552_Project1.dir/main.c.obj
 .debug_macro   0x000164aa       0xef CMakeFiles/STM32C552_Project1.dir/main.c.obj
 .debug_macro   0x00016599       0x35 CMakeFiles/STM32C552_Project1.dir/main.c.obj
 .debug_macro   0x000165ce      0x161 CMakeFiles/STM32C552_Project1.dir/main.c.obj
 .debug_macro   0x0001672f      0x727 CMakeFiles/STM32C552_Project1.dir/main.c.obj
 .debug_macro   0x00016e56       0x1f CMakeFiles/STM32C552_Project1.dir/main.c.obj
 .debug_macro   0x00016e75      0x432 CMakeFiles/STM32C552_Project1.dir/main.c.obj
 .debug_macro   0x000172a7       0x22 CMakeFiles/STM32C552_Project1.dir/main.c.obj
 .debug_macro   0x000172c9       0xd7 CMakeFiles/STM32C552_Project1.dir/main.c.obj
 .debug_macro   0x000173a0       0x27 CMakeFiles/STM32C552_Project1.dir/main.c.obj
 .debug_macro   0x000173c7       0x81 CMakeFiles/STM32C552_Project1.dir/main.c.obj
 .debug_macro   0x00017448       0x12 CMakeFiles/STM32C552_Project1.dir/main.c.obj
 .debug_macro   0x0001745a       0x64 CMakeFiles/STM32C552_Project1.dir/main.c.obj
 .debug_macro   0x000174be      0x2aa CMakeFiles/STM32C552_Project1.dir/generated/hal/mx_cortex_debug.c.obj
 .debug_macro   0x00017768      0x2aa CMakeFiles/STM32C552_Project1.dir/generated/hal/mx_cortex_mpu.c.obj
 .debug_macro   0x00017a12      0x2aa CMakeFiles/STM32C552_Project1.dir/generated/hal/mx_cortex_nvic.c.obj
 .debug_macro   0x00017cbc      0x2af CMakeFiles/STM32C552_Project1.dir/generated/hal/mx_gpio_default.c.obj
 .debug_macro   0x00017f6b       0x5e CMakeFiles/STM32C552_Project1.dir/generated/hal/mx_gpio_default.c.obj
 .debug_macro   0x00017fc9      0x29c CMakeFiles/STM32C552_Project1.dir/generated/hal/mx_icache.c.obj
 .debug_macro   0x00018265      0x2aa CMakeFiles/STM32C552_Project1.dir/generated/hal/mx_rcc.c.obj
 .debug_macro   0x0001850f      0x2ef CMakeFiles/STM32C552_Project1.dir/generated/hal/mx_system.c.obj
 .debug_macro   0x000187fe      0x1bd CMakeFiles/STM32C552_Project1.dir/user_modifiable/Device/STM32C552CET6/system_stm32c5xx.c.obj
 .debug_macro   0x000189bb       0xea CMakeFiles/STM32C552_Project1.dir/user_modifiable/Device/STM32C552CET6/startup_stm32c552xx.c.obj
 .debug_macro   0x00018aa5      0x2c8 CMakeFiles/STM32C552_Project1.dir/stm32c5xx_drivers/hal/stm32c5xx_hal.c.obj
 .debug_macro   0x00018d6d      0x325 CMakeFiles/STM32C552_Project1.dir/stm32c5xx_drivers/hal/stm32c5xx_hal_cortex.c.obj
 .debug_macro   0x00019092      0x341 CMakeFiles/STM32C552_Project1.dir/stm32c5xx_drivers/hal/stm32c5xx_hal_flash_itf.c.obj
 .debug_macro   0x000193d3      0x2ed CMakeFiles/STM32C552_Project1.dir/stm32c5xx_drivers/hal/stm32c5xx_hal_gpio.c.obj
 .debug_macro   0x000196c0      0x2d1 CMakeFiles/STM32C552_Project1.dir/stm32c5xx_drivers/hal/stm32c5xx_hal_icache.c.obj
 .debug_macro   0x00019991      0x467 CMakeFiles/STM32C552_Project1.dir/stm32c5xx_drivers/hal/stm32c5xx_hal_rcc.c.obj
 .debug_macro   0x00019df8      0x286 CMakeFiles/STM32C552_Project1.dir/utilities/syscalls/syscalls.c.obj
 .debug_macro   0x0001a07e       0x5b CMakeFiles/STM32C552_Project1.dir/utilities/syscalls/syscalls.c.obj
 .debug_macro   0x0001a0d9       0x94 CMakeFiles/STM32C552_Project1.dir/utilities/syscalls/syscalls.c.obj
 .debug_macro   0x0001a16d       0x57 CMakeFiles/STM32C552_Project1.dir/utilities/syscalls/syscalls.c.obj
 .debug_macro   0x0001a1c4       0x10 CMakeFiles/STM32C552_Project1.dir/utilities/syscalls/syscalls.c.obj
 .debug_macro   0x0001a1d4       0x3c CMakeFiles/STM32C552_Project1.dir/utilities/syscalls/syscalls.c.obj
 .debug_macro   0x0001a210       0x10 CMakeFiles/STM32C552_Project1.dir/utilities/syscalls/syscalls.c.obj
 .debug_macro   0x0001a220       0x10 CMakeFiles/STM32C552_Project1.dir/utilities/syscalls/syscalls.c.obj
 .debug_macro   0x0001a230       0x10 CMakeFiles/STM32C552_Project1.dir/utilities/syscalls/syscalls.c.obj
 .debug_macro   0x0001a240       0x1c CMakeFiles/STM32C552_Project1.dir/utilities/syscalls/syscalls.c.obj
 .debug_macro   0x0001a25c       0x52 CMakeFiles/STM32C552_Project1.dir/utilities/syscalls/syscalls.c.obj
 .debug_macro   0x0001a2ae       0x22 CMakeFiles/STM32C552_Project1.dir/utilities/syscalls/syscalls.c.obj
 .debug_macro   0x0001a2d0       0x10 CMakeFiles/STM32C552_Project1.dir/utilities/syscalls/syscalls.c.obj
 .debug_macro   0x0001a2e0       0x52 CMakeFiles/STM32C552_Project1.dir/utilities/syscalls/syscalls.c.obj
 .debug_macro   0x0001a332       0xcf CMakeFiles/STM32C552_Project1.dir/utilities/syscalls/syscalls.c.obj
 .debug_macro   0x0001a401       0x1c CMakeFiles/STM32C552_Project1.dir/utilities/syscalls/syscalls.c.obj
 .debug_macro   0x0001a41d       0x3d CMakeFiles/STM32C552_Project1.dir/utilities/syscalls/syscalls.c.obj
 .debug_macro   0x0001a45a       0x35 CMakeFiles/STM32C552_Project1.dir/utilities/syscalls/syscalls.c.obj
 .debug_macro   0x0001a48f      0x12c CMakeFiles/STM32C552_Project1.dir/utilities/syscalls/syscalls.c.obj
 .debug_macro   0x0001a5bb       0x16 CMakeFiles/STM32C552_Project1.dir/utilities/syscalls/syscalls.c.obj
 .debug_macro   0x0001a5d1       0x16 CMakeFiles/STM32C552_Project1.dir/utilities/syscalls/syscalls.c.obj
 .debug_macro   0x0001a5e7       0x29 CMakeFiles/STM32C552_Project1.dir/utilities/syscalls/syscalls.c.obj
 .debug_macro   0x0001a610       0x10 CMakeFiles/STM32C552_Project1.dir/utilities/syscalls/syscalls.c.obj
 .debug_macro   0x0001a620      0x242 CMakeFiles/STM32C552_Project1.dir/utilities/syscalls/syscalls.c.obj
 .debug_macro   0x0001a862       0x1c CMakeFiles/STM32C552_Project1.dir/utilities/syscalls/syscalls.c.obj
 .debug_macro   0x0001a87e       0x10 CMakeFiles/STM32C552_Project1.dir/utilities/syscalls/syscalls.c.obj
 .debug_macro   0x0001a88e       0x10 CMakeFiles/STM32C552_Project1.dir/utilities/syscalls/syscalls.c.obj
 .debug_macro   0x0001a89e       0x16 CMakeFiles/STM32C552_Project1.dir/utilities/syscalls/syscalls.c.obj
 .debug_macro   0x0001a8b4      0x146 CMakeFiles/STM32C552_Project1.dir/utilities/syscalls/syscalls.c.obj
 .debug_macro   0x0001a9fa      0x18a CMakeFiles/STM32C552_Project1.dir/utilities/syscalls/syscalls.c.obj
 .debug_macro   0x0001ab84       0x16 CMakeFiles/STM32C552_Project1.dir/utilities/syscalls/syscalls.c.obj
 .debug_macro   0x0001ab9a       0xce CMakeFiles/STM32C552_Project1.dir/utilities/syscalls/syscalls.c.obj

.debug_line     0x00000000    0x106be
 .debug_line    0x00000000      0xb08 CMakeFiles/STM32C552_Project1.dir/main.c.obj
 .debug_line    0x00000b08      0xaf4 CMakeFiles/STM32C552_Project1.dir/generated/hal/mx_cortex_debug.c.obj
 .debug_line    0x000015fc      0xa8d CMakeFiles/STM32C552_Project1.dir/generated/hal/mx_cortex_mpu.c.obj
 .debug_line    0x00002089      0xa37 CMakeFiles/STM32C552_Project1.dir/generated/hal/mx_cortex_nvic.c.obj
 .debug_line    0x00002ac0      0xafd CMakeFiles/STM32C552_Project1.dir/generated/hal/mx_gpio_default.c.obj
 .debug_line    0x000035bd      0xa56 CMakeFiles/STM32C552_Project1.dir/generated/hal/mx_icache.c.obj
 .debug_line    0x00004013      0xab2 CMakeFiles/STM32C552_Project1.dir/generated/hal/mx_rcc.c.obj
 .debug_line    0x00004ac5      0xb82 CMakeFiles/STM32C552_Project1.dir/generated/hal/mx_system.c.obj
 .debug_line    0x00005647      0x8c0 CMakeFiles/STM32C552_Project1.dir/user_modifiable/Device/STM32C552CET6/system_stm32c5xx.c.obj
 .debug_line    0x00005f07      0x79d CMakeFiles/STM32C552_Project1.dir/user_modifiable/Device/STM32C552CET6/startup_stm32c552xx.c.obj
 .debug_line    0x000066a4      0xdfa CMakeFiles/STM32C552_Project1.dir/stm32c5xx_drivers/hal/stm32c5xx_hal.c.obj
 .debug_line    0x0000749e     0x1351 CMakeFiles/STM32C552_Project1.dir/stm32c5xx_drivers/hal/stm32c5xx_hal_cortex.c.obj
 .debug_line    0x000087ef     0x1f52 CMakeFiles/STM32C552_Project1.dir/stm32c5xx_drivers/hal/stm32c5xx_hal_flash_itf.c.obj
 .debug_line    0x0000a741      0xff9 CMakeFiles/STM32C552_Project1.dir/stm32c5xx_drivers/hal/stm32c5xx_hal_gpio.c.obj
 .debug_line    0x0000b73a     0x103b CMakeFiles/STM32C552_Project1.dir/stm32c5xx_drivers/hal/stm32c5xx_hal_icache.c.obj
 .debug_line    0x0000c775     0x35a6 CMakeFiles/STM32C552_Project1.dir/stm32c5xx_drivers/hal/stm32c5xx_hal_rcc.c.obj
 .debug_line    0x0000fd1b      0x9a3 CMakeFiles/STM32C552_Project1.dir/utilities/syscalls/syscalls.c.obj

.debug_str      0x00000000    0x9908c
 .debug_str     0x00000000    0x9908c CMakeFiles/STM32C552_Project1.dir/main.c.obj
                              0x8868e (size before relaxing)
 .debug_str     0x0009908c    0x88945 CMakeFiles/STM32C552_Project1.dir/generated/hal/mx_cortex_debug.c.obj
 .debug_str     0x0009908c    0x88b1c CMakeFiles/STM32C552_Project1.dir/generated/hal/mx_cortex_mpu.c.obj
 .debug_str     0x0009908c    0x88e0c CMakeFiles/STM32C552_Project1.dir/generated/hal/mx_cortex_nvic.c.obj
 .debug_str     0x0009908c    0x88b12 CMakeFiles/STM32C552_Project1.dir/generated/hal/mx_gpio_default.c.obj
 .debug_str     0x0009908c    0x8842a CMakeFiles/STM32C552_Project1.dir/generated/hal/mx_icache.c.obj
 .debug_str     0x0009908c    0x88b50 CMakeFiles/STM32C552_Project1.dir/generated/hal/mx_rcc.c.obj
 .debug_str     0x0009908c    0x88814 CMakeFiles/STM32C552_Project1.dir/generated/hal/mx_system.c.obj
 .debug_str     0x0009908c    0x7a80a CMakeFiles/STM32C552_Project1.dir/user_modifiable/Device/STM32C552CET6/system_stm32c5xx.c.obj
 .debug_str     0x0009908c    0x75f6d CMakeFiles/STM32C552_Project1.dir/user_modifiable/Device/STM32C552CET6/startup_stm32c552xx.c.obj
 .debug_str     0x0009908c    0x8970f CMakeFiles/STM32C552_Project1.dir/stm32c5xx_drivers/hal/stm32c5xx_hal.c.obj
 .debug_str     0x0009908c    0x8af16 CMakeFiles/STM32C552_Project1.dir/stm32c5xx_drivers/hal/stm32c5xx_hal_cortex.c.obj
 .debug_str     0x0009908c    0x8b000 CMakeFiles/STM32C552_Project1.dir/stm32c5xx_drivers/hal/stm32c5xx_hal_flash_itf.c.obj
 .debug_str     0x0009908c    0x891b8 CMakeFiles/STM32C552_Project1.dir/stm32c5xx_drivers/hal/stm32c5xx_hal_gpio.c.obj
 .debug_str     0x0009908c    0x89035 CMakeFiles/STM32C552_Project1.dir/stm32c5xx_drivers/hal/stm32c5xx_hal_icache.c.obj
 .debug_str     0x0009908c    0x8eb93 CMakeFiles/STM32C552_Project1.dir/stm32c5xx_drivers/hal/stm32c5xx_hal_rcc.c.obj
 .debug_str     0x0009908c     0xa03c CMakeFiles/STM32C552_Project1.dir/utilities/syscalls/syscalls.c.obj

.comment        0x00000000       0x43
 .comment       0x00000000       0x43 CMakeFiles/STM32C552_Project1.dir/main.c.obj
                                 0x44 (size before relaxing)
 .comment       0x00000043       0x44 CMakeFiles/STM32C552_Project1.dir/generated/hal/mx_cortex_debug.c.obj
 .comment       0x00000043       0x44 CMakeFiles/STM32C552_Project1.dir/generated/hal/mx_cortex_mpu.c.obj
 .comment       0x00000043       0x44 CMakeFiles/STM32C552_Project1.dir/generated/hal/mx_cortex_nvic.c.obj
 .comment       0x00000043       0x44 CMakeFiles/STM32C552_Project1.dir/generated/hal/mx_gpio_default.c.obj
 .comment       0x00000043       0x44 CMakeFiles/STM32C552_Project1.dir/generated/hal/mx_icache.c.obj
 .comment       0x00000043       0x44 CMakeFiles/STM32C552_Project1.dir/generated/hal/mx_rcc.c.obj
 .comment       0x00000043       0x44 CMakeFiles/STM32C552_Project1.dir/generated/hal/mx_system.c.obj
 .comment       0x00000043       0x44 CMakeFiles/STM32C552_Project1.dir/user_modifiable/Device/STM32C552CET6/system_stm32c5xx.c.obj
 .comment       0x00000043       0x44 CMakeFiles/STM32C552_Project1.dir/user_modifiable/Device/STM32C552CET6/startup_stm32c552xx.c.obj
 .comment       0x00000043       0x44 CMakeFiles/STM32C552_Project1.dir/stm32c5xx_drivers/hal/stm32c5xx_hal.c.obj
 .comment       0x00000043       0x44 CMakeFiles/STM32C552_Project1.dir/stm32c5xx_drivers/hal/stm32c5xx_hal_cortex.c.obj
 .comment       0x00000043       0x44 CMakeFiles/STM32C552_Project1.dir/stm32c5xx_drivers/hal/stm32c5xx_hal_flash_itf.c.obj
 .comment       0x00000043       0x44 CMakeFiles/STM32C552_Project1.dir/stm32c5xx_drivers/hal/stm32c5xx_hal_gpio.c.obj
 .comment       0x00000043       0x44 CMakeFiles/STM32C552_Project1.dir/stm32c5xx_drivers/hal/stm32c5xx_hal_icache.c.obj
 .comment       0x00000043       0x44 CMakeFiles/STM32C552_Project1.dir/stm32c5xx_drivers/hal/stm32c5xx_hal_rcc.c.obj
 .comment       0x00000043       0x44 CMakeFiles/STM32C552_Project1.dir/utilities/syscalls/syscalls.c.obj
