E:/STM32/STM32C552_Project2/STM32C552_Project2_cmake/stm32c5xx_drivers/ll/stm32c5xx_ll_bus.h:877:22:LL_AHB2_GRP1_EnableClock	48	static,ignoring_inline_asm
E:/STM32/STM32C552_Project2/STM32C552_Project2_cmake/stm32c5xx_drivers/hal/stm32c5xx_hal_rcc.h:1354:22:HAL_RCC_GPIOA_EnableClock	8	static
E:/STM32/STM32C552_Project2/STM32C552_Project2_cmake/stm32c5xx_drivers/hal/stm32c5xx_hal_rcc.h:1362:22:HAL_RCC_GPIOB_EnableClock	8	static
E:/STM32/STM32C552_Project2/STM32C552_Project2_cmake/generated/hal/mx_cortex_debug.c:32:17:mx_cortex_debug_init	16	static
E:/STM32/STM32C552_Project2/STM32C552_Project2_cmake/generated/hal/mx_cortex_debug.c:85:6:mx_cortex_debug_deinit	8	static
