D:/STM32C562/STM32C552_Project5_cmake/user_modifiable/Device/STM32C552CET6/startup_stm32c552xx.c:256:25:Reset_Handler	40	static,ignoring_inline_asm
D:/STM32C562/STM32C552_Project5_cmake/user_modifiable/Device/STM32C552CET6/startup_stm32c552xx.c:277:13:HardFault_Handler	4	static
D:/STM32C562/STM32C552_Project5_cmake/user_modifiable/Device/STM32C552CET6/startup_stm32c552xx.c:288:6:Default_IRQHandler	8	static
D:/STM32C562/STM32C552_Project5_cmake/user_modifiable/Device/STM32C552CET6/startup_stm32c552xx.c:299:13:Default_IRQHandler_Hook	4	static
